MPLINK 5.09, LINKER
Linker Map File - Created Thu Mar 11 12:21:57 2021

                                 Section Info
                  Section       Type    Address   Location Size(Bytes)
                ---------  ---------  ---------  ---------  ---------
                   .org_0       code   0x000000    program   0x000004
                   .cinit    romdata   0x000004    program   0x000002
                   .org_1       code   0x000008    program   0x000004
                   .org_2       code   0x000018    program   0x00012e
.config_300001_BUILD/DEFAULT/PRODUCTION/P2_FA_P    romdata   0x300001    program   0x000001
.config_300003_BUILD/DEFAULT/PRODUCTION/P2_FA_P    romdata   0x300003    program   0x000001
.config_300005_BUILD/DEFAULT/PRODUCTION/P2_FA_P    romdata   0x300005    program   0x000001
.config_300006_BUILD/DEFAULT/PRODUCTION/P2_FA_P    romdata   0x300006    program   0x000001



                              Program Memory Usage 
                               Start         End      
                           ---------   ---------      
                            0x000000    0x000005      
                            0x000008    0x00000b      
                            0x000018    0x000145      
                            0x300001    0x300001      
                            0x300003    0x300003      
                            0x300005    0x300006      
            316 out of 8472 program addresses used, program memory utilization is 3%



                              Symbols - Sorted by Name
                     Name    Address   Location    Storage File                     
                ---------  ---------  ---------  --------- ---------                
            CARREGA_TIMER   0x0000b8    program     static C:\Users\marc\Nextcloud2\SalleURL\SDM\LS-SDM-P2-SONO\SDM-P2-FaseA.X\P2_FA_pic_8b_general.asm
                ESPERA_TX   0x0000d4    program     static C:\Users\marc\Nextcloud2\SalleURL\SDM\LS-SDM-P2-SONO\SDM-P2-FaseA.X\P2_FA_pic_8b_general.asm
                 HIGH_RSI   0x0000ae    program     static C:\Users\marc\Nextcloud2\SalleURL\SDM\LS-SDM-P2-SONO\SDM-P2-FaseA.X\P2_FA_pic_8b_general.asm
              INIT_EUSART   0x000066    program     static C:\Users\marc\Nextcloud2\SalleURL\SDM\LS-SDM-P2-SONO\SDM-P2-FaseA.X\P2_FA_pic_8b_general.asm
             INIT_INTCONS   0x00007c    program     static C:\Users\marc\Nextcloud2\SalleURL\SDM\LS-SDM-P2-SONO\SDM-P2-FaseA.X\P2_FA_pic_8b_general.asm
               INIT_PORTS   0x00001a    program     static C:\Users\marc\Nextcloud2\SalleURL\SDM\LS-SDM-P2-SONO\SDM-P2-FaseA.X\P2_FA_pic_8b_general.asm
               INIT_TIMER   0x000086    program     static C:\Users\marc\Nextcloud2\SalleURL\SDM\LS-SDM-P2-SONO\SDM-P2-FaseA.X\P2_FA_pic_8b_general.asm
                INIT_VARS   0x00003c    program     static C:\Users\marc\Nextcloud2\SalleURL\SDM\LS-SDM-P2-SONO\SDM-P2-FaseA.X\P2_FA_pic_8b_general.asm
          INTERRUPT_TIMER   0x0000c2    program     static C:\Users\marc\Nextcloud2\SalleURL\SDM\LS-SDM-P2-SONO\SDM-P2-FaseA.X\P2_FA_pic_8b_general.asm
            LECTOR_EUSART   0x0000cc    program     static C:\Users\marc\Nextcloud2\SalleURL\SDM\LS-SDM-P2-SONO\SDM-P2-FaseA.X\P2_FA_pic_8b_general.asm
                     LOOP   0x0000a4    program     static C:\Users\marc\Nextcloud2\SalleURL\SDM\LS-SDM-P2-SONO\SDM-P2-FaseA.X\P2_FA_pic_8b_general.asm
                     MAIN   0x00008c    program     static C:\Users\marc\Nextcloud2\SalleURL\SDM\LS-SDM-P2-SONO\SDM-P2-FaseA.X\P2_FA_pic_8b_general.asm
                   MODE_D   0x00010e    program     static C:\Users\marc\Nextcloud2\SalleURL\SDM\LS-SDM-P2-SONO\SDM-P2-FaseA.X\P2_FA_pic_8b_general.asm
                   MODE_I   0x00011c    program     static C:\Users\marc\Nextcloud2\SalleURL\SDM\LS-SDM-P2-SONO\SDM-P2-FaseA.X\P2_FA_pic_8b_general.asm
                   MODE_M   0x00012a    program     static C:\Users\marc\Nextcloud2\SalleURL\SDM\LS-SDM-P2-SONO\SDM-P2-FaseA.X\P2_FA_pic_8b_general.asm
                   MODE_R   0x000138    program     static C:\Users\marc\Nextcloud2\SalleURL\SDM\LS-SDM-P2-SONO\SDM-P2-FaseA.X\P2_FA_pic_8b_general.asm
                   NEXT_D   0x0000e6    program     static C:\Users\marc\Nextcloud2\SalleURL\SDM\LS-SDM-P2-SONO\SDM-P2-FaseA.X\P2_FA_pic_8b_general.asm
                   NEXT_I   0x0000f2    program     static C:\Users\marc\Nextcloud2\SalleURL\SDM\LS-SDM-P2-SONO\SDM-P2-FaseA.X\P2_FA_pic_8b_general.asm
                   NEXT_M   0x0000fe    program     static C:\Users\marc\Nextcloud2\SalleURL\SDM\LS-SDM-P2-SONO\SDM-P2-FaseA.X\P2_FA_pic_8b_general.asm
                   NEXT_R   0x00010a    program     static C:\Users\marc\Nextcloud2\SalleURL\SDM\LS-SDM-P2-SONO\SDM-P2-FaseA.X\P2_FA_pic_8b_general.asm



                              Symbols - Sorted by Address
                     Name    Address   Location    Storage File                     
                ---------  ---------  ---------  --------- ---------                
               INIT_PORTS   0x00001a    program     static C:\Users\marc\Nextcloud2\SalleURL\SDM\LS-SDM-P2-SONO\SDM-P2-FaseA.X\P2_FA_pic_8b_general.asm
                INIT_VARS   0x00003c    program     static C:\Users\marc\Nextcloud2\SalleURL\SDM\LS-SDM-P2-SONO\SDM-P2-FaseA.X\P2_FA_pic_8b_general.asm
              INIT_EUSART   0x000066    program     static C:\Users\marc\Nextcloud2\SalleURL\SDM\LS-SDM-P2-SONO\SDM-P2-FaseA.X\P2_FA_pic_8b_general.asm
             INIT_INTCONS   0x00007c    program     static C:\Users\marc\Nextcloud2\SalleURL\SDM\LS-SDM-P2-SONO\SDM-P2-FaseA.X\P2_FA_pic_8b_general.asm
               INIT_TIMER   0x000086    program     static C:\Users\marc\Nextcloud2\SalleURL\SDM\LS-SDM-P2-SONO\SDM-P2-FaseA.X\P2_FA_pic_8b_general.asm
                     MAIN   0x00008c    program     static C:\Users\marc\Nextcloud2\SalleURL\SDM\LS-SDM-P2-SONO\SDM-P2-FaseA.X\P2_FA_pic_8b_general.asm
                     LOOP   0x0000a4    program     static C:\Users\marc\Nextcloud2\SalleURL\SDM\LS-SDM-P2-SONO\SDM-P2-FaseA.X\P2_FA_pic_8b_general.asm
                 HIGH_RSI   0x0000ae    program     static C:\Users\marc\Nextcloud2\SalleURL\SDM\LS-SDM-P2-SONO\SDM-P2-FaseA.X\P2_FA_pic_8b_general.asm
            CARREGA_TIMER   0x0000b8    program     static C:\Users\marc\Nextcloud2\SalleURL\SDM\LS-SDM-P2-SONO\SDM-P2-FaseA.X\P2_FA_pic_8b_general.asm
          INTERRUPT_TIMER   0x0000c2    program     static C:\Users\marc\Nextcloud2\SalleURL\SDM\LS-SDM-P2-SONO\SDM-P2-FaseA.X\P2_FA_pic_8b_general.asm
            LECTOR_EUSART   0x0000cc    program     static C:\Users\marc\Nextcloud2\SalleURL\SDM\LS-SDM-P2-SONO\SDM-P2-FaseA.X\P2_FA_pic_8b_general.asm
                ESPERA_TX   0x0000d4    program     static C:\Users\marc\Nextcloud2\SalleURL\SDM\LS-SDM-P2-SONO\SDM-P2-FaseA.X\P2_FA_pic_8b_general.asm
                   NEXT_D   0x0000e6    program     static C:\Users\marc\Nextcloud2\SalleURL\SDM\LS-SDM-P2-SONO\SDM-P2-FaseA.X\P2_FA_pic_8b_general.asm
                   NEXT_I   0x0000f2    program     static C:\Users\marc\Nextcloud2\SalleURL\SDM\LS-SDM-P2-SONO\SDM-P2-FaseA.X\P2_FA_pic_8b_general.asm
                   NEXT_M   0x0000fe    program     static C:\Users\marc\Nextcloud2\SalleURL\SDM\LS-SDM-P2-SONO\SDM-P2-FaseA.X\P2_FA_pic_8b_general.asm
                   NEXT_R   0x00010a    program     static C:\Users\marc\Nextcloud2\SalleURL\SDM\LS-SDM-P2-SONO\SDM-P2-FaseA.X\P2_FA_pic_8b_general.asm
                   MODE_D   0x00010e    program     static C:\Users\marc\Nextcloud2\SalleURL\SDM\LS-SDM-P2-SONO\SDM-P2-FaseA.X\P2_FA_pic_8b_general.asm
                   MODE_I   0x00011c    program     static C:\Users\marc\Nextcloud2\SalleURL\SDM\LS-SDM-P2-SONO\SDM-P2-FaseA.X\P2_FA_pic_8b_general.asm
                   MODE_M   0x00012a    program     static C:\Users\marc\Nextcloud2\SalleURL\SDM\LS-SDM-P2-SONO\SDM-P2-FaseA.X\P2_FA_pic_8b_general.asm
                   MODE_R   0x000138    program     static C:\Users\marc\Nextcloud2\SalleURL\SDM\LS-SDM-P2-SONO\SDM-P2-FaseA.X\P2_FA_pic_8b_general.asm


