MPLINK 5.09, LINKER
Linker Map File - Created Tue Mar 30 15:03:54 2021

                                 Section Info
                  Section       Type    Address   Location Size(Bytes)
                ---------  ---------  ---------  ---------  ---------
                   .org_0       code   0x000000    program   0x000004
                   .cinit    romdata   0x000004    program   0x000002
                   .org_1       code   0x000008    program   0x000004
                   .org_2       code   0x000018    program   0x0005f6
.config_300001_BUILD/DEFAULT/PRODUCTION/P2_FA_P    romdata   0x300001    program   0x000001
.config_300003_BUILD/DEFAULT/PRODUCTION/P2_FA_P    romdata   0x300003    program   0x000001
.config_300005_BUILD/DEFAULT/PRODUCTION/P2_FA_P    romdata   0x300005    program   0x000001
.config_300006_BUILD/DEFAULT/PRODUCTION/P2_FA_P    romdata   0x300006    program   0x000001



                              Program Memory Usage 
                               Start         End      
                           ---------   ---------      
                            0x000000    0x000005      
                            0x000008    0x00000b      
                            0x000018    0x00060d      
                            0x300001    0x300001      
                            0x300003    0x300003      
                            0x300005    0x300006      
            1540 out of 8472 program addresses used, program memory utilization is 18%



                              Symbols - Sorted by Name
                     Name    Address   Location    Storage File                     
                ---------  ---------  ---------  --------- ---------                
                 ACABAT_I   0x0003cc    program     static C:\Users\alber\OneDrive - La Salle\Compus\P2\LS-SDM-P2-SONO\SDM-P2-FaseA.X\P2_FA_pic_8b_general.asm
                ACTIVAR_A   0x00031e    program     static C:\Users\alber\OneDrive - La Salle\Compus\P2\LS-SDM-P2-SONO\SDM-P2-FaseA.X\P2_FA_pic_8b_general.asm
             ACTIVAR_AUTO   0x000318    program     static C:\Users\alber\OneDrive - La Salle\Compus\P2\LS-SDM-P2-SONO\SDM-P2-FaseA.X\P2_FA_pic_8b_general.asm
                ACTIVAR_U   0x0005e2    program     static C:\Users\alber\OneDrive - La Salle\Compus\P2\LS-SDM-P2-SONO\SDM-P2-FaseA.X\P2_FA_pic_8b_general.asm
               BN_2_ASCII   0x0001c8    program     static C:\Users\alber\OneDrive - La Salle\Compus\P2\LS-SDM-P2-SONO\SDM-P2-FaseA.X\P2_FA_pic_8b_general.asm
          BN_2_ASCII_LOOP   0x0001ce    program     static C:\Users\alber\OneDrive - La Salle\Compus\P2\LS-SDM-P2-SONO\SDM-P2-FaseA.X\P2_FA_pic_8b_general.asm
       BN_2_ASCII_LOOP_FI   0x0001f8    program     static C:\Users\alber\OneDrive - La Salle\Compus\P2\LS-SDM-P2-SONO\SDM-P2-FaseA.X\P2_FA_pic_8b_general.asm
               BUCLE2_D_1   0x000394    program     static C:\Users\alber\OneDrive - La Salle\Compus\P2\LS-SDM-P2-SONO\SDM-P2-FaseA.X\P2_FA_pic_8b_general.asm
            BUCLE2_PWM_05   0x0000fa    program     static C:\Users\alber\OneDrive - La Salle\Compus\P2\LS-SDM-P2-SONO\SDM-P2-FaseA.X\P2_FA_pic_8b_general.asm
                BUCLE_D_1   0x000392    program     static C:\Users\alber\OneDrive - La Salle\Compus\P2\LS-SDM-P2-SONO\SDM-P2-FaseA.X\P2_FA_pic_8b_general.asm
              BUCLE_JOY_H   0x000582    program     static C:\Users\alber\OneDrive - La Salle\Compus\P2\LS-SDM-P2-SONO\SDM-P2-FaseA.X\P2_FA_pic_8b_general.asm
              BUCLE_JOY_L   0x0005ac    program     static C:\Users\alber\OneDrive - La Salle\Compus\P2\LS-SDM-P2-SONO\SDM-P2-FaseA.X\P2_FA_pic_8b_general.asm
                BUCLE_NOM   0x00044c    program     static C:\Users\alber\OneDrive - La Salle\Compus\P2\LS-SDM-P2-SONO\SDM-P2-FaseA.X\P2_FA_pic_8b_general.asm
             BUCLE_PWM_05   0x0000f6    program     static C:\Users\alber\OneDrive - La Salle\Compus\P2\LS-SDM-P2-SONO\SDM-P2-FaseA.X\P2_FA_pic_8b_general.asm
           BUCLE_PWM_COPS   0x000112    program     static C:\Users\alber\OneDrive - La Salle\Compus\P2\LS-SDM-P2-SONO\SDM-P2-FaseA.X\P2_FA_pic_8b_general.asm
          BUCLE_PWM_GRAUS   0x000116    program     static C:\Users\alber\OneDrive - La Salle\Compus\P2\LS-SDM-P2-SONO\SDM-P2-FaseA.X\P2_FA_pic_8b_general.asm
               BUCLE_RAM1   0x00052e    program     static C:\Users\alber\OneDrive - La Salle\Compus\P2\LS-SDM-P2-SONO\SDM-P2-FaseA.X\P2_FA_pic_8b_general.asm
               BUCLE_RAM2   0x0004c2    program     static C:\Users\alber\OneDrive - La Salle\Compus\P2\LS-SDM-P2-SONO\SDM-P2-FaseA.X\P2_FA_pic_8b_general.asm
               BUCLE_RAM3   0x0004f0    program     static C:\Users\alber\OneDrive - La Salle\Compus\P2\LS-SDM-P2-SONO\SDM-P2-FaseA.X\P2_FA_pic_8b_general.asm
            CARREGA_TIMER   0x000130    program     static C:\Users\alber\OneDrive - La Salle\Compus\P2\LS-SDM-P2-SONO\SDM-P2-FaseA.X\P2_FA_pic_8b_general.asm
           CENTENES_ASCII   0x0001f4    program     static C:\Users\alber\OneDrive - La Salle\Compus\P2\LS-SDM-P2-SONO\SDM-P2-FaseA.X\P2_FA_pic_8b_general.asm
               COMPTAR_58   0x000194    program     static C:\Users\alber\OneDrive - La Salle\Compus\P2\LS-SDM-P2-SONO\SDM-P2-FaseA.X\P2_FA_pic_8b_general.asm
             CONTINUA_NOM   0x00046c    program     static C:\Users\alber\OneDrive - La Salle\Compus\P2\LS-SDM-P2-SONO\SDM-P2-FaseA.X\P2_FA_pic_8b_general.asm
           CONTROL_REBOTS   0x000390    program     static C:\Users\alber\OneDrive - La Salle\Compus\P2\LS-SDM-P2-SONO\SDM-P2-FaseA.X\P2_FA_pic_8b_general.asm
                   CP_LOW   0x00058e    program     static C:\Users\alber\OneDrive - La Salle\Compus\P2\LS-SDM-P2-SONO\SDM-P2-FaseA.X\P2_FA_pic_8b_general.asm
          DESACTIVAR_AUTO   0x000312    program     static C:\Users\alber\OneDrive - La Salle\Compus\P2\LS-SDM-P2-SONO\SDM-P2-FaseA.X\P2_FA_pic_8b_general.asm
            DESENES_ASCII   0x0001e4    program     static C:\Users\alber\OneDrive - La Salle\Compus\P2\LS-SDM-P2-SONO\SDM-P2-FaseA.X\P2_FA_pic_8b_general.asm
              EEPROM_READ   0x00013a    program     static C:\Users\alber\OneDrive - La Salle\Compus\P2\LS-SDM-P2-SONO\SDM-P2-FaseA.X\P2_FA_pic_8b_general.asm
             EEPROM_WRITE   0x00014a    program     static C:\Users\alber\OneDrive - La Salle\Compus\P2\LS-SDM-P2-SONO\SDM-P2-FaseA.X\P2_FA_pic_8b_general.asm
                  END_PWM   0x000126    program     static C:\Users\alber\OneDrive - La Salle\Compus\P2\LS-SDM-P2-SONO\SDM-P2-FaseA.X\P2_FA_pic_8b_general.asm
              ESPERA_BTN1   0x000354    program     static C:\Users\alber\OneDrive - La Salle\Compus\P2\LS-SDM-P2-SONO\SDM-P2-FaseA.X\P2_FA_pic_8b_general.asm
              ESPERA_BTN2   0x000380    program     static C:\Users\alber\OneDrive - La Salle\Compus\P2\LS-SDM-P2-SONO\SDM-P2-FaseA.X\P2_FA_pic_8b_general.asm
         ESPERA_CONVERSIO   0x00022c    program     static C:\Users\alber\OneDrive - La Salle\Compus\P2\LS-SDM-P2-SONO\SDM-P2-FaseA.X\P2_FA_pic_8b_general.asm
              ESPERA_ECHO   0x000188    program     static C:\Users\alber\OneDrive - La Salle\Compus\P2\LS-SDM-P2-SONO\SDM-P2-FaseA.X\P2_FA_pic_8b_general.asm
   ESPERA_EEPROM_ESCRIURE   0x00016a    program     static C:\Users\alber\OneDrive - La Salle\Compus\P2\LS-SDM-P2-SONO\SDM-P2-FaseA.X\P2_FA_pic_8b_general.asm
                ESPERA_TX   0x00024a    program     static C:\Users\alber\OneDrive - La Salle\Compus\P2\LS-SDM-P2-SONO\SDM-P2-FaseA.X\P2_FA_pic_8b_general.asm
                 FI_ASCII   0x000202    program     static C:\Users\alber\OneDrive - La Salle\Compus\P2\LS-SDM-P2-SONO\SDM-P2-FaseA.X\P2_FA_pic_8b_general.asm
                     FI_D   0x000386    program     static C:\Users\alber\OneDrive - La Salle\Compus\P2\LS-SDM-P2-SONO\SDM-P2-FaseA.X\P2_FA_pic_8b_general.asm
                     FI_S   0x0005b8    program     static C:\Users\alber\OneDrive - La Salle\Compus\P2\LS-SDM-P2-SONO\SDM-P2-FaseA.X\P2_FA_pic_8b_general.asm
                     GUIO   0x000550    program     static C:\Users\alber\OneDrive - La Salle\Compus\P2\LS-SDM-P2-SONO\SDM-P2-FaseA.X\P2_FA_pic_8b_general.asm
                 HIGH_RSI   0x0000ea    program     static C:\Users\alber\OneDrive - La Salle\Compus\P2\LS-SDM-P2-SONO\SDM-P2-FaseA.X\P2_FA_pic_8b_general.asm
                INCR_10us   0x000178    program     static C:\Users\alber\OneDrive - La Salle\Compus\P2\LS-SDM-P2-SONO\SDM-P2-FaseA.X\P2_FA_pic_8b_general.asm
               INICI_ECHO   0x000190    program     static C:\Users\alber\OneDrive - La Salle\Compus\P2\LS-SDM-P2-SONO\SDM-P2-FaseA.X\P2_FA_pic_8b_general.asm
               INIT_ADCON   0x0000a0    program     static C:\Users\alber\OneDrive - La Salle\Compus\P2\LS-SDM-P2-SONO\SDM-P2-FaseA.X\P2_FA_pic_8b_general.asm
              INIT_EEPROM   0x00009a    program     static C:\Users\alber\OneDrive - La Salle\Compus\P2\LS-SDM-P2-SONO\SDM-P2-FaseA.X\P2_FA_pic_8b_general.asm
              INIT_EUSART   0x000074    program     static C:\Users\alber\OneDrive - La Salle\Compus\P2\LS-SDM-P2-SONO\SDM-P2-FaseA.X\P2_FA_pic_8b_general.asm
             INIT_INTCONS   0x00008a    program     static C:\Users\alber\OneDrive - La Salle\Compus\P2\LS-SDM-P2-SONO\SDM-P2-FaseA.X\P2_FA_pic_8b_general.asm
               INIT_PORTS   0x00001a    program     static C:\Users\alber\OneDrive - La Salle\Compus\P2\LS-SDM-P2-SONO\SDM-P2-FaseA.X\P2_FA_pic_8b_general.asm
               INIT_TIMER   0x000094    program     static C:\Users\alber\OneDrive - La Salle\Compus\P2\LS-SDM-P2-SONO\SDM-P2-FaseA.X\P2_FA_pic_8b_general.asm
                INIT_VARS   0x000036    program     static C:\Users\alber\OneDrive - La Salle\Compus\P2\LS-SDM-P2-SONO\SDM-P2-FaseA.X\P2_FA_pic_8b_general.asm
            LECTOR_EUSART   0x000278    program     static C:\Users\alber\OneDrive - La Salle\Compus\P2\LS-SDM-P2-SONO\SDM-P2-FaseA.X\P2_FA_pic_8b_general.asm
                 LLEGIR_I   0x0003aa    program     static C:\Users\alber\OneDrive - La Salle\Compus\P2\LS-SDM-P2-SONO\SDM-P2-FaseA.X\P2_FA_pic_8b_general.asm
               LLEGIR_JOY   0x00022a    program     static C:\Users\alber\OneDrive - La Salle\Compus\P2\LS-SDM-P2-SONO\SDM-P2-FaseA.X\P2_FA_pic_8b_general.asm
                LLEGIR_RX   0x000252    program     static C:\Users\alber\OneDrive - La Salle\Compus\P2\LS-SDM-P2-SONO\SDM-P2-FaseA.X\P2_FA_pic_8b_general.asm
                     LOOP   0x0000cc    program     static C:\Users\alber\OneDrive - La Salle\Compus\P2\LS-SDM-P2-SONO\SDM-P2-FaseA.X\P2_FA_pic_8b_general.asm
                     MAIN   0x0000ac    program     static C:\Users\alber\OneDrive - La Salle\Compus\P2\LS-SDM-P2-SONO\SDM-P2-FaseA.X\P2_FA_pic_8b_general.asm
                    MEDIR   0x000172    program     static C:\Users\alber\OneDrive - La Salle\Compus\P2\LS-SDM-P2-SONO\SDM-P2-FaseA.X\P2_FA_pic_8b_general.asm
                   MODE_A   0x0002f8    program     static C:\Users\alber\OneDrive - La Salle\Compus\P2\LS-SDM-P2-SONO\SDM-P2-FaseA.X\P2_FA_pic_8b_general.asm
                MODE_BOTO   0x0005f0    program     static C:\Users\alber\OneDrive - La Salle\Compus\P2\LS-SDM-P2-SONO\SDM-P2-FaseA.X\P2_FA_pic_8b_general.asm
                   MODE_D   0x00032a    program     static C:\Users\alber\OneDrive - La Salle\Compus\P2\LS-SDM-P2-SONO\SDM-P2-FaseA.X\P2_FA_pic_8b_general.asm
                   MODE_I   0x0003a2    program     static C:\Users\alber\OneDrive - La Salle\Compus\P2\LS-SDM-P2-SONO\SDM-P2-FaseA.X\P2_FA_pic_8b_general.asm
                   MODE_M   0x0003dc    program     static C:\Users\alber\OneDrive - La Salle\Compus\P2\LS-SDM-P2-SONO\SDM-P2-FaseA.X\P2_FA_pic_8b_general.asm
                   MODE_N   0x00060a    program     static C:\Users\alber\OneDrive - La Salle\Compus\P2\LS-SDM-P2-SONO\SDM-P2-FaseA.X\P2_FA_pic_8b_general.asm
                   MODE_R   0x00041c    program     static C:\Users\alber\OneDrive - La Salle\Compus\P2\LS-SDM-P2-SONO\SDM-P2-FaseA.X\P2_FA_pic_8b_general.asm
                   MODE_S   0x000560    program     static C:\Users\alber\OneDrive - La Salle\Compus\P2\LS-SDM-P2-SONO\SDM-P2-FaseA.X\P2_FA_pic_8b_general.asm
                   MODE_T   0x0005c2    program     static C:\Users\alber\OneDrive - La Salle\Compus\P2\LS-SDM-P2-SONO\SDM-P2-FaseA.X\P2_FA_pic_8b_general.asm
                   MODE_U   0x0005ca    program     static C:\Users\alber\OneDrive - La Salle\Compus\P2\LS-SDM-P2-SONO\SDM-P2-FaseA.X\P2_FA_pic_8b_general.asm
           MOSTRAR_MESURA   0x0003ee    program     static C:\Users\alber\OneDrive - La Salle\Compus\P2\LS-SDM-P2-SONO\SDM-P2-FaseA.X\P2_FA_pic_8b_general.asm
              MOSTRA_GUIO   0x000514    program     static C:\Users\alber\OneDrive - La Salle\Compus\P2\LS-SDM-P2-SONO\SDM-P2-FaseA.X\P2_FA_pic_8b_general.asm
             MOSTRA_GUIO2   0x000406    program     static C:\Users\alber\OneDrive - La Salle\Compus\P2\LS-SDM-P2-SONO\SDM-P2-FaseA.X\P2_FA_pic_8b_general.asm
           MOSTRA_MESURES   0x000472    program     static C:\Users\alber\OneDrive - La Salle\Compus\P2\LS-SDM-P2-SONO\SDM-P2-FaseA.X\P2_FA_pic_8b_general.asm
                  M_FINAL   0x000412    program     static C:\Users\alber\OneDrive - La Salle\Compus\P2\LS-SDM-P2-SONO\SDM-P2-FaseA.X\P2_FA_pic_8b_general.asm
                   NEXT_A   0x000294    program     static C:\Users\alber\OneDrive - La Salle\Compus\P2\LS-SDM-P2-SONO\SDM-P2-FaseA.X\P2_FA_pic_8b_general.asm
                 NEXT_BTN   0x00035a    program     static C:\Users\alber\OneDrive - La Salle\Compus\P2\LS-SDM-P2-SONO\SDM-P2-FaseA.X\P2_FA_pic_8b_general.asm
                   NEXT_D   0x0002a0    program     static C:\Users\alber\OneDrive - La Salle\Compus\P2\LS-SDM-P2-SONO\SDM-P2-FaseA.X\P2_FA_pic_8b_general.asm
                   NEXT_I   0x0002ac    program     static C:\Users\alber\OneDrive - La Salle\Compus\P2\LS-SDM-P2-SONO\SDM-P2-FaseA.X\P2_FA_pic_8b_general.asm
                NEXT_LOOP   0x0000e0    program     static C:\Users\alber\OneDrive - La Salle\Compus\P2\LS-SDM-P2-SONO\SDM-P2-FaseA.X\P2_FA_pic_8b_general.asm
                   NEXT_M   0x0002b8    program     static C:\Users\alber\OneDrive - La Salle\Compus\P2\LS-SDM-P2-SONO\SDM-P2-FaseA.X\P2_FA_pic_8b_general.asm
                   NEXT_N   0x0002f4    program     static C:\Users\alber\OneDrive - La Salle\Compus\P2\LS-SDM-P2-SONO\SDM-P2-FaseA.X\P2_FA_pic_8b_general.asm
                   NEXT_R   0x0002c4    program     static C:\Users\alber\OneDrive - La Salle\Compus\P2\LS-SDM-P2-SONO\SDM-P2-FaseA.X\P2_FA_pic_8b_general.asm
                   NEXT_S   0x0002d0    program     static C:\Users\alber\OneDrive - La Salle\Compus\P2\LS-SDM-P2-SONO\SDM-P2-FaseA.X\P2_FA_pic_8b_general.asm
                   NEXT_T   0x0002dc    program     static C:\Users\alber\OneDrive - La Salle\Compus\P2\LS-SDM-P2-SONO\SDM-P2-FaseA.X\P2_FA_pic_8b_general.asm
                   NEXT_U   0x0002e8    program     static C:\Users\alber\OneDrive - La Salle\Compus\P2\LS-SDM-P2-SONO\SDM-P2-FaseA.X\P2_FA_pic_8b_general.asm
                 NO_ENTER   0x0003c2    program     static C:\Users\alber\OneDrive - La Salle\Compus\P2\LS-SDM-P2-SONO\SDM-P2-FaseA.X\P2_FA_pic_8b_general.asm
            TX_BN_2_ASCII   0x000210    program     static C:\Users\alber\OneDrive - La Salle\Compus\P2\LS-SDM-P2-SONO\SDM-P2-FaseA.X\P2_FA_pic_8b_general.asm
                    TX_CM   0x000234    program     static C:\Users\alber\OneDrive - La Salle\Compus\P2\LS-SDM-P2-SONO\SDM-P2-FaseA.X\P2_FA_pic_8b_general.asm
                 TX_ENTER   0x000266    program     static C:\Users\alber\OneDrive - La Salle\Compus\P2\LS-SDM-P2-SONO\SDM-P2-FaseA.X\P2_FA_pic_8b_general.asm



                              Symbols - Sorted by Address
                     Name    Address   Location    Storage File                     
                ---------  ---------  ---------  --------- ---------                
               INIT_PORTS   0x00001a    program     static C:\Users\alber\OneDrive - La Salle\Compus\P2\LS-SDM-P2-SONO\SDM-P2-FaseA.X\P2_FA_pic_8b_general.asm
                INIT_VARS   0x000036    program     static C:\Users\alber\OneDrive - La Salle\Compus\P2\LS-SDM-P2-SONO\SDM-P2-FaseA.X\P2_FA_pic_8b_general.asm
              INIT_EUSART   0x000074    program     static C:\Users\alber\OneDrive - La Salle\Compus\P2\LS-SDM-P2-SONO\SDM-P2-FaseA.X\P2_FA_pic_8b_general.asm
             INIT_INTCONS   0x00008a    program     static C:\Users\alber\OneDrive - La Salle\Compus\P2\LS-SDM-P2-SONO\SDM-P2-FaseA.X\P2_FA_pic_8b_general.asm
               INIT_TIMER   0x000094    program     static C:\Users\alber\OneDrive - La Salle\Compus\P2\LS-SDM-P2-SONO\SDM-P2-FaseA.X\P2_FA_pic_8b_general.asm
              INIT_EEPROM   0x00009a    program     static C:\Users\alber\OneDrive - La Salle\Compus\P2\LS-SDM-P2-SONO\SDM-P2-FaseA.X\P2_FA_pic_8b_general.asm
               INIT_ADCON   0x0000a0    program     static C:\Users\alber\OneDrive - La Salle\Compus\P2\LS-SDM-P2-SONO\SDM-P2-FaseA.X\P2_FA_pic_8b_general.asm
                     MAIN   0x0000ac    program     static C:\Users\alber\OneDrive - La Salle\Compus\P2\LS-SDM-P2-SONO\SDM-P2-FaseA.X\P2_FA_pic_8b_general.asm
                     LOOP   0x0000cc    program     static C:\Users\alber\OneDrive - La Salle\Compus\P2\LS-SDM-P2-SONO\SDM-P2-FaseA.X\P2_FA_pic_8b_general.asm
                NEXT_LOOP   0x0000e0    program     static C:\Users\alber\OneDrive - La Salle\Compus\P2\LS-SDM-P2-SONO\SDM-P2-FaseA.X\P2_FA_pic_8b_general.asm
                 HIGH_RSI   0x0000ea    program     static C:\Users\alber\OneDrive - La Salle\Compus\P2\LS-SDM-P2-SONO\SDM-P2-FaseA.X\P2_FA_pic_8b_general.asm
             BUCLE_PWM_05   0x0000f6    program     static C:\Users\alber\OneDrive - La Salle\Compus\P2\LS-SDM-P2-SONO\SDM-P2-FaseA.X\P2_FA_pic_8b_general.asm
            BUCLE2_PWM_05   0x0000fa    program     static C:\Users\alber\OneDrive - La Salle\Compus\P2\LS-SDM-P2-SONO\SDM-P2-FaseA.X\P2_FA_pic_8b_general.asm
           BUCLE_PWM_COPS   0x000112    program     static C:\Users\alber\OneDrive - La Salle\Compus\P2\LS-SDM-P2-SONO\SDM-P2-FaseA.X\P2_FA_pic_8b_general.asm
          BUCLE_PWM_GRAUS   0x000116    program     static C:\Users\alber\OneDrive - La Salle\Compus\P2\LS-SDM-P2-SONO\SDM-P2-FaseA.X\P2_FA_pic_8b_general.asm
                  END_PWM   0x000126    program     static C:\Users\alber\OneDrive - La Salle\Compus\P2\LS-SDM-P2-SONO\SDM-P2-FaseA.X\P2_FA_pic_8b_general.asm
            CARREGA_TIMER   0x000130    program     static C:\Users\alber\OneDrive - La Salle\Compus\P2\LS-SDM-P2-SONO\SDM-P2-FaseA.X\P2_FA_pic_8b_general.asm
              EEPROM_READ   0x00013a    program     static C:\Users\alber\OneDrive - La Salle\Compus\P2\LS-SDM-P2-SONO\SDM-P2-FaseA.X\P2_FA_pic_8b_general.asm
             EEPROM_WRITE   0x00014a    program     static C:\Users\alber\OneDrive - La Salle\Compus\P2\LS-SDM-P2-SONO\SDM-P2-FaseA.X\P2_FA_pic_8b_general.asm
   ESPERA_EEPROM_ESCRIURE   0x00016a    program     static C:\Users\alber\OneDrive - La Salle\Compus\P2\LS-SDM-P2-SONO\SDM-P2-FaseA.X\P2_FA_pic_8b_general.asm
                    MEDIR   0x000172    program     static C:\Users\alber\OneDrive - La Salle\Compus\P2\LS-SDM-P2-SONO\SDM-P2-FaseA.X\P2_FA_pic_8b_general.asm
                INCR_10us   0x000178    program     static C:\Users\alber\OneDrive - La Salle\Compus\P2\LS-SDM-P2-SONO\SDM-P2-FaseA.X\P2_FA_pic_8b_general.asm
              ESPERA_ECHO   0x000188    program     static C:\Users\alber\OneDrive - La Salle\Compus\P2\LS-SDM-P2-SONO\SDM-P2-FaseA.X\P2_FA_pic_8b_general.asm
               INICI_ECHO   0x000190    program     static C:\Users\alber\OneDrive - La Salle\Compus\P2\LS-SDM-P2-SONO\SDM-P2-FaseA.X\P2_FA_pic_8b_general.asm
               COMPTAR_58   0x000194    program     static C:\Users\alber\OneDrive - La Salle\Compus\P2\LS-SDM-P2-SONO\SDM-P2-FaseA.X\P2_FA_pic_8b_general.asm
               BN_2_ASCII   0x0001c8    program     static C:\Users\alber\OneDrive - La Salle\Compus\P2\LS-SDM-P2-SONO\SDM-P2-FaseA.X\P2_FA_pic_8b_general.asm
          BN_2_ASCII_LOOP   0x0001ce    program     static C:\Users\alber\OneDrive - La Salle\Compus\P2\LS-SDM-P2-SONO\SDM-P2-FaseA.X\P2_FA_pic_8b_general.asm
            DESENES_ASCII   0x0001e4    program     static C:\Users\alber\OneDrive - La Salle\Compus\P2\LS-SDM-P2-SONO\SDM-P2-FaseA.X\P2_FA_pic_8b_general.asm
           CENTENES_ASCII   0x0001f4    program     static C:\Users\alber\OneDrive - La Salle\Compus\P2\LS-SDM-P2-SONO\SDM-P2-FaseA.X\P2_FA_pic_8b_general.asm
       BN_2_ASCII_LOOP_FI   0x0001f8    program     static C:\Users\alber\OneDrive - La Salle\Compus\P2\LS-SDM-P2-SONO\SDM-P2-FaseA.X\P2_FA_pic_8b_general.asm
                 FI_ASCII   0x000202    program     static C:\Users\alber\OneDrive - La Salle\Compus\P2\LS-SDM-P2-SONO\SDM-P2-FaseA.X\P2_FA_pic_8b_general.asm
            TX_BN_2_ASCII   0x000210    program     static C:\Users\alber\OneDrive - La Salle\Compus\P2\LS-SDM-P2-SONO\SDM-P2-FaseA.X\P2_FA_pic_8b_general.asm
               LLEGIR_JOY   0x00022a    program     static C:\Users\alber\OneDrive - La Salle\Compus\P2\LS-SDM-P2-SONO\SDM-P2-FaseA.X\P2_FA_pic_8b_general.asm
         ESPERA_CONVERSIO   0x00022c    program     static C:\Users\alber\OneDrive - La Salle\Compus\P2\LS-SDM-P2-SONO\SDM-P2-FaseA.X\P2_FA_pic_8b_general.asm
                    TX_CM   0x000234    program     static C:\Users\alber\OneDrive - La Salle\Compus\P2\LS-SDM-P2-SONO\SDM-P2-FaseA.X\P2_FA_pic_8b_general.asm
                ESPERA_TX   0x00024a    program     static C:\Users\alber\OneDrive - La Salle\Compus\P2\LS-SDM-P2-SONO\SDM-P2-FaseA.X\P2_FA_pic_8b_general.asm
                LLEGIR_RX   0x000252    program     static C:\Users\alber\OneDrive - La Salle\Compus\P2\LS-SDM-P2-SONO\SDM-P2-FaseA.X\P2_FA_pic_8b_general.asm
                 TX_ENTER   0x000266    program     static C:\Users\alber\OneDrive - La Salle\Compus\P2\LS-SDM-P2-SONO\SDM-P2-FaseA.X\P2_FA_pic_8b_general.asm
            LECTOR_EUSART   0x000278    program     static C:\Users\alber\OneDrive - La Salle\Compus\P2\LS-SDM-P2-SONO\SDM-P2-FaseA.X\P2_FA_pic_8b_general.asm
                   NEXT_A   0x000294    program     static C:\Users\alber\OneDrive - La Salle\Compus\P2\LS-SDM-P2-SONO\SDM-P2-FaseA.X\P2_FA_pic_8b_general.asm
                   NEXT_D   0x0002a0    program     static C:\Users\alber\OneDrive - La Salle\Compus\P2\LS-SDM-P2-SONO\SDM-P2-FaseA.X\P2_FA_pic_8b_general.asm
                   NEXT_I   0x0002ac    program     static C:\Users\alber\OneDrive - La Salle\Compus\P2\LS-SDM-P2-SONO\SDM-P2-FaseA.X\P2_FA_pic_8b_general.asm
                   NEXT_M   0x0002b8    program     static C:\Users\alber\OneDrive - La Salle\Compus\P2\LS-SDM-P2-SONO\SDM-P2-FaseA.X\P2_FA_pic_8b_general.asm
                   NEXT_R   0x0002c4    program     static C:\Users\alber\OneDrive - La Salle\Compus\P2\LS-SDM-P2-SONO\SDM-P2-FaseA.X\P2_FA_pic_8b_general.asm
                   NEXT_S   0x0002d0    program     static C:\Users\alber\OneDrive - La Salle\Compus\P2\LS-SDM-P2-SONO\SDM-P2-FaseA.X\P2_FA_pic_8b_general.asm
                   NEXT_T   0x0002dc    program     static C:\Users\alber\OneDrive - La Salle\Compus\P2\LS-SDM-P2-SONO\SDM-P2-FaseA.X\P2_FA_pic_8b_general.asm
                   NEXT_U   0x0002e8    program     static C:\Users\alber\OneDrive - La Salle\Compus\P2\LS-SDM-P2-SONO\SDM-P2-FaseA.X\P2_FA_pic_8b_general.asm
                   NEXT_N   0x0002f4    program     static C:\Users\alber\OneDrive - La Salle\Compus\P2\LS-SDM-P2-SONO\SDM-P2-FaseA.X\P2_FA_pic_8b_general.asm
                   MODE_A   0x0002f8    program     static C:\Users\alber\OneDrive - La Salle\Compus\P2\LS-SDM-P2-SONO\SDM-P2-FaseA.X\P2_FA_pic_8b_general.asm
          DESACTIVAR_AUTO   0x000312    program     static C:\Users\alber\OneDrive - La Salle\Compus\P2\LS-SDM-P2-SONO\SDM-P2-FaseA.X\P2_FA_pic_8b_general.asm
             ACTIVAR_AUTO   0x000318    program     static C:\Users\alber\OneDrive - La Salle\Compus\P2\LS-SDM-P2-SONO\SDM-P2-FaseA.X\P2_FA_pic_8b_general.asm
                ACTIVAR_A   0x00031e    program     static C:\Users\alber\OneDrive - La Salle\Compus\P2\LS-SDM-P2-SONO\SDM-P2-FaseA.X\P2_FA_pic_8b_general.asm
                   MODE_D   0x00032a    program     static C:\Users\alber\OneDrive - La Salle\Compus\P2\LS-SDM-P2-SONO\SDM-P2-FaseA.X\P2_FA_pic_8b_general.asm
              ESPERA_BTN1   0x000354    program     static C:\Users\alber\OneDrive - La Salle\Compus\P2\LS-SDM-P2-SONO\SDM-P2-FaseA.X\P2_FA_pic_8b_general.asm
                 NEXT_BTN   0x00035a    program     static C:\Users\alber\OneDrive - La Salle\Compus\P2\LS-SDM-P2-SONO\SDM-P2-FaseA.X\P2_FA_pic_8b_general.asm
              ESPERA_BTN2   0x000380    program     static C:\Users\alber\OneDrive - La Salle\Compus\P2\LS-SDM-P2-SONO\SDM-P2-FaseA.X\P2_FA_pic_8b_general.asm
                     FI_D   0x000386    program     static C:\Users\alber\OneDrive - La Salle\Compus\P2\LS-SDM-P2-SONO\SDM-P2-FaseA.X\P2_FA_pic_8b_general.asm
           CONTROL_REBOTS   0x000390    program     static C:\Users\alber\OneDrive - La Salle\Compus\P2\LS-SDM-P2-SONO\SDM-P2-FaseA.X\P2_FA_pic_8b_general.asm
                BUCLE_D_1   0x000392    program     static C:\Users\alber\OneDrive - La Salle\Compus\P2\LS-SDM-P2-SONO\SDM-P2-FaseA.X\P2_FA_pic_8b_general.asm
               BUCLE2_D_1   0x000394    program     static C:\Users\alber\OneDrive - La Salle\Compus\P2\LS-SDM-P2-SONO\SDM-P2-FaseA.X\P2_FA_pic_8b_general.asm
                   MODE_I   0x0003a2    program     static C:\Users\alber\OneDrive - La Salle\Compus\P2\LS-SDM-P2-SONO\SDM-P2-FaseA.X\P2_FA_pic_8b_general.asm
                 LLEGIR_I   0x0003aa    program     static C:\Users\alber\OneDrive - La Salle\Compus\P2\LS-SDM-P2-SONO\SDM-P2-FaseA.X\P2_FA_pic_8b_general.asm
                 NO_ENTER   0x0003c2    program     static C:\Users\alber\OneDrive - La Salle\Compus\P2\LS-SDM-P2-SONO\SDM-P2-FaseA.X\P2_FA_pic_8b_general.asm
                 ACABAT_I   0x0003cc    program     static C:\Users\alber\OneDrive - La Salle\Compus\P2\LS-SDM-P2-SONO\SDM-P2-FaseA.X\P2_FA_pic_8b_general.asm
                   MODE_M   0x0003dc    program     static C:\Users\alber\OneDrive - La Salle\Compus\P2\LS-SDM-P2-SONO\SDM-P2-FaseA.X\P2_FA_pic_8b_general.asm
           MOSTRAR_MESURA   0x0003ee    program     static C:\Users\alber\OneDrive - La Salle\Compus\P2\LS-SDM-P2-SONO\SDM-P2-FaseA.X\P2_FA_pic_8b_general.asm
             MOSTRA_GUIO2   0x000406    program     static C:\Users\alber\OneDrive - La Salle\Compus\P2\LS-SDM-P2-SONO\SDM-P2-FaseA.X\P2_FA_pic_8b_general.asm
                  M_FINAL   0x000412    program     static C:\Users\alber\OneDrive - La Salle\Compus\P2\LS-SDM-P2-SONO\SDM-P2-FaseA.X\P2_FA_pic_8b_general.asm
                   MODE_R   0x00041c    program     static C:\Users\alber\OneDrive - La Salle\Compus\P2\LS-SDM-P2-SONO\SDM-P2-FaseA.X\P2_FA_pic_8b_general.asm
                BUCLE_NOM   0x00044c    program     static C:\Users\alber\OneDrive - La Salle\Compus\P2\LS-SDM-P2-SONO\SDM-P2-FaseA.X\P2_FA_pic_8b_general.asm
             CONTINUA_NOM   0x00046c    program     static C:\Users\alber\OneDrive - La Salle\Compus\P2\LS-SDM-P2-SONO\SDM-P2-FaseA.X\P2_FA_pic_8b_general.asm
           MOSTRA_MESURES   0x000472    program     static C:\Users\alber\OneDrive - La Salle\Compus\P2\LS-SDM-P2-SONO\SDM-P2-FaseA.X\P2_FA_pic_8b_general.asm
               BUCLE_RAM2   0x0004c2    program     static C:\Users\alber\OneDrive - La Salle\Compus\P2\LS-SDM-P2-SONO\SDM-P2-FaseA.X\P2_FA_pic_8b_general.asm
               BUCLE_RAM3   0x0004f0    program     static C:\Users\alber\OneDrive - La Salle\Compus\P2\LS-SDM-P2-SONO\SDM-P2-FaseA.X\P2_FA_pic_8b_general.asm
              MOSTRA_GUIO   0x000514    program     static C:\Users\alber\OneDrive - La Salle\Compus\P2\LS-SDM-P2-SONO\SDM-P2-FaseA.X\P2_FA_pic_8b_general.asm
               BUCLE_RAM1   0x00052e    program     static C:\Users\alber\OneDrive - La Salle\Compus\P2\LS-SDM-P2-SONO\SDM-P2-FaseA.X\P2_FA_pic_8b_general.asm
                     GUIO   0x000550    program     static C:\Users\alber\OneDrive - La Salle\Compus\P2\LS-SDM-P2-SONO\SDM-P2-FaseA.X\P2_FA_pic_8b_general.asm
                   MODE_S   0x000560    program     static C:\Users\alber\OneDrive - La Salle\Compus\P2\LS-SDM-P2-SONO\SDM-P2-FaseA.X\P2_FA_pic_8b_general.asm
              BUCLE_JOY_H   0x000582    program     static C:\Users\alber\OneDrive - La Salle\Compus\P2\LS-SDM-P2-SONO\SDM-P2-FaseA.X\P2_FA_pic_8b_general.asm
                   CP_LOW   0x00058e    program     static C:\Users\alber\OneDrive - La Salle\Compus\P2\LS-SDM-P2-SONO\SDM-P2-FaseA.X\P2_FA_pic_8b_general.asm
              BUCLE_JOY_L   0x0005ac    program     static C:\Users\alber\OneDrive - La Salle\Compus\P2\LS-SDM-P2-SONO\SDM-P2-FaseA.X\P2_FA_pic_8b_general.asm
                     FI_S   0x0005b8    program     static C:\Users\alber\OneDrive - La Salle\Compus\P2\LS-SDM-P2-SONO\SDM-P2-FaseA.X\P2_FA_pic_8b_general.asm
                   MODE_T   0x0005c2    program     static C:\Users\alber\OneDrive - La Salle\Compus\P2\LS-SDM-P2-SONO\SDM-P2-FaseA.X\P2_FA_pic_8b_general.asm
                   MODE_U   0x0005ca    program     static C:\Users\alber\OneDrive - La Salle\Compus\P2\LS-SDM-P2-SONO\SDM-P2-FaseA.X\P2_FA_pic_8b_general.asm
                ACTIVAR_U   0x0005e2    program     static C:\Users\alber\OneDrive - La Salle\Compus\P2\LS-SDM-P2-SONO\SDM-P2-FaseA.X\P2_FA_pic_8b_general.asm
                MODE_BOTO   0x0005f0    program     static C:\Users\alber\OneDrive - La Salle\Compus\P2\LS-SDM-P2-SONO\SDM-P2-FaseA.X\P2_FA_pic_8b_general.asm
                   MODE_N   0x00060a    program     static C:\Users\alber\OneDrive - La Salle\Compus\P2\LS-SDM-P2-SONO\SDM-P2-FaseA.X\P2_FA_pic_8b_general.asm


