MPLINK 5.09, LINKER
Linker Map File - Created Thu Mar 25 16:13:58 2021

                                 Section Info
                  Section       Type    Address   Location Size(Bytes)
                ---------  ---------  ---------  ---------  ---------
                   .org_0       code   0x000000    program   0x000004
                   .cinit    romdata   0x000004    program   0x000002
                   .org_1       code   0x000008    program   0x000004
                   .org_2       code   0x000018    program   0x000312
.config_300001_BUILD/DEFAULT/PRODUCTION/P2_FA_P    romdata   0x300001    program   0x000001
.config_300003_BUILD/DEFAULT/PRODUCTION/P2_FA_P    romdata   0x300003    program   0x000001
.config_300005_BUILD/DEFAULT/PRODUCTION/P2_FA_P    romdata   0x300005    program   0x000001
.config_300006_BUILD/DEFAULT/PRODUCTION/P2_FA_P    romdata   0x300006    program   0x000001



                              Program Memory Usage 
                               Start         End      
                           ---------   ---------      
                            0x000000    0x000005      
                            0x000008    0x00000b      
                            0x000018    0x000329      
                            0x300001    0x300001      
                            0x300003    0x300003      
                            0x300005    0x300006      
            800 out of 8472 program addresses used, program memory utilization is 9%



                              Symbols - Sorted by Name
                     Name    Address   Location    Storage File                     
                ---------  ---------  ---------  --------- ---------                
                 ACABAT_I   0x000256    program     static /home/mvalsells/LS-SDM-P2-SONO/SDM-P2-FaseA.X/P2_FA_pic_8b_general.asm
                BUCLE_NOM   0x0002a4    program     static /home/mvalsells/LS-SDM-P2-SONO/SDM-P2-FaseA.X/P2_FA_pic_8b_general.asm
            CARREGA_TIMER   0x0000d8    program     static /home/mvalsells/LS-SDM-P2-SONO/SDM-P2-FaseA.X/P2_FA_pic_8b_general.asm
               COMPTAR_58   0x00013a    program     static /home/mvalsells/LS-SDM-P2-SONO/SDM-P2-FaseA.X/P2_FA_pic_8b_general.asm
             CONTINUA_NOM   0x0002c4    program     static /home/mvalsells/LS-SDM-P2-SONO/SDM-P2-FaseA.X/P2_FA_pic_8b_general.asm
              EEPROM_READ   0x0000e2    program     static /home/mvalsells/LS-SDM-P2-SONO/SDM-P2-FaseA.X/P2_FA_pic_8b_general.asm
             EEPROM_WRITE   0x0000f2    program     static /home/mvalsells/LS-SDM-P2-SONO/SDM-P2-FaseA.X/P2_FA_pic_8b_general.asm
         ESPERA_CONVERSIO   0x000152    program     static /home/mvalsells/LS-SDM-P2-SONO/SDM-P2-FaseA.X/P2_FA_pic_8b_general.asm
              ESPERA_ECHO   0x00012e    program     static /home/mvalsells/LS-SDM-P2-SONO/SDM-P2-FaseA.X/P2_FA_pic_8b_general.asm
   ESPERA_EEPROM_ESCRIURE   0x000112    program     static /home/mvalsells/LS-SDM-P2-SONO/SDM-P2-FaseA.X/P2_FA_pic_8b_general.asm
                ESPERA_TX   0x000162    program     static /home/mvalsells/LS-SDM-P2-SONO/SDM-P2-FaseA.X/P2_FA_pic_8b_general.asm
                 HIGH_RSI   0x0000ce    program     static /home/mvalsells/LS-SDM-P2-SONO/SDM-P2-FaseA.X/P2_FA_pic_8b_general.asm
                INCR_10us   0x00011e    program     static /home/mvalsells/LS-SDM-P2-SONO/SDM-P2-FaseA.X/P2_FA_pic_8b_general.asm
               INICI_ECHO   0x000136    program     static /home/mvalsells/LS-SDM-P2-SONO/SDM-P2-FaseA.X/P2_FA_pic_8b_general.asm
               INIT_ADCON   0x00009c    program     static /home/mvalsells/LS-SDM-P2-SONO/SDM-P2-FaseA.X/P2_FA_pic_8b_general.asm
              INIT_EEPROM   0x000096    program     static /home/mvalsells/LS-SDM-P2-SONO/SDM-P2-FaseA.X/P2_FA_pic_8b_general.asm
              INIT_EUSART   0x000070    program     static /home/mvalsells/LS-SDM-P2-SONO/SDM-P2-FaseA.X/P2_FA_pic_8b_general.asm
             INIT_INTCONS   0x000086    program     static /home/mvalsells/LS-SDM-P2-SONO/SDM-P2-FaseA.X/P2_FA_pic_8b_general.asm
               INIT_PORTS   0x00001a    program     static /home/mvalsells/LS-SDM-P2-SONO/SDM-P2-FaseA.X/P2_FA_pic_8b_general.asm
               INIT_TIMER   0x000090    program     static /home/mvalsells/LS-SDM-P2-SONO/SDM-P2-FaseA.X/P2_FA_pic_8b_general.asm
                INIT_VARS   0x000042    program     static /home/mvalsells/LS-SDM-P2-SONO/SDM-P2-FaseA.X/P2_FA_pic_8b_general.asm
            LECTOR_EUSART   0x000190    program     static /home/mvalsells/LS-SDM-P2-SONO/SDM-P2-FaseA.X/P2_FA_pic_8b_general.asm
                 LLEGIR_I   0x000234    program     static /home/mvalsells/LS-SDM-P2-SONO/SDM-P2-FaseA.X/P2_FA_pic_8b_general.asm
               LLEGIR_JOY   0x000150    program     static /home/mvalsells/LS-SDM-P2-SONO/SDM-P2-FaseA.X/P2_FA_pic_8b_general.asm
                LLEGIR_RX   0x00016a    program     static /home/mvalsells/LS-SDM-P2-SONO/SDM-P2-FaseA.X/P2_FA_pic_8b_general.asm
                     LOOP   0x0000c4    program     static /home/mvalsells/LS-SDM-P2-SONO/SDM-P2-FaseA.X/P2_FA_pic_8b_general.asm
                     MAIN   0x0000a8    program     static /home/mvalsells/LS-SDM-P2-SONO/SDM-P2-FaseA.X/P2_FA_pic_8b_general.asm
                    MEDIR   0x000118    program     static /home/mvalsells/LS-SDM-P2-SONO/SDM-P2-FaseA.X/P2_FA_pic_8b_general.asm
                   MODE_A   0x00020e    program     static /home/mvalsells/LS-SDM-P2-SONO/SDM-P2-FaseA.X/P2_FA_pic_8b_general.asm
                   MODE_D   0x000216    program     static /home/mvalsells/LS-SDM-P2-SONO/SDM-P2-FaseA.X/P2_FA_pic_8b_general.asm
                   MODE_I   0x00022c    program     static /home/mvalsells/LS-SDM-P2-SONO/SDM-P2-FaseA.X/P2_FA_pic_8b_general.asm
                   MODE_M   0x000266    program     static /home/mvalsells/LS-SDM-P2-SONO/SDM-P2-FaseA.X/P2_FA_pic_8b_general.asm
                   MODE_R   0x000274    program     static /home/mvalsells/LS-SDM-P2-SONO/SDM-P2-FaseA.X/P2_FA_pic_8b_general.asm
                   MODE_S   0x00030e    program     static /home/mvalsells/LS-SDM-P2-SONO/SDM-P2-FaseA.X/P2_FA_pic_8b_general.asm
                   MODE_T   0x00031a    program     static /home/mvalsells/LS-SDM-P2-SONO/SDM-P2-FaseA.X/P2_FA_pic_8b_general.asm
                   MODE_U   0x000322    program     static /home/mvalsells/LS-SDM-P2-SONO/SDM-P2-FaseA.X/P2_FA_pic_8b_general.asm
           MOSTRA_MESURES   0x0002ca    program     static /home/mvalsells/LS-SDM-P2-SONO/SDM-P2-FaseA.X/P2_FA_pic_8b_general.asm
                 MirarRB1   0x000224    program     static /home/mvalsells/LS-SDM-P2-SONO/SDM-P2-FaseA.X/P2_FA_pic_8b_general.asm
                   NEXT_A   0x0001b2    program     static /home/mvalsells/LS-SDM-P2-SONO/SDM-P2-FaseA.X/P2_FA_pic_8b_general.asm
                   NEXT_D   0x0001be    program     static /home/mvalsells/LS-SDM-P2-SONO/SDM-P2-FaseA.X/P2_FA_pic_8b_general.asm
                   NEXT_I   0x0001ca    program     static /home/mvalsells/LS-SDM-P2-SONO/SDM-P2-FaseA.X/P2_FA_pic_8b_general.asm
                   NEXT_M   0x0001d6    program     static /home/mvalsells/LS-SDM-P2-SONO/SDM-P2-FaseA.X/P2_FA_pic_8b_general.asm
                   NEXT_R   0x0001e2    program     static /home/mvalsells/LS-SDM-P2-SONO/SDM-P2-FaseA.X/P2_FA_pic_8b_general.asm
                   NEXT_S   0x0001ee    program     static /home/mvalsells/LS-SDM-P2-SONO/SDM-P2-FaseA.X/P2_FA_pic_8b_general.asm
                   NEXT_T   0x0001fa    program     static /home/mvalsells/LS-SDM-P2-SONO/SDM-P2-FaseA.X/P2_FA_pic_8b_general.asm
                   NEXT_U   0x000206    program     static /home/mvalsells/LS-SDM-P2-SONO/SDM-P2-FaseA.X/P2_FA_pic_8b_general.asm
                 NO_ENTER   0x00024c    program     static /home/mvalsells/LS-SDM-P2-SONO/SDM-P2-FaseA.X/P2_FA_pic_8b_general.asm
                 TX_ENTER   0x00017e    program     static /home/mvalsells/LS-SDM-P2-SONO/SDM-P2-FaseA.X/P2_FA_pic_8b_general.asm



                              Symbols - Sorted by Address
                     Name    Address   Location    Storage File                     
                ---------  ---------  ---------  --------- ---------                
               INIT_PORTS   0x00001a    program     static /home/mvalsells/LS-SDM-P2-SONO/SDM-P2-FaseA.X/P2_FA_pic_8b_general.asm
                INIT_VARS   0x000042    program     static /home/mvalsells/LS-SDM-P2-SONO/SDM-P2-FaseA.X/P2_FA_pic_8b_general.asm
              INIT_EUSART   0x000070    program     static /home/mvalsells/LS-SDM-P2-SONO/SDM-P2-FaseA.X/P2_FA_pic_8b_general.asm
             INIT_INTCONS   0x000086    program     static /home/mvalsells/LS-SDM-P2-SONO/SDM-P2-FaseA.X/P2_FA_pic_8b_general.asm
               INIT_TIMER   0x000090    program     static /home/mvalsells/LS-SDM-P2-SONO/SDM-P2-FaseA.X/P2_FA_pic_8b_general.asm
              INIT_EEPROM   0x000096    program     static /home/mvalsells/LS-SDM-P2-SONO/SDM-P2-FaseA.X/P2_FA_pic_8b_general.asm
               INIT_ADCON   0x00009c    program     static /home/mvalsells/LS-SDM-P2-SONO/SDM-P2-FaseA.X/P2_FA_pic_8b_general.asm
                     MAIN   0x0000a8    program     static /home/mvalsells/LS-SDM-P2-SONO/SDM-P2-FaseA.X/P2_FA_pic_8b_general.asm
                     LOOP   0x0000c4    program     static /home/mvalsells/LS-SDM-P2-SONO/SDM-P2-FaseA.X/P2_FA_pic_8b_general.asm
                 HIGH_RSI   0x0000ce    program     static /home/mvalsells/LS-SDM-P2-SONO/SDM-P2-FaseA.X/P2_FA_pic_8b_general.asm
            CARREGA_TIMER   0x0000d8    program     static /home/mvalsells/LS-SDM-P2-SONO/SDM-P2-FaseA.X/P2_FA_pic_8b_general.asm
              EEPROM_READ   0x0000e2    program     static /home/mvalsells/LS-SDM-P2-SONO/SDM-P2-FaseA.X/P2_FA_pic_8b_general.asm
             EEPROM_WRITE   0x0000f2    program     static /home/mvalsells/LS-SDM-P2-SONO/SDM-P2-FaseA.X/P2_FA_pic_8b_general.asm
   ESPERA_EEPROM_ESCRIURE   0x000112    program     static /home/mvalsells/LS-SDM-P2-SONO/SDM-P2-FaseA.X/P2_FA_pic_8b_general.asm
                    MEDIR   0x000118    program     static /home/mvalsells/LS-SDM-P2-SONO/SDM-P2-FaseA.X/P2_FA_pic_8b_general.asm
                INCR_10us   0x00011e    program     static /home/mvalsells/LS-SDM-P2-SONO/SDM-P2-FaseA.X/P2_FA_pic_8b_general.asm
              ESPERA_ECHO   0x00012e    program     static /home/mvalsells/LS-SDM-P2-SONO/SDM-P2-FaseA.X/P2_FA_pic_8b_general.asm
               INICI_ECHO   0x000136    program     static /home/mvalsells/LS-SDM-P2-SONO/SDM-P2-FaseA.X/P2_FA_pic_8b_general.asm
               COMPTAR_58   0x00013a    program     static /home/mvalsells/LS-SDM-P2-SONO/SDM-P2-FaseA.X/P2_FA_pic_8b_general.asm
               LLEGIR_JOY   0x000150    program     static /home/mvalsells/LS-SDM-P2-SONO/SDM-P2-FaseA.X/P2_FA_pic_8b_general.asm
         ESPERA_CONVERSIO   0x000152    program     static /home/mvalsells/LS-SDM-P2-SONO/SDM-P2-FaseA.X/P2_FA_pic_8b_general.asm
                ESPERA_TX   0x000162    program     static /home/mvalsells/LS-SDM-P2-SONO/SDM-P2-FaseA.X/P2_FA_pic_8b_general.asm
                LLEGIR_RX   0x00016a    program     static /home/mvalsells/LS-SDM-P2-SONO/SDM-P2-FaseA.X/P2_FA_pic_8b_general.asm
                 TX_ENTER   0x00017e    program     static /home/mvalsells/LS-SDM-P2-SONO/SDM-P2-FaseA.X/P2_FA_pic_8b_general.asm
            LECTOR_EUSART   0x000190    program     static /home/mvalsells/LS-SDM-P2-SONO/SDM-P2-FaseA.X/P2_FA_pic_8b_general.asm
                   NEXT_A   0x0001b2    program     static /home/mvalsells/LS-SDM-P2-SONO/SDM-P2-FaseA.X/P2_FA_pic_8b_general.asm
                   NEXT_D   0x0001be    program     static /home/mvalsells/LS-SDM-P2-SONO/SDM-P2-FaseA.X/P2_FA_pic_8b_general.asm
                   NEXT_I   0x0001ca    program     static /home/mvalsells/LS-SDM-P2-SONO/SDM-P2-FaseA.X/P2_FA_pic_8b_general.asm
                   NEXT_M   0x0001d6    program     static /home/mvalsells/LS-SDM-P2-SONO/SDM-P2-FaseA.X/P2_FA_pic_8b_general.asm
                   NEXT_R   0x0001e2    program     static /home/mvalsells/LS-SDM-P2-SONO/SDM-P2-FaseA.X/P2_FA_pic_8b_general.asm
                   NEXT_S   0x0001ee    program     static /home/mvalsells/LS-SDM-P2-SONO/SDM-P2-FaseA.X/P2_FA_pic_8b_general.asm
                   NEXT_T   0x0001fa    program     static /home/mvalsells/LS-SDM-P2-SONO/SDM-P2-FaseA.X/P2_FA_pic_8b_general.asm
                   NEXT_U   0x000206    program     static /home/mvalsells/LS-SDM-P2-SONO/SDM-P2-FaseA.X/P2_FA_pic_8b_general.asm
                   MODE_A   0x00020e    program     static /home/mvalsells/LS-SDM-P2-SONO/SDM-P2-FaseA.X/P2_FA_pic_8b_general.asm
                   MODE_D   0x000216    program     static /home/mvalsells/LS-SDM-P2-SONO/SDM-P2-FaseA.X/P2_FA_pic_8b_general.asm
                 MirarRB1   0x000224    program     static /home/mvalsells/LS-SDM-P2-SONO/SDM-P2-FaseA.X/P2_FA_pic_8b_general.asm
                   MODE_I   0x00022c    program     static /home/mvalsells/LS-SDM-P2-SONO/SDM-P2-FaseA.X/P2_FA_pic_8b_general.asm
                 LLEGIR_I   0x000234    program     static /home/mvalsells/LS-SDM-P2-SONO/SDM-P2-FaseA.X/P2_FA_pic_8b_general.asm
                 NO_ENTER   0x00024c    program     static /home/mvalsells/LS-SDM-P2-SONO/SDM-P2-FaseA.X/P2_FA_pic_8b_general.asm
                 ACABAT_I   0x000256    program     static /home/mvalsells/LS-SDM-P2-SONO/SDM-P2-FaseA.X/P2_FA_pic_8b_general.asm
                   MODE_M   0x000266    program     static /home/mvalsells/LS-SDM-P2-SONO/SDM-P2-FaseA.X/P2_FA_pic_8b_general.asm
                   MODE_R   0x000274    program     static /home/mvalsells/LS-SDM-P2-SONO/SDM-P2-FaseA.X/P2_FA_pic_8b_general.asm
                BUCLE_NOM   0x0002a4    program     static /home/mvalsells/LS-SDM-P2-SONO/SDM-P2-FaseA.X/P2_FA_pic_8b_general.asm
             CONTINUA_NOM   0x0002c4    program     static /home/mvalsells/LS-SDM-P2-SONO/SDM-P2-FaseA.X/P2_FA_pic_8b_general.asm
           MOSTRA_MESURES   0x0002ca    program     static /home/mvalsells/LS-SDM-P2-SONO/SDM-P2-FaseA.X/P2_FA_pic_8b_general.asm
                   MODE_S   0x00030e    program     static /home/mvalsells/LS-SDM-P2-SONO/SDM-P2-FaseA.X/P2_FA_pic_8b_general.asm
                   MODE_T   0x00031a    program     static /home/mvalsells/LS-SDM-P2-SONO/SDM-P2-FaseA.X/P2_FA_pic_8b_general.asm
                   MODE_U   0x000322    program     static /home/mvalsells/LS-SDM-P2-SONO/SDM-P2-FaseA.X/P2_FA_pic_8b_general.asm


