MPLINK 5.09, LINKER
Linker Map File - Created Wed Mar 10 16:52:41 2021

                                 Section Info
                  Section       Type    Address   Location Size(Bytes)
                ---------  ---------  ---------  ---------  ---------
                   .org_0       code   0x000000    program   0x000004
                   .cinit    romdata   0x000004    program   0x000002
                   .org_1       code   0x000008    program   0x000002
                   .org_2       code   0x000018    program   0x000012
.config_300001_BUILD/DEFAULT/PRODUCTION/EUSART-    romdata   0x300001    program   0x000001
.config_300003_BUILD/DEFAULT/PRODUCTION/EUSART-    romdata   0x300003    program   0x000001
.config_300005_BUILD/DEFAULT/PRODUCTION/EUSART-    romdata   0x300005    program   0x000001
.config_300006_BUILD/DEFAULT/PRODUCTION/EUSART-    romdata   0x300006    program   0x000001



                              Program Memory Usage 
                               Start         End      
                           ---------   ---------      
                            0x000000    0x000005      
                            0x000008    0x000009      
                            0x000018    0x000029      
                            0x300001    0x300001      
                            0x300003    0x300003      
                            0x300005    0x300006      
            30 out of 8472 program addresses used, program memory utilization is 0%



                              Symbols - Sorted by Name
                     Name    Address   Location    Storage File                     
                ---------  ---------  ---------  --------- ---------                
                     LOOP   0x000020    program     static C:\Users\marc\Nextcloud2\SalleURL\SDM\LS-SDM-P2-SONO\SDM-P2-FaseA.X\eusart-test.asm
                     MAIN   0x00001a    program     static C:\Users\marc\Nextcloud2\SalleURL\SDM\LS-SDM-P2-SONO\SDM-P2-FaseA.X\eusart-test.asm



                              Symbols - Sorted by Address
                     Name    Address   Location    Storage File                     
                ---------  ---------  ---------  --------- ---------                
                     MAIN   0x00001a    program     static C:\Users\marc\Nextcloud2\SalleURL\SDM\LS-SDM-P2-SONO\SDM-P2-FaseA.X\eusart-test.asm
                     LOOP   0x000020    program     static C:\Users\marc\Nextcloud2\SalleURL\SDM\LS-SDM-P2-SONO\SDM-P2-FaseA.X\eusart-test.asm


