MPLINK 5.09, LINKER
Linker Map File - Created Thu Mar 11 20:11:32 2021

                                 Section Info
                  Section       Type    Address   Location Size(Bytes)
                ---------  ---------  ---------  ---------  ---------
                   .org_0       code   0x000000    program   0x000004
                   .cinit    romdata   0x000004    program   0x000002
                   .org_1       code   0x000008    program   0x000004
                   .org_2       code   0x000018    program   0x000204
.config_300001_BUILD/DEFAULT/PRODUCTION/P2_FA_P    romdata   0x300001    program   0x000001
.config_300003_BUILD/DEFAULT/PRODUCTION/P2_FA_P    romdata   0x300003    program   0x000001
.config_300005_BUILD/DEFAULT/PRODUCTION/P2_FA_P    romdata   0x300005    program   0x000001
.config_300006_BUILD/DEFAULT/PRODUCTION/P2_FA_P    romdata   0x300006    program   0x000001



                              Program Memory Usage 
                               Start         End      
                           ---------   ---------      
                            0x000000    0x000005      
                            0x000008    0x00000b      
                            0x000018    0x00021b      
                            0x300001    0x300001      
                            0x300003    0x300003      
                            0x300005    0x300006      
            530 out of 8472 program addresses used, program memory utilization is 6%



                              Symbols - Sorted by Name
                     Name    Address   Location    Storage File                     
                ---------  ---------  ---------  --------- ---------                
                 ACABAT_I   0x0001c4    program     static C:\Users\alber\OneDrive - La Salle\Compus\P2\LS-SDM-P2-SONO\SDM-P2-FaseA.X\P2_FA_pic_8b_general.asm
                BUCLE_NOM   0x0001de    program     static C:\Users\alber\OneDrive - La Salle\Compus\P2\LS-SDM-P2-SONO\SDM-P2-FaseA.X\P2_FA_pic_8b_general.asm
            CARREGA_TIMER   0x0000e6    program     static C:\Users\alber\OneDrive - La Salle\Compus\P2\LS-SDM-P2-SONO\SDM-P2-FaseA.X\P2_FA_pic_8b_general.asm
             CONTINUA_NOM   0x000202    program     static C:\Users\alber\OneDrive - La Salle\Compus\P2\LS-SDM-P2-SONO\SDM-P2-FaseA.X\P2_FA_pic_8b_general.asm
   ESPERA_EEPROM_ESCRIURE   0x00017a    program     static C:\Users\alber\OneDrive - La Salle\Compus\P2\LS-SDM-P2-SONO\SDM-P2-FaseA.X\P2_FA_pic_8b_general.asm
  ESPERA_EEPROM_ESCRIURE2   0x0001ba    program     static C:\Users\alber\OneDrive - La Salle\Compus\P2\LS-SDM-P2-SONO\SDM-P2-FaseA.X\P2_FA_pic_8b_general.asm
ESPERA_EEPROM_ESCRIURE_INIT   0x0000aa    program     static C:\Users\alber\OneDrive - La Salle\Compus\P2\LS-SDM-P2-SONO\SDM-P2-FaseA.X\P2_FA_pic_8b_general.asm
                ESPERA_TX   0x0000f8    program     static C:\Users\alber\OneDrive - La Salle\Compus\P2\LS-SDM-P2-SONO\SDM-P2-FaseA.X\P2_FA_pic_8b_general.asm
               ESPERA_TX2   0x000194    program     static C:\Users\alber\OneDrive - La Salle\Compus\P2\LS-SDM-P2-SONO\SDM-P2-FaseA.X\P2_FA_pic_8b_general.asm
               ESPERA_TX3   0x0001f0    program     static C:\Users\alber\OneDrive - La Salle\Compus\P2\LS-SDM-P2-SONO\SDM-P2-FaseA.X\P2_FA_pic_8b_general.asm
                 HIGH_RSI   0x0000dc    program     static C:\Users\alber\OneDrive - La Salle\Compus\P2\LS-SDM-P2-SONO\SDM-P2-FaseA.X\P2_FA_pic_8b_general.asm
              INIT_EEPROM   0x000090    program     static C:\Users\alber\OneDrive - La Salle\Compus\P2\LS-SDM-P2-SONO\SDM-P2-FaseA.X\P2_FA_pic_8b_general.asm
              INIT_EUSART   0x00006a    program     static C:\Users\alber\OneDrive - La Salle\Compus\P2\LS-SDM-P2-SONO\SDM-P2-FaseA.X\P2_FA_pic_8b_general.asm
             INIT_INTCONS   0x000080    program     static C:\Users\alber\OneDrive - La Salle\Compus\P2\LS-SDM-P2-SONO\SDM-P2-FaseA.X\P2_FA_pic_8b_general.asm
               INIT_PORTS   0x00001a    program     static C:\Users\alber\OneDrive - La Salle\Compus\P2\LS-SDM-P2-SONO\SDM-P2-FaseA.X\P2_FA_pic_8b_general.asm
               INIT_TIMER   0x00008a    program     static C:\Users\alber\OneDrive - La Salle\Compus\P2\LS-SDM-P2-SONO\SDM-P2-FaseA.X\P2_FA_pic_8b_general.asm
                INIT_VARS   0x00003c    program     static C:\Users\alber\OneDrive - La Salle\Compus\P2\LS-SDM-P2-SONO\SDM-P2-FaseA.X\P2_FA_pic_8b_general.asm
            LECTOR_EUSART   0x0000f0    program     static C:\Users\alber\OneDrive - La Salle\Compus\P2\LS-SDM-P2-SONO\SDM-P2-FaseA.X\P2_FA_pic_8b_general.asm
                 LLEGIR_I   0x00015a    program     static C:\Users\alber\OneDrive - La Salle\Compus\P2\LS-SDM-P2-SONO\SDM-P2-FaseA.X\P2_FA_pic_8b_general.asm
                     LOOP   0x0000d2    program     static C:\Users\alber\OneDrive - La Salle\Compus\P2\LS-SDM-P2-SONO\SDM-P2-FaseA.X\P2_FA_pic_8b_general.asm
                     MAIN   0x0000b6    program     static C:\Users\alber\OneDrive - La Salle\Compus\P2\LS-SDM-P2-SONO\SDM-P2-FaseA.X\P2_FA_pic_8b_general.asm
                   MODE_D   0x00014a    program     static C:\Users\alber\OneDrive - La Salle\Compus\P2\LS-SDM-P2-SONO\SDM-P2-FaseA.X\P2_FA_pic_8b_general.asm
                   MODE_I   0x000152    program     static C:\Users\alber\OneDrive - La Salle\Compus\P2\LS-SDM-P2-SONO\SDM-P2-FaseA.X\P2_FA_pic_8b_general.asm
                   MODE_M   0x0001c8    program     static C:\Users\alber\OneDrive - La Salle\Compus\P2\LS-SDM-P2-SONO\SDM-P2-FaseA.X\P2_FA_pic_8b_general.asm
                   MODE_R   0x0001d6    program     static C:\Users\alber\OneDrive - La Salle\Compus\P2\LS-SDM-P2-SONO\SDM-P2-FaseA.X\P2_FA_pic_8b_general.asm
                   MODE_S   0x00020c    program     static C:\Users\alber\OneDrive - La Salle\Compus\P2\LS-SDM-P2-SONO\SDM-P2-FaseA.X\P2_FA_pic_8b_general.asm
                   MODE_T   0x000214    program     static C:\Users\alber\OneDrive - La Salle\Compus\P2\LS-SDM-P2-SONO\SDM-P2-FaseA.X\P2_FA_pic_8b_general.asm
           MOSTRA_MESURES   0x000208    program     static C:\Users\alber\OneDrive - La Salle\Compus\P2\LS-SDM-P2-SONO\SDM-P2-FaseA.X\P2_FA_pic_8b_general.asm
                   NEXT_D   0x00010a    program     static C:\Users\alber\OneDrive - La Salle\Compus\P2\LS-SDM-P2-SONO\SDM-P2-FaseA.X\P2_FA_pic_8b_general.asm
                   NEXT_I   0x000116    program     static C:\Users\alber\OneDrive - La Salle\Compus\P2\LS-SDM-P2-SONO\SDM-P2-FaseA.X\P2_FA_pic_8b_general.asm
                   NEXT_M   0x000122    program     static C:\Users\alber\OneDrive - La Salle\Compus\P2\LS-SDM-P2-SONO\SDM-P2-FaseA.X\P2_FA_pic_8b_general.asm
                   NEXT_R   0x00012e    program     static C:\Users\alber\OneDrive - La Salle\Compus\P2\LS-SDM-P2-SONO\SDM-P2-FaseA.X\P2_FA_pic_8b_general.asm
                   NEXT_S   0x00013a    program     static C:\Users\alber\OneDrive - La Salle\Compus\P2\LS-SDM-P2-SONO\SDM-P2-FaseA.X\P2_FA_pic_8b_general.asm
                   NEXT_T   0x000146    program     static C:\Users\alber\OneDrive - La Salle\Compus\P2\LS-SDM-P2-SONO\SDM-P2-FaseA.X\P2_FA_pic_8b_general.asm
                 NO_ENTER   0x000190    program     static C:\Users\alber\OneDrive - La Salle\Compus\P2\LS-SDM-P2-SONO\SDM-P2-FaseA.X\P2_FA_pic_8b_general.asm



                              Symbols - Sorted by Address
                     Name    Address   Location    Storage File                     
                ---------  ---------  ---------  --------- ---------                
               INIT_PORTS   0x00001a    program     static C:\Users\alber\OneDrive - La Salle\Compus\P2\LS-SDM-P2-SONO\SDM-P2-FaseA.X\P2_FA_pic_8b_general.asm
                INIT_VARS   0x00003c    program     static C:\Users\alber\OneDrive - La Salle\Compus\P2\LS-SDM-P2-SONO\SDM-P2-FaseA.X\P2_FA_pic_8b_general.asm
              INIT_EUSART   0x00006a    program     static C:\Users\alber\OneDrive - La Salle\Compus\P2\LS-SDM-P2-SONO\SDM-P2-FaseA.X\P2_FA_pic_8b_general.asm
             INIT_INTCONS   0x000080    program     static C:\Users\alber\OneDrive - La Salle\Compus\P2\LS-SDM-P2-SONO\SDM-P2-FaseA.X\P2_FA_pic_8b_general.asm
               INIT_TIMER   0x00008a    program     static C:\Users\alber\OneDrive - La Salle\Compus\P2\LS-SDM-P2-SONO\SDM-P2-FaseA.X\P2_FA_pic_8b_general.asm
              INIT_EEPROM   0x000090    program     static C:\Users\alber\OneDrive - La Salle\Compus\P2\LS-SDM-P2-SONO\SDM-P2-FaseA.X\P2_FA_pic_8b_general.asm
ESPERA_EEPROM_ESCRIURE_INIT   0x0000aa    program     static C:\Users\alber\OneDrive - La Salle\Compus\P2\LS-SDM-P2-SONO\SDM-P2-FaseA.X\P2_FA_pic_8b_general.asm
                     MAIN   0x0000b6    program     static C:\Users\alber\OneDrive - La Salle\Compus\P2\LS-SDM-P2-SONO\SDM-P2-FaseA.X\P2_FA_pic_8b_general.asm
                     LOOP   0x0000d2    program     static C:\Users\alber\OneDrive - La Salle\Compus\P2\LS-SDM-P2-SONO\SDM-P2-FaseA.X\P2_FA_pic_8b_general.asm
                 HIGH_RSI   0x0000dc    program     static C:\Users\alber\OneDrive - La Salle\Compus\P2\LS-SDM-P2-SONO\SDM-P2-FaseA.X\P2_FA_pic_8b_general.asm
            CARREGA_TIMER   0x0000e6    program     static C:\Users\alber\OneDrive - La Salle\Compus\P2\LS-SDM-P2-SONO\SDM-P2-FaseA.X\P2_FA_pic_8b_general.asm
            LECTOR_EUSART   0x0000f0    program     static C:\Users\alber\OneDrive - La Salle\Compus\P2\LS-SDM-P2-SONO\SDM-P2-FaseA.X\P2_FA_pic_8b_general.asm
                ESPERA_TX   0x0000f8    program     static C:\Users\alber\OneDrive - La Salle\Compus\P2\LS-SDM-P2-SONO\SDM-P2-FaseA.X\P2_FA_pic_8b_general.asm
                   NEXT_D   0x00010a    program     static C:\Users\alber\OneDrive - La Salle\Compus\P2\LS-SDM-P2-SONO\SDM-P2-FaseA.X\P2_FA_pic_8b_general.asm
                   NEXT_I   0x000116    program     static C:\Users\alber\OneDrive - La Salle\Compus\P2\LS-SDM-P2-SONO\SDM-P2-FaseA.X\P2_FA_pic_8b_general.asm
                   NEXT_M   0x000122    program     static C:\Users\alber\OneDrive - La Salle\Compus\P2\LS-SDM-P2-SONO\SDM-P2-FaseA.X\P2_FA_pic_8b_general.asm
                   NEXT_R   0x00012e    program     static C:\Users\alber\OneDrive - La Salle\Compus\P2\LS-SDM-P2-SONO\SDM-P2-FaseA.X\P2_FA_pic_8b_general.asm
                   NEXT_S   0x00013a    program     static C:\Users\alber\OneDrive - La Salle\Compus\P2\LS-SDM-P2-SONO\SDM-P2-FaseA.X\P2_FA_pic_8b_general.asm
                   NEXT_T   0x000146    program     static C:\Users\alber\OneDrive - La Salle\Compus\P2\LS-SDM-P2-SONO\SDM-P2-FaseA.X\P2_FA_pic_8b_general.asm
                   MODE_D   0x00014a    program     static C:\Users\alber\OneDrive - La Salle\Compus\P2\LS-SDM-P2-SONO\SDM-P2-FaseA.X\P2_FA_pic_8b_general.asm
                   MODE_I   0x000152    program     static C:\Users\alber\OneDrive - La Salle\Compus\P2\LS-SDM-P2-SONO\SDM-P2-FaseA.X\P2_FA_pic_8b_general.asm
                 LLEGIR_I   0x00015a    program     static C:\Users\alber\OneDrive - La Salle\Compus\P2\LS-SDM-P2-SONO\SDM-P2-FaseA.X\P2_FA_pic_8b_general.asm
   ESPERA_EEPROM_ESCRIURE   0x00017a    program     static C:\Users\alber\OneDrive - La Salle\Compus\P2\LS-SDM-P2-SONO\SDM-P2-FaseA.X\P2_FA_pic_8b_general.asm
                 NO_ENTER   0x000190    program     static C:\Users\alber\OneDrive - La Salle\Compus\P2\LS-SDM-P2-SONO\SDM-P2-FaseA.X\P2_FA_pic_8b_general.asm
               ESPERA_TX2   0x000194    program     static C:\Users\alber\OneDrive - La Salle\Compus\P2\LS-SDM-P2-SONO\SDM-P2-FaseA.X\P2_FA_pic_8b_general.asm
  ESPERA_EEPROM_ESCRIURE2   0x0001ba    program     static C:\Users\alber\OneDrive - La Salle\Compus\P2\LS-SDM-P2-SONO\SDM-P2-FaseA.X\P2_FA_pic_8b_general.asm
                 ACABAT_I   0x0001c4    program     static C:\Users\alber\OneDrive - La Salle\Compus\P2\LS-SDM-P2-SONO\SDM-P2-FaseA.X\P2_FA_pic_8b_general.asm
                   MODE_M   0x0001c8    program     static C:\Users\alber\OneDrive - La Salle\Compus\P2\LS-SDM-P2-SONO\SDM-P2-FaseA.X\P2_FA_pic_8b_general.asm
                   MODE_R   0x0001d6    program     static C:\Users\alber\OneDrive - La Salle\Compus\P2\LS-SDM-P2-SONO\SDM-P2-FaseA.X\P2_FA_pic_8b_general.asm
                BUCLE_NOM   0x0001de    program     static C:\Users\alber\OneDrive - La Salle\Compus\P2\LS-SDM-P2-SONO\SDM-P2-FaseA.X\P2_FA_pic_8b_general.asm
               ESPERA_TX3   0x0001f0    program     static C:\Users\alber\OneDrive - La Salle\Compus\P2\LS-SDM-P2-SONO\SDM-P2-FaseA.X\P2_FA_pic_8b_general.asm
             CONTINUA_NOM   0x000202    program     static C:\Users\alber\OneDrive - La Salle\Compus\P2\LS-SDM-P2-SONO\SDM-P2-FaseA.X\P2_FA_pic_8b_general.asm
           MOSTRA_MESURES   0x000208    program     static C:\Users\alber\OneDrive - La Salle\Compus\P2\LS-SDM-P2-SONO\SDM-P2-FaseA.X\P2_FA_pic_8b_general.asm
                   MODE_S   0x00020c    program     static C:\Users\alber\OneDrive - La Salle\Compus\P2\LS-SDM-P2-SONO\SDM-P2-FaseA.X\P2_FA_pic_8b_general.asm
                   MODE_T   0x000214    program     static C:\Users\alber\OneDrive - La Salle\Compus\P2\LS-SDM-P2-SONO\SDM-P2-FaseA.X\P2_FA_pic_8b_general.asm


