MPLINK 5.09, LINKER
Linker Map File - Created Mon Mar 29 08:18:23 2021

                                 Section Info
                  Section       Type    Address   Location Size(Bytes)
                ---------  ---------  ---------  ---------  ---------
                   .org_0       code   0x000000    program   0x000004
                   .cinit    romdata   0x000004    program   0x000002
                   .org_1       code   0x000008    program   0x000004
                   .org_2       code   0x000018    program   0x0003a8
.config_300001_BUILD/DEFAULT/PRODUCTION/P2_FA_P    romdata   0x300001    program   0x000001
.config_300003_BUILD/DEFAULT/PRODUCTION/P2_FA_P    romdata   0x300003    program   0x000001
.config_300005_BUILD/DEFAULT/PRODUCTION/P2_FA_P    romdata   0x300005    program   0x000001
.config_300006_BUILD/DEFAULT/PRODUCTION/P2_FA_P    romdata   0x300006    program   0x000001



                              Program Memory Usage 
                               Start         End      
                           ---------   ---------      
                            0x000000    0x000005      
                            0x000008    0x00000b      
                            0x000018    0x0003bf      
                            0x300001    0x300001      
                            0x300003    0x300003      
                            0x300005    0x300006      
            950 out of 8472 program addresses used, program memory utilization is 11%



                              Symbols - Sorted by Name
                     Name    Address   Location    Storage File                     
                ---------  ---------  ---------  --------- ---------                
                 ACABAT_I   0x0002ec    program     static /home/mvalsells/LS-SDM-P2-SONO/SDM-P2-FaseA.X/P2_FA_pic_8b_general.asm
               BN_2_ASCII   0x00014c    program     static /home/mvalsells/LS-SDM-P2-SONO/SDM-P2-FaseA.X/P2_FA_pic_8b_general.asm
          BN_2_ASCII_LOOP   0x000152    program     static /home/mvalsells/LS-SDM-P2-SONO/SDM-P2-FaseA.X/P2_FA_pic_8b_general.asm
       BN_2_ASCII_LOOP_FI   0x00017c    program     static /home/mvalsells/LS-SDM-P2-SONO/SDM-P2-FaseA.X/P2_FA_pic_8b_general.asm
                BUCLE_NOM   0x00033a    program     static /home/mvalsells/LS-SDM-P2-SONO/SDM-P2-FaseA.X/P2_FA_pic_8b_general.asm
            CARREGA_TIMER   0x0000d2    program     static /home/mvalsells/LS-SDM-P2-SONO/SDM-P2-FaseA.X/P2_FA_pic_8b_general.asm
           CENTENES_ASCII   0x000178    program     static /home/mvalsells/LS-SDM-P2-SONO/SDM-P2-FaseA.X/P2_FA_pic_8b_general.asm
               COMPTAR_58   0x000136    program     static /home/mvalsells/LS-SDM-P2-SONO/SDM-P2-FaseA.X/P2_FA_pic_8b_general.asm
             CONTINUA_NOM   0x00035a    program     static /home/mvalsells/LS-SDM-P2-SONO/SDM-P2-FaseA.X/P2_FA_pic_8b_general.asm
            DESENES_ASCII   0x000168    program     static /home/mvalsells/LS-SDM-P2-SONO/SDM-P2-FaseA.X/P2_FA_pic_8b_general.asm
              EEPROM_READ   0x0000dc    program     static /home/mvalsells/LS-SDM-P2-SONO/SDM-P2-FaseA.X/P2_FA_pic_8b_general.asm
             EEPROM_WRITE   0x0000ec    program     static /home/mvalsells/LS-SDM-P2-SONO/SDM-P2-FaseA.X/P2_FA_pic_8b_general.asm
         ESPERA_CONVERSIO   0x0001b4    program     static /home/mvalsells/LS-SDM-P2-SONO/SDM-P2-FaseA.X/P2_FA_pic_8b_general.asm
              ESPERA_ECHO   0x00012a    program     static /home/mvalsells/LS-SDM-P2-SONO/SDM-P2-FaseA.X/P2_FA_pic_8b_general.asm
   ESPERA_EEPROM_ESCRIURE   0x00010c    program     static /home/mvalsells/LS-SDM-P2-SONO/SDM-P2-FaseA.X/P2_FA_pic_8b_general.asm
                ESPERA_TX   0x0001d4    program     static /home/mvalsells/LS-SDM-P2-SONO/SDM-P2-FaseA.X/P2_FA_pic_8b_general.asm
                 FI_ASCII   0x000186    program     static /home/mvalsells/LS-SDM-P2-SONO/SDM-P2-FaseA.X/P2_FA_pic_8b_general.asm
                 HIGH_RSI   0x0000c8    program     static /home/mvalsells/LS-SDM-P2-SONO/SDM-P2-FaseA.X/P2_FA_pic_8b_general.asm
                INCR_10us   0x00011a    program     static /home/mvalsells/LS-SDM-P2-SONO/SDM-P2-FaseA.X/P2_FA_pic_8b_general.asm
               INICI_ECHO   0x000132    program     static /home/mvalsells/LS-SDM-P2-SONO/SDM-P2-FaseA.X/P2_FA_pic_8b_general.asm
               INIT_ADCON   0x000092    program     static /home/mvalsells/LS-SDM-P2-SONO/SDM-P2-FaseA.X/P2_FA_pic_8b_general.asm
              INIT_EEPROM   0x00008c    program     static /home/mvalsells/LS-SDM-P2-SONO/SDM-P2-FaseA.X/P2_FA_pic_8b_general.asm
              INIT_EUSART   0x000066    program     static /home/mvalsells/LS-SDM-P2-SONO/SDM-P2-FaseA.X/P2_FA_pic_8b_general.asm
             INIT_INTCONS   0x00007c    program     static /home/mvalsells/LS-SDM-P2-SONO/SDM-P2-FaseA.X/P2_FA_pic_8b_general.asm
               INIT_PORTS   0x00001a    program     static /home/mvalsells/LS-SDM-P2-SONO/SDM-P2-FaseA.X/P2_FA_pic_8b_general.asm
               INIT_TIMER   0x000086    program     static /home/mvalsells/LS-SDM-P2-SONO/SDM-P2-FaseA.X/P2_FA_pic_8b_general.asm
                INIT_VARS   0x000038    program     static /home/mvalsells/LS-SDM-P2-SONO/SDM-P2-FaseA.X/P2_FA_pic_8b_general.asm
            LECTOR_EUSART   0x000202    program     static /home/mvalsells/LS-SDM-P2-SONO/SDM-P2-FaseA.X/P2_FA_pic_8b_general.asm
                 LLEGIR_I   0x0002ca    program     static /home/mvalsells/LS-SDM-P2-SONO/SDM-P2-FaseA.X/P2_FA_pic_8b_general.asm
               LLEGIR_JOY   0x0001b2    program     static /home/mvalsells/LS-SDM-P2-SONO/SDM-P2-FaseA.X/P2_FA_pic_8b_general.asm
                LLEGIR_RX   0x0001dc    program     static /home/mvalsells/LS-SDM-P2-SONO/SDM-P2-FaseA.X/P2_FA_pic_8b_general.asm
                     LOOP   0x0000be    program     static /home/mvalsells/LS-SDM-P2-SONO/SDM-P2-FaseA.X/P2_FA_pic_8b_general.asm
                     MAIN   0x00009e    program     static /home/mvalsells/LS-SDM-P2-SONO/SDM-P2-FaseA.X/P2_FA_pic_8b_general.asm
                    MEDIR   0x000114    program     static /home/mvalsells/LS-SDM-P2-SONO/SDM-P2-FaseA.X/P2_FA_pic_8b_general.asm
                   MODE_A   0x000280    program     static /home/mvalsells/LS-SDM-P2-SONO/SDM-P2-FaseA.X/P2_FA_pic_8b_general.asm
                   MODE_D   0x0002ac    program     static /home/mvalsells/LS-SDM-P2-SONO/SDM-P2-FaseA.X/P2_FA_pic_8b_general.asm
                   MODE_I   0x0002c2    program     static /home/mvalsells/LS-SDM-P2-SONO/SDM-P2-FaseA.X/P2_FA_pic_8b_general.asm
                   MODE_M   0x0002fc    program     static /home/mvalsells/LS-SDM-P2-SONO/SDM-P2-FaseA.X/P2_FA_pic_8b_general.asm
                   MODE_R   0x00030a    program     static /home/mvalsells/LS-SDM-P2-SONO/SDM-P2-FaseA.X/P2_FA_pic_8b_general.asm
                   MODE_S   0x0003a4    program     static /home/mvalsells/LS-SDM-P2-SONO/SDM-P2-FaseA.X/P2_FA_pic_8b_general.asm
                   MODE_T   0x0003b0    program     static /home/mvalsells/LS-SDM-P2-SONO/SDM-P2-FaseA.X/P2_FA_pic_8b_general.asm
                   MODE_U   0x0003b8    program     static /home/mvalsells/LS-SDM-P2-SONO/SDM-P2-FaseA.X/P2_FA_pic_8b_general.asm
           MOSTRA_MESURES   0x000360    program     static /home/mvalsells/LS-SDM-P2-SONO/SDM-P2-FaseA.X/P2_FA_pic_8b_general.asm
                 MirarRB1   0x0002ba    program     static /home/mvalsells/LS-SDM-P2-SONO/SDM-P2-FaseA.X/P2_FA_pic_8b_general.asm
                   NEXT_A   0x000224    program     static /home/mvalsells/LS-SDM-P2-SONO/SDM-P2-FaseA.X/P2_FA_pic_8b_general.asm
                   NEXT_D   0x000230    program     static /home/mvalsells/LS-SDM-P2-SONO/SDM-P2-FaseA.X/P2_FA_pic_8b_general.asm
                   NEXT_I   0x00023c    program     static /home/mvalsells/LS-SDM-P2-SONO/SDM-P2-FaseA.X/P2_FA_pic_8b_general.asm
                   NEXT_M   0x000248    program     static /home/mvalsells/LS-SDM-P2-SONO/SDM-P2-FaseA.X/P2_FA_pic_8b_general.asm
                   NEXT_R   0x000254    program     static /home/mvalsells/LS-SDM-P2-SONO/SDM-P2-FaseA.X/P2_FA_pic_8b_general.asm
                   NEXT_S   0x000260    program     static /home/mvalsells/LS-SDM-P2-SONO/SDM-P2-FaseA.X/P2_FA_pic_8b_general.asm
                   NEXT_T   0x00026c    program     static /home/mvalsells/LS-SDM-P2-SONO/SDM-P2-FaseA.X/P2_FA_pic_8b_general.asm
                   NEXT_U   0x000278    program     static /home/mvalsells/LS-SDM-P2-SONO/SDM-P2-FaseA.X/P2_FA_pic_8b_general.asm
                 NO_ENTER   0x0002e2    program     static /home/mvalsells/LS-SDM-P2-SONO/SDM-P2-FaseA.X/P2_FA_pic_8b_general.asm
            TX_BN_2_ASCII   0x000194    program     static /home/mvalsells/LS-SDM-P2-SONO/SDM-P2-FaseA.X/P2_FA_pic_8b_general.asm
                 TX_ENTER   0x0001f0    program     static /home/mvalsells/LS-SDM-P2-SONO/SDM-P2-FaseA.X/P2_FA_pic_8b_general.asm



                              Symbols - Sorted by Address
                     Name    Address   Location    Storage File                     
                ---------  ---------  ---------  --------- ---------                
               INIT_PORTS   0x00001a    program     static /home/mvalsells/LS-SDM-P2-SONO/SDM-P2-FaseA.X/P2_FA_pic_8b_general.asm
                INIT_VARS   0x000038    program     static /home/mvalsells/LS-SDM-P2-SONO/SDM-P2-FaseA.X/P2_FA_pic_8b_general.asm
              INIT_EUSART   0x000066    program     static /home/mvalsells/LS-SDM-P2-SONO/SDM-P2-FaseA.X/P2_FA_pic_8b_general.asm
             INIT_INTCONS   0x00007c    program     static /home/mvalsells/LS-SDM-P2-SONO/SDM-P2-FaseA.X/P2_FA_pic_8b_general.asm
               INIT_TIMER   0x000086    program     static /home/mvalsells/LS-SDM-P2-SONO/SDM-P2-FaseA.X/P2_FA_pic_8b_general.asm
              INIT_EEPROM   0x00008c    program     static /home/mvalsells/LS-SDM-P2-SONO/SDM-P2-FaseA.X/P2_FA_pic_8b_general.asm
               INIT_ADCON   0x000092    program     static /home/mvalsells/LS-SDM-P2-SONO/SDM-P2-FaseA.X/P2_FA_pic_8b_general.asm
                     MAIN   0x00009e    program     static /home/mvalsells/LS-SDM-P2-SONO/SDM-P2-FaseA.X/P2_FA_pic_8b_general.asm
                     LOOP   0x0000be    program     static /home/mvalsells/LS-SDM-P2-SONO/SDM-P2-FaseA.X/P2_FA_pic_8b_general.asm
                 HIGH_RSI   0x0000c8    program     static /home/mvalsells/LS-SDM-P2-SONO/SDM-P2-FaseA.X/P2_FA_pic_8b_general.asm
            CARREGA_TIMER   0x0000d2    program     static /home/mvalsells/LS-SDM-P2-SONO/SDM-P2-FaseA.X/P2_FA_pic_8b_general.asm
              EEPROM_READ   0x0000dc    program     static /home/mvalsells/LS-SDM-P2-SONO/SDM-P2-FaseA.X/P2_FA_pic_8b_general.asm
             EEPROM_WRITE   0x0000ec    program     static /home/mvalsells/LS-SDM-P2-SONO/SDM-P2-FaseA.X/P2_FA_pic_8b_general.asm
   ESPERA_EEPROM_ESCRIURE   0x00010c    program     static /home/mvalsells/LS-SDM-P2-SONO/SDM-P2-FaseA.X/P2_FA_pic_8b_general.asm
                    MEDIR   0x000114    program     static /home/mvalsells/LS-SDM-P2-SONO/SDM-P2-FaseA.X/P2_FA_pic_8b_general.asm
                INCR_10us   0x00011a    program     static /home/mvalsells/LS-SDM-P2-SONO/SDM-P2-FaseA.X/P2_FA_pic_8b_general.asm
              ESPERA_ECHO   0x00012a    program     static /home/mvalsells/LS-SDM-P2-SONO/SDM-P2-FaseA.X/P2_FA_pic_8b_general.asm
               INICI_ECHO   0x000132    program     static /home/mvalsells/LS-SDM-P2-SONO/SDM-P2-FaseA.X/P2_FA_pic_8b_general.asm
               COMPTAR_58   0x000136    program     static /home/mvalsells/LS-SDM-P2-SONO/SDM-P2-FaseA.X/P2_FA_pic_8b_general.asm
               BN_2_ASCII   0x00014c    program     static /home/mvalsells/LS-SDM-P2-SONO/SDM-P2-FaseA.X/P2_FA_pic_8b_general.asm
          BN_2_ASCII_LOOP   0x000152    program     static /home/mvalsells/LS-SDM-P2-SONO/SDM-P2-FaseA.X/P2_FA_pic_8b_general.asm
            DESENES_ASCII   0x000168    program     static /home/mvalsells/LS-SDM-P2-SONO/SDM-P2-FaseA.X/P2_FA_pic_8b_general.asm
           CENTENES_ASCII   0x000178    program     static /home/mvalsells/LS-SDM-P2-SONO/SDM-P2-FaseA.X/P2_FA_pic_8b_general.asm
       BN_2_ASCII_LOOP_FI   0x00017c    program     static /home/mvalsells/LS-SDM-P2-SONO/SDM-P2-FaseA.X/P2_FA_pic_8b_general.asm
                 FI_ASCII   0x000186    program     static /home/mvalsells/LS-SDM-P2-SONO/SDM-P2-FaseA.X/P2_FA_pic_8b_general.asm
            TX_BN_2_ASCII   0x000194    program     static /home/mvalsells/LS-SDM-P2-SONO/SDM-P2-FaseA.X/P2_FA_pic_8b_general.asm
               LLEGIR_JOY   0x0001b2    program     static /home/mvalsells/LS-SDM-P2-SONO/SDM-P2-FaseA.X/P2_FA_pic_8b_general.asm
         ESPERA_CONVERSIO   0x0001b4    program     static /home/mvalsells/LS-SDM-P2-SONO/SDM-P2-FaseA.X/P2_FA_pic_8b_general.asm
                ESPERA_TX   0x0001d4    program     static /home/mvalsells/LS-SDM-P2-SONO/SDM-P2-FaseA.X/P2_FA_pic_8b_general.asm
                LLEGIR_RX   0x0001dc    program     static /home/mvalsells/LS-SDM-P2-SONO/SDM-P2-FaseA.X/P2_FA_pic_8b_general.asm
                 TX_ENTER   0x0001f0    program     static /home/mvalsells/LS-SDM-P2-SONO/SDM-P2-FaseA.X/P2_FA_pic_8b_general.asm
            LECTOR_EUSART   0x000202    program     static /home/mvalsells/LS-SDM-P2-SONO/SDM-P2-FaseA.X/P2_FA_pic_8b_general.asm
                   NEXT_A   0x000224    program     static /home/mvalsells/LS-SDM-P2-SONO/SDM-P2-FaseA.X/P2_FA_pic_8b_general.asm
                   NEXT_D   0x000230    program     static /home/mvalsells/LS-SDM-P2-SONO/SDM-P2-FaseA.X/P2_FA_pic_8b_general.asm
                   NEXT_I   0x00023c    program     static /home/mvalsells/LS-SDM-P2-SONO/SDM-P2-FaseA.X/P2_FA_pic_8b_general.asm
                   NEXT_M   0x000248    program     static /home/mvalsells/LS-SDM-P2-SONO/SDM-P2-FaseA.X/P2_FA_pic_8b_general.asm
                   NEXT_R   0x000254    program     static /home/mvalsells/LS-SDM-P2-SONO/SDM-P2-FaseA.X/P2_FA_pic_8b_general.asm
                   NEXT_S   0x000260    program     static /home/mvalsells/LS-SDM-P2-SONO/SDM-P2-FaseA.X/P2_FA_pic_8b_general.asm
                   NEXT_T   0x00026c    program     static /home/mvalsells/LS-SDM-P2-SONO/SDM-P2-FaseA.X/P2_FA_pic_8b_general.asm
                   NEXT_U   0x000278    program     static /home/mvalsells/LS-SDM-P2-SONO/SDM-P2-FaseA.X/P2_FA_pic_8b_general.asm
                   MODE_A   0x000280    program     static /home/mvalsells/LS-SDM-P2-SONO/SDM-P2-FaseA.X/P2_FA_pic_8b_general.asm
                   MODE_D   0x0002ac    program     static /home/mvalsells/LS-SDM-P2-SONO/SDM-P2-FaseA.X/P2_FA_pic_8b_general.asm
                 MirarRB1   0x0002ba    program     static /home/mvalsells/LS-SDM-P2-SONO/SDM-P2-FaseA.X/P2_FA_pic_8b_general.asm
                   MODE_I   0x0002c2    program     static /home/mvalsells/LS-SDM-P2-SONO/SDM-P2-FaseA.X/P2_FA_pic_8b_general.asm
                 LLEGIR_I   0x0002ca    program     static /home/mvalsells/LS-SDM-P2-SONO/SDM-P2-FaseA.X/P2_FA_pic_8b_general.asm
                 NO_ENTER   0x0002e2    program     static /home/mvalsells/LS-SDM-P2-SONO/SDM-P2-FaseA.X/P2_FA_pic_8b_general.asm
                 ACABAT_I   0x0002ec    program     static /home/mvalsells/LS-SDM-P2-SONO/SDM-P2-FaseA.X/P2_FA_pic_8b_general.asm
                   MODE_M   0x0002fc    program     static /home/mvalsells/LS-SDM-P2-SONO/SDM-P2-FaseA.X/P2_FA_pic_8b_general.asm
                   MODE_R   0x00030a    program     static /home/mvalsells/LS-SDM-P2-SONO/SDM-P2-FaseA.X/P2_FA_pic_8b_general.asm
                BUCLE_NOM   0x00033a    program     static /home/mvalsells/LS-SDM-P2-SONO/SDM-P2-FaseA.X/P2_FA_pic_8b_general.asm
             CONTINUA_NOM   0x00035a    program     static /home/mvalsells/LS-SDM-P2-SONO/SDM-P2-FaseA.X/P2_FA_pic_8b_general.asm
           MOSTRA_MESURES   0x000360    program     static /home/mvalsells/LS-SDM-P2-SONO/SDM-P2-FaseA.X/P2_FA_pic_8b_general.asm
                   MODE_S   0x0003a4    program     static /home/mvalsells/LS-SDM-P2-SONO/SDM-P2-FaseA.X/P2_FA_pic_8b_general.asm
                   MODE_T   0x0003b0    program     static /home/mvalsells/LS-SDM-P2-SONO/SDM-P2-FaseA.X/P2_FA_pic_8b_general.asm
                   MODE_U   0x0003b8    program     static /home/mvalsells/LS-SDM-P2-SONO/SDM-P2-FaseA.X/P2_FA_pic_8b_general.asm


