MPLINK 5.09, LINKER
Linker Map File - Created Mon Mar 29 09:47:58 2021

                                 Section Info
                  Section       Type    Address   Location Size(Bytes)
                ---------  ---------  ---------  ---------  ---------
                   .org_0       code   0x000000    program   0x000004
                   .cinit    romdata   0x000004    program   0x000002
                   .org_1       code   0x000008    program   0x000004
                   .org_2       code   0x000018    program   0x000428
.config_300001_BUILD/DEFAULT/PRODUCTION/P2_FA_P    romdata   0x300001    program   0x000001
.config_300003_BUILD/DEFAULT/PRODUCTION/P2_FA_P    romdata   0x300003    program   0x000001
.config_300005_BUILD/DEFAULT/PRODUCTION/P2_FA_P    romdata   0x300005    program   0x000001
.config_300006_BUILD/DEFAULT/PRODUCTION/P2_FA_P    romdata   0x300006    program   0x000001



                              Program Memory Usage 
                               Start         End      
                           ---------   ---------      
                            0x000000    0x000005      
                            0x000008    0x00000b      
                            0x000018    0x00043f      
                            0x300001    0x300001      
                            0x300003    0x300003      
                            0x300005    0x300006      
            1078 out of 8472 program addresses used, program memory utilization is 12%



                              Symbols - Sorted by Name
                     Name    Address   Location    Storage File                     
                ---------  ---------  ---------  --------- ---------                
                 ACABAT_I   0x00031e    program     static /home/mvalsells/LS-SDM-P2-SONO/SDM-P2-FaseA.X/P2_FA_pic_8b_general.asm
               BN_2_ASCII   0x000174    program     static /home/mvalsells/LS-SDM-P2-SONO/SDM-P2-FaseA.X/P2_FA_pic_8b_general.asm
          BN_2_ASCII_LOOP   0x00017a    program     static /home/mvalsells/LS-SDM-P2-SONO/SDM-P2-FaseA.X/P2_FA_pic_8b_general.asm
       BN_2_ASCII_LOOP_FI   0x0001a4    program     static /home/mvalsells/LS-SDM-P2-SONO/SDM-P2-FaseA.X/P2_FA_pic_8b_general.asm
         BUCLE_LLEGIR_RAM   0x0003e6    program     static /home/mvalsells/LS-SDM-P2-SONO/SDM-P2-FaseA.X/P2_FA_pic_8b_general.asm
                BUCLE_NOM   0x00036c    program     static /home/mvalsells/LS-SDM-P2-SONO/SDM-P2-FaseA.X/P2_FA_pic_8b_general.asm
            CARREGA_TIMER   0x0000e2    program     static /home/mvalsells/LS-SDM-P2-SONO/SDM-P2-FaseA.X/P2_FA_pic_8b_general.asm
           CENTENES_ASCII   0x0001a0    program     static /home/mvalsells/LS-SDM-P2-SONO/SDM-P2-FaseA.X/P2_FA_pic_8b_general.asm
               COMPTAR_58   0x000150    program     static /home/mvalsells/LS-SDM-P2-SONO/SDM-P2-FaseA.X/P2_FA_pic_8b_general.asm
             CONTINUA_NOM   0x00038c    program     static /home/mvalsells/LS-SDM-P2-SONO/SDM-P2-FaseA.X/P2_FA_pic_8b_general.asm
            DESENES_ASCII   0x000190    program     static /home/mvalsells/LS-SDM-P2-SONO/SDM-P2-FaseA.X/P2_FA_pic_8b_general.asm
              EEPROM_READ   0x0000ec    program     static /home/mvalsells/LS-SDM-P2-SONO/SDM-P2-FaseA.X/P2_FA_pic_8b_general.asm
             EEPROM_WRITE   0x0000fc    program     static /home/mvalsells/LS-SDM-P2-SONO/SDM-P2-FaseA.X/P2_FA_pic_8b_general.asm
         ESPERA_CONVERSIO   0x0001d8    program     static /home/mvalsells/LS-SDM-P2-SONO/SDM-P2-FaseA.X/P2_FA_pic_8b_general.asm
              ESPERA_ECHO   0x000144    program     static /home/mvalsells/LS-SDM-P2-SONO/SDM-P2-FaseA.X/P2_FA_pic_8b_general.asm
   ESPERA_EEPROM_ESCRIURE   0x000126    program     static /home/mvalsells/LS-SDM-P2-SONO/SDM-P2-FaseA.X/P2_FA_pic_8b_general.asm
                ESPERA_TX   0x000204    program     static /home/mvalsells/LS-SDM-P2-SONO/SDM-P2-FaseA.X/P2_FA_pic_8b_general.asm
                 FI_ASCII   0x0001ae    program     static /home/mvalsells/LS-SDM-P2-SONO/SDM-P2-FaseA.X/P2_FA_pic_8b_general.asm
                 HIGH_RSI   0x0000d8    program     static /home/mvalsells/LS-SDM-P2-SONO/SDM-P2-FaseA.X/P2_FA_pic_8b_general.asm
                INCR_10us   0x000134    program     static /home/mvalsells/LS-SDM-P2-SONO/SDM-P2-FaseA.X/P2_FA_pic_8b_general.asm
               INICI_ECHO   0x00014c    program     static /home/mvalsells/LS-SDM-P2-SONO/SDM-P2-FaseA.X/P2_FA_pic_8b_general.asm
               INIT_ADCON   0x0000a0    program     static /home/mvalsells/LS-SDM-P2-SONO/SDM-P2-FaseA.X/P2_FA_pic_8b_general.asm
              INIT_EEPROM   0x00009a    program     static /home/mvalsells/LS-SDM-P2-SONO/SDM-P2-FaseA.X/P2_FA_pic_8b_general.asm
              INIT_EUSART   0x000074    program     static /home/mvalsells/LS-SDM-P2-SONO/SDM-P2-FaseA.X/P2_FA_pic_8b_general.asm
             INIT_INTCONS   0x00008a    program     static /home/mvalsells/LS-SDM-P2-SONO/SDM-P2-FaseA.X/P2_FA_pic_8b_general.asm
               INIT_PORTS   0x00001a    program     static /home/mvalsells/LS-SDM-P2-SONO/SDM-P2-FaseA.X/P2_FA_pic_8b_general.asm
               INIT_TIMER   0x000094    program     static /home/mvalsells/LS-SDM-P2-SONO/SDM-P2-FaseA.X/P2_FA_pic_8b_general.asm
                INIT_VARS   0x000038    program     static /home/mvalsells/LS-SDM-P2-SONO/SDM-P2-FaseA.X/P2_FA_pic_8b_general.asm
            LECTOR_EUSART   0x000232    program     static /home/mvalsells/LS-SDM-P2-SONO/SDM-P2-FaseA.X/P2_FA_pic_8b_general.asm
                 LLEGIR_I   0x0002fc    program     static /home/mvalsells/LS-SDM-P2-SONO/SDM-P2-FaseA.X/P2_FA_pic_8b_general.asm
               LLEGIR_JOY   0x0001d6    program     static /home/mvalsells/LS-SDM-P2-SONO/SDM-P2-FaseA.X/P2_FA_pic_8b_general.asm
                LLEGIR_RX   0x00020c    program     static /home/mvalsells/LS-SDM-P2-SONO/SDM-P2-FaseA.X/P2_FA_pic_8b_general.asm
                     LOOP   0x0000cc    program     static /home/mvalsells/LS-SDM-P2-SONO/SDM-P2-FaseA.X/P2_FA_pic_8b_general.asm
                     MAIN   0x0000ac    program     static /home/mvalsells/LS-SDM-P2-SONO/SDM-P2-FaseA.X/P2_FA_pic_8b_general.asm
                    MEDIR   0x00012e    program     static /home/mvalsells/LS-SDM-P2-SONO/SDM-P2-FaseA.X/P2_FA_pic_8b_general.asm
                   MODE_A   0x0002b2    program     static /home/mvalsells/LS-SDM-P2-SONO/SDM-P2-FaseA.X/P2_FA_pic_8b_general.asm
                   MODE_D   0x0002de    program     static /home/mvalsells/LS-SDM-P2-SONO/SDM-P2-FaseA.X/P2_FA_pic_8b_general.asm
                   MODE_I   0x0002f4    program     static /home/mvalsells/LS-SDM-P2-SONO/SDM-P2-FaseA.X/P2_FA_pic_8b_general.asm
                   MODE_M   0x00032e    program     static /home/mvalsells/LS-SDM-P2-SONO/SDM-P2-FaseA.X/P2_FA_pic_8b_general.asm
                   MODE_R   0x00033c    program     static /home/mvalsells/LS-SDM-P2-SONO/SDM-P2-FaseA.X/P2_FA_pic_8b_general.asm
                   MODE_S   0x000404    program     static /home/mvalsells/LS-SDM-P2-SONO/SDM-P2-FaseA.X/P2_FA_pic_8b_general.asm
                   MODE_T   0x000410    program     static /home/mvalsells/LS-SDM-P2-SONO/SDM-P2-FaseA.X/P2_FA_pic_8b_general.asm
                   MODE_U   0x000418    program     static /home/mvalsells/LS-SDM-P2-SONO/SDM-P2-FaseA.X/P2_FA_pic_8b_general.asm
           MOSTRA_MESURES   0x000392    program     static /home/mvalsells/LS-SDM-P2-SONO/SDM-P2-FaseA.X/P2_FA_pic_8b_general.asm
                 MirarRB1   0x0002ec    program     static /home/mvalsells/LS-SDM-P2-SONO/SDM-P2-FaseA.X/P2_FA_pic_8b_general.asm
                   NEXT_A   0x000256    program     static /home/mvalsells/LS-SDM-P2-SONO/SDM-P2-FaseA.X/P2_FA_pic_8b_general.asm
                   NEXT_D   0x000262    program     static /home/mvalsells/LS-SDM-P2-SONO/SDM-P2-FaseA.X/P2_FA_pic_8b_general.asm
                   NEXT_I   0x00026e    program     static /home/mvalsells/LS-SDM-P2-SONO/SDM-P2-FaseA.X/P2_FA_pic_8b_general.asm
                   NEXT_M   0x00027a    program     static /home/mvalsells/LS-SDM-P2-SONO/SDM-P2-FaseA.X/P2_FA_pic_8b_general.asm
                   NEXT_R   0x000286    program     static /home/mvalsells/LS-SDM-P2-SONO/SDM-P2-FaseA.X/P2_FA_pic_8b_general.asm
                   NEXT_S   0x000292    program     static /home/mvalsells/LS-SDM-P2-SONO/SDM-P2-FaseA.X/P2_FA_pic_8b_general.asm
                   NEXT_T   0x00029e    program     static /home/mvalsells/LS-SDM-P2-SONO/SDM-P2-FaseA.X/P2_FA_pic_8b_general.asm
                   NEXT_U   0x0002aa    program     static /home/mvalsells/LS-SDM-P2-SONO/SDM-P2-FaseA.X/P2_FA_pic_8b_general.asm
                 NO_ENTER   0x000314    program     static /home/mvalsells/LS-SDM-P2-SONO/SDM-P2-FaseA.X/P2_FA_pic_8b_general.asm
                RAM_WRITE   0x00011c    program     static /home/mvalsells/LS-SDM-P2-SONO/SDM-P2-FaseA.X/P2_FA_pic_8b_general.asm
            TX_BN_2_ASCII   0x0001bc    program     static /home/mvalsells/LS-SDM-P2-SONO/SDM-P2-FaseA.X/P2_FA_pic_8b_general.asm
                 TX_ENTER   0x000220    program     static /home/mvalsells/LS-SDM-P2-SONO/SDM-P2-FaseA.X/P2_FA_pic_8b_general.asm



                              Symbols - Sorted by Address
                     Name    Address   Location    Storage File                     
                ---------  ---------  ---------  --------- ---------                
               INIT_PORTS   0x00001a    program     static /home/mvalsells/LS-SDM-P2-SONO/SDM-P2-FaseA.X/P2_FA_pic_8b_general.asm
                INIT_VARS   0x000038    program     static /home/mvalsells/LS-SDM-P2-SONO/SDM-P2-FaseA.X/P2_FA_pic_8b_general.asm
              INIT_EUSART   0x000074    program     static /home/mvalsells/LS-SDM-P2-SONO/SDM-P2-FaseA.X/P2_FA_pic_8b_general.asm
             INIT_INTCONS   0x00008a    program     static /home/mvalsells/LS-SDM-P2-SONO/SDM-P2-FaseA.X/P2_FA_pic_8b_general.asm
               INIT_TIMER   0x000094    program     static /home/mvalsells/LS-SDM-P2-SONO/SDM-P2-FaseA.X/P2_FA_pic_8b_general.asm
              INIT_EEPROM   0x00009a    program     static /home/mvalsells/LS-SDM-P2-SONO/SDM-P2-FaseA.X/P2_FA_pic_8b_general.asm
               INIT_ADCON   0x0000a0    program     static /home/mvalsells/LS-SDM-P2-SONO/SDM-P2-FaseA.X/P2_FA_pic_8b_general.asm
                     MAIN   0x0000ac    program     static /home/mvalsells/LS-SDM-P2-SONO/SDM-P2-FaseA.X/P2_FA_pic_8b_general.asm
                     LOOP   0x0000cc    program     static /home/mvalsells/LS-SDM-P2-SONO/SDM-P2-FaseA.X/P2_FA_pic_8b_general.asm
                 HIGH_RSI   0x0000d8    program     static /home/mvalsells/LS-SDM-P2-SONO/SDM-P2-FaseA.X/P2_FA_pic_8b_general.asm
            CARREGA_TIMER   0x0000e2    program     static /home/mvalsells/LS-SDM-P2-SONO/SDM-P2-FaseA.X/P2_FA_pic_8b_general.asm
              EEPROM_READ   0x0000ec    program     static /home/mvalsells/LS-SDM-P2-SONO/SDM-P2-FaseA.X/P2_FA_pic_8b_general.asm
             EEPROM_WRITE   0x0000fc    program     static /home/mvalsells/LS-SDM-P2-SONO/SDM-P2-FaseA.X/P2_FA_pic_8b_general.asm
                RAM_WRITE   0x00011c    program     static /home/mvalsells/LS-SDM-P2-SONO/SDM-P2-FaseA.X/P2_FA_pic_8b_general.asm
   ESPERA_EEPROM_ESCRIURE   0x000126    program     static /home/mvalsells/LS-SDM-P2-SONO/SDM-P2-FaseA.X/P2_FA_pic_8b_general.asm
                    MEDIR   0x00012e    program     static /home/mvalsells/LS-SDM-P2-SONO/SDM-P2-FaseA.X/P2_FA_pic_8b_general.asm
                INCR_10us   0x000134    program     static /home/mvalsells/LS-SDM-P2-SONO/SDM-P2-FaseA.X/P2_FA_pic_8b_general.asm
              ESPERA_ECHO   0x000144    program     static /home/mvalsells/LS-SDM-P2-SONO/SDM-P2-FaseA.X/P2_FA_pic_8b_general.asm
               INICI_ECHO   0x00014c    program     static /home/mvalsells/LS-SDM-P2-SONO/SDM-P2-FaseA.X/P2_FA_pic_8b_general.asm
               COMPTAR_58   0x000150    program     static /home/mvalsells/LS-SDM-P2-SONO/SDM-P2-FaseA.X/P2_FA_pic_8b_general.asm
               BN_2_ASCII   0x000174    program     static /home/mvalsells/LS-SDM-P2-SONO/SDM-P2-FaseA.X/P2_FA_pic_8b_general.asm
          BN_2_ASCII_LOOP   0x00017a    program     static /home/mvalsells/LS-SDM-P2-SONO/SDM-P2-FaseA.X/P2_FA_pic_8b_general.asm
            DESENES_ASCII   0x000190    program     static /home/mvalsells/LS-SDM-P2-SONO/SDM-P2-FaseA.X/P2_FA_pic_8b_general.asm
           CENTENES_ASCII   0x0001a0    program     static /home/mvalsells/LS-SDM-P2-SONO/SDM-P2-FaseA.X/P2_FA_pic_8b_general.asm
       BN_2_ASCII_LOOP_FI   0x0001a4    program     static /home/mvalsells/LS-SDM-P2-SONO/SDM-P2-FaseA.X/P2_FA_pic_8b_general.asm
                 FI_ASCII   0x0001ae    program     static /home/mvalsells/LS-SDM-P2-SONO/SDM-P2-FaseA.X/P2_FA_pic_8b_general.asm
            TX_BN_2_ASCII   0x0001bc    program     static /home/mvalsells/LS-SDM-P2-SONO/SDM-P2-FaseA.X/P2_FA_pic_8b_general.asm
               LLEGIR_JOY   0x0001d6    program     static /home/mvalsells/LS-SDM-P2-SONO/SDM-P2-FaseA.X/P2_FA_pic_8b_general.asm
         ESPERA_CONVERSIO   0x0001d8    program     static /home/mvalsells/LS-SDM-P2-SONO/SDM-P2-FaseA.X/P2_FA_pic_8b_general.asm
                ESPERA_TX   0x000204    program     static /home/mvalsells/LS-SDM-P2-SONO/SDM-P2-FaseA.X/P2_FA_pic_8b_general.asm
                LLEGIR_RX   0x00020c    program     static /home/mvalsells/LS-SDM-P2-SONO/SDM-P2-FaseA.X/P2_FA_pic_8b_general.asm
                 TX_ENTER   0x000220    program     static /home/mvalsells/LS-SDM-P2-SONO/SDM-P2-FaseA.X/P2_FA_pic_8b_general.asm
            LECTOR_EUSART   0x000232    program     static /home/mvalsells/LS-SDM-P2-SONO/SDM-P2-FaseA.X/P2_FA_pic_8b_general.asm
                   NEXT_A   0x000256    program     static /home/mvalsells/LS-SDM-P2-SONO/SDM-P2-FaseA.X/P2_FA_pic_8b_general.asm
                   NEXT_D   0x000262    program     static /home/mvalsells/LS-SDM-P2-SONO/SDM-P2-FaseA.X/P2_FA_pic_8b_general.asm
                   NEXT_I   0x00026e    program     static /home/mvalsells/LS-SDM-P2-SONO/SDM-P2-FaseA.X/P2_FA_pic_8b_general.asm
                   NEXT_M   0x00027a    program     static /home/mvalsells/LS-SDM-P2-SONO/SDM-P2-FaseA.X/P2_FA_pic_8b_general.asm
                   NEXT_R   0x000286    program     static /home/mvalsells/LS-SDM-P2-SONO/SDM-P2-FaseA.X/P2_FA_pic_8b_general.asm
                   NEXT_S   0x000292    program     static /home/mvalsells/LS-SDM-P2-SONO/SDM-P2-FaseA.X/P2_FA_pic_8b_general.asm
                   NEXT_T   0x00029e    program     static /home/mvalsells/LS-SDM-P2-SONO/SDM-P2-FaseA.X/P2_FA_pic_8b_general.asm
                   NEXT_U   0x0002aa    program     static /home/mvalsells/LS-SDM-P2-SONO/SDM-P2-FaseA.X/P2_FA_pic_8b_general.asm
                   MODE_A   0x0002b2    program     static /home/mvalsells/LS-SDM-P2-SONO/SDM-P2-FaseA.X/P2_FA_pic_8b_general.asm
                   MODE_D   0x0002de    program     static /home/mvalsells/LS-SDM-P2-SONO/SDM-P2-FaseA.X/P2_FA_pic_8b_general.asm
                 MirarRB1   0x0002ec    program     static /home/mvalsells/LS-SDM-P2-SONO/SDM-P2-FaseA.X/P2_FA_pic_8b_general.asm
                   MODE_I   0x0002f4    program     static /home/mvalsells/LS-SDM-P2-SONO/SDM-P2-FaseA.X/P2_FA_pic_8b_general.asm
                 LLEGIR_I   0x0002fc    program     static /home/mvalsells/LS-SDM-P2-SONO/SDM-P2-FaseA.X/P2_FA_pic_8b_general.asm
                 NO_ENTER   0x000314    program     static /home/mvalsells/LS-SDM-P2-SONO/SDM-P2-FaseA.X/P2_FA_pic_8b_general.asm
                 ACABAT_I   0x00031e    program     static /home/mvalsells/LS-SDM-P2-SONO/SDM-P2-FaseA.X/P2_FA_pic_8b_general.asm
                   MODE_M   0x00032e    program     static /home/mvalsells/LS-SDM-P2-SONO/SDM-P2-FaseA.X/P2_FA_pic_8b_general.asm
                   MODE_R   0x00033c    program     static /home/mvalsells/LS-SDM-P2-SONO/SDM-P2-FaseA.X/P2_FA_pic_8b_general.asm
                BUCLE_NOM   0x00036c    program     static /home/mvalsells/LS-SDM-P2-SONO/SDM-P2-FaseA.X/P2_FA_pic_8b_general.asm
             CONTINUA_NOM   0x00038c    program     static /home/mvalsells/LS-SDM-P2-SONO/SDM-P2-FaseA.X/P2_FA_pic_8b_general.asm
           MOSTRA_MESURES   0x000392    program     static /home/mvalsells/LS-SDM-P2-SONO/SDM-P2-FaseA.X/P2_FA_pic_8b_general.asm
         BUCLE_LLEGIR_RAM   0x0003e6    program     static /home/mvalsells/LS-SDM-P2-SONO/SDM-P2-FaseA.X/P2_FA_pic_8b_general.asm
                   MODE_S   0x000404    program     static /home/mvalsells/LS-SDM-P2-SONO/SDM-P2-FaseA.X/P2_FA_pic_8b_general.asm
                   MODE_T   0x000410    program     static /home/mvalsells/LS-SDM-P2-SONO/SDM-P2-FaseA.X/P2_FA_pic_8b_general.asm
                   MODE_U   0x000418    program     static /home/mvalsells/LS-SDM-P2-SONO/SDM-P2-FaseA.X/P2_FA_pic_8b_general.asm


