MPLINK 5.09, LINKER
Linker Map File - Created Mon Mar 29 12:03:59 2021

                                 Section Info
                  Section       Type    Address   Location Size(Bytes)
                ---------  ---------  ---------  ---------  ---------
                   .org_0       code   0x000000    program   0x000004
                   .cinit    romdata   0x000004    program   0x000002
                   .org_1       code   0x000008    program   0x000004
                   .org_2       code   0x000018    program   0x000446
.config_300001_BUILD/DEFAULT/PRODUCTION/P2_FA_P    romdata   0x300001    program   0x000001
.config_300003_BUILD/DEFAULT/PRODUCTION/P2_FA_P    romdata   0x300003    program   0x000001
.config_300005_BUILD/DEFAULT/PRODUCTION/P2_FA_P    romdata   0x300005    program   0x000001
.config_300006_BUILD/DEFAULT/PRODUCTION/P2_FA_P    romdata   0x300006    program   0x000001



                              Program Memory Usage 
                               Start         End      
                           ---------   ---------      
                            0x000000    0x000005      
                            0x000008    0x00000b      
                            0x000018    0x00045d      
                            0x300001    0x300001      
                            0x300003    0x300003      
                            0x300005    0x300006      
            1108 out of 8472 program addresses used, program memory utilization is 13%



                              Symbols - Sorted by Name
                     Name    Address   Location    Storage File                     
                ---------  ---------  ---------  --------- ---------                
                 ACABAT_I   0x000338    program     static /home/mvalsells/LS-SDM-P2-SONO/SDM-P2-FaseA.X/P2_FA_pic_8b_general.asm
               BN_2_ASCII   0x0001ae    program     static /home/mvalsells/LS-SDM-P2-SONO/SDM-P2-FaseA.X/P2_FA_pic_8b_general.asm
          BN_2_ASCII_LOOP   0x0001b4    program     static /home/mvalsells/LS-SDM-P2-SONO/SDM-P2-FaseA.X/P2_FA_pic_8b_general.asm
       BN_2_ASCII_LOOP_FI   0x0001de    program     static /home/mvalsells/LS-SDM-P2-SONO/SDM-P2-FaseA.X/P2_FA_pic_8b_general.asm
            BUCLE2_PWM_05   0x0000e8    program     static /home/mvalsells/LS-SDM-P2-SONO/SDM-P2-FaseA.X/P2_FA_pic_8b_general.asm
         BUCLE_LLEGIR_RAM   0x000400    program     static /home/mvalsells/LS-SDM-P2-SONO/SDM-P2-FaseA.X/P2_FA_pic_8b_general.asm
                BUCLE_NOM   0x000386    program     static /home/mvalsells/LS-SDM-P2-SONO/SDM-P2-FaseA.X/P2_FA_pic_8b_general.asm
             BUCLE_PWM_05   0x0000e4    program     static /home/mvalsells/LS-SDM-P2-SONO/SDM-P2-FaseA.X/P2_FA_pic_8b_general.asm
           BUCLE_PWM_COPS   0x000100    program     static /home/mvalsells/LS-SDM-P2-SONO/SDM-P2-FaseA.X/P2_FA_pic_8b_general.asm
          BUCLE_PWM_GRAUS   0x000106    program     static /home/mvalsells/LS-SDM-P2-SONO/SDM-P2-FaseA.X/P2_FA_pic_8b_general.asm
            CARREGA_TIMER   0x00011c    program     static /home/mvalsells/LS-SDM-P2-SONO/SDM-P2-FaseA.X/P2_FA_pic_8b_general.asm
           CENTENES_ASCII   0x0001da    program     static /home/mvalsells/LS-SDM-P2-SONO/SDM-P2-FaseA.X/P2_FA_pic_8b_general.asm
               COMPTAR_58   0x00018a    program     static /home/mvalsells/LS-SDM-P2-SONO/SDM-P2-FaseA.X/P2_FA_pic_8b_general.asm
             CONTINUA_NOM   0x0003a6    program     static /home/mvalsells/LS-SDM-P2-SONO/SDM-P2-FaseA.X/P2_FA_pic_8b_general.asm
            DESENES_ASCII   0x0001ca    program     static /home/mvalsells/LS-SDM-P2-SONO/SDM-P2-FaseA.X/P2_FA_pic_8b_general.asm
              EEPROM_READ   0x000126    program     static /home/mvalsells/LS-SDM-P2-SONO/SDM-P2-FaseA.X/P2_FA_pic_8b_general.asm
             EEPROM_WRITE   0x000136    program     static /home/mvalsells/LS-SDM-P2-SONO/SDM-P2-FaseA.X/P2_FA_pic_8b_general.asm
                  END_PWM   0x000118    program     static /home/mvalsells/LS-SDM-P2-SONO/SDM-P2-FaseA.X/P2_FA_pic_8b_general.asm
         ESPERA_CONVERSIO   0x000212    program     static /home/mvalsells/LS-SDM-P2-SONO/SDM-P2-FaseA.X/P2_FA_pic_8b_general.asm
              ESPERA_ECHO   0x00017e    program     static /home/mvalsells/LS-SDM-P2-SONO/SDM-P2-FaseA.X/P2_FA_pic_8b_general.asm
   ESPERA_EEPROM_ESCRIURE   0x000160    program     static /home/mvalsells/LS-SDM-P2-SONO/SDM-P2-FaseA.X/P2_FA_pic_8b_general.asm
                ESPERA_TX   0x00023e    program     static /home/mvalsells/LS-SDM-P2-SONO/SDM-P2-FaseA.X/P2_FA_pic_8b_general.asm
                 FI_ASCII   0x0001e8    program     static /home/mvalsells/LS-SDM-P2-SONO/SDM-P2-FaseA.X/P2_FA_pic_8b_general.asm
                     FI_D   0x000304    program     static /home/mvalsells/LS-SDM-P2-SONO/SDM-P2-FaseA.X/P2_FA_pic_8b_general.asm
                 HIGH_RSI   0x0000d8    program     static /home/mvalsells/LS-SDM-P2-SONO/SDM-P2-FaseA.X/P2_FA_pic_8b_general.asm
                INCR_10us   0x00016e    program     static /home/mvalsells/LS-SDM-P2-SONO/SDM-P2-FaseA.X/P2_FA_pic_8b_general.asm
               INICI_ECHO   0x000186    program     static /home/mvalsells/LS-SDM-P2-SONO/SDM-P2-FaseA.X/P2_FA_pic_8b_general.asm
               INIT_ADCON   0x0000a2    program     static /home/mvalsells/LS-SDM-P2-SONO/SDM-P2-FaseA.X/P2_FA_pic_8b_general.asm
              INIT_EEPROM   0x00009c    program     static /home/mvalsells/LS-SDM-P2-SONO/SDM-P2-FaseA.X/P2_FA_pic_8b_general.asm
              INIT_EUSART   0x000076    program     static /home/mvalsells/LS-SDM-P2-SONO/SDM-P2-FaseA.X/P2_FA_pic_8b_general.asm
             INIT_INTCONS   0x00008c    program     static /home/mvalsells/LS-SDM-P2-SONO/SDM-P2-FaseA.X/P2_FA_pic_8b_general.asm
               INIT_PORTS   0x00001a    program     static /home/mvalsells/LS-SDM-P2-SONO/SDM-P2-FaseA.X/P2_FA_pic_8b_general.asm
               INIT_TIMER   0x000096    program     static /home/mvalsells/LS-SDM-P2-SONO/SDM-P2-FaseA.X/P2_FA_pic_8b_general.asm
                INIT_VARS   0x000038    program     static /home/mvalsells/LS-SDM-P2-SONO/SDM-P2-FaseA.X/P2_FA_pic_8b_general.asm
            LECTOR_EUSART   0x00026c    program     static /home/mvalsells/LS-SDM-P2-SONO/SDM-P2-FaseA.X/P2_FA_pic_8b_general.asm
                 LLEGIR_I   0x000316    program     static /home/mvalsells/LS-SDM-P2-SONO/SDM-P2-FaseA.X/P2_FA_pic_8b_general.asm
               LLEGIR_JOY   0x000210    program     static /home/mvalsells/LS-SDM-P2-SONO/SDM-P2-FaseA.X/P2_FA_pic_8b_general.asm
                LLEGIR_RX   0x000246    program     static /home/mvalsells/LS-SDM-P2-SONO/SDM-P2-FaseA.X/P2_FA_pic_8b_general.asm
                     LOOP   0x0000ce    program     static /home/mvalsells/LS-SDM-P2-SONO/SDM-P2-FaseA.X/P2_FA_pic_8b_general.asm
                     MAIN   0x0000ae    program     static /home/mvalsells/LS-SDM-P2-SONO/SDM-P2-FaseA.X/P2_FA_pic_8b_general.asm
                    MEDIR   0x000168    program     static /home/mvalsells/LS-SDM-P2-SONO/SDM-P2-FaseA.X/P2_FA_pic_8b_general.asm
                   MODE_A   0x0002ea    program     static /home/mvalsells/LS-SDM-P2-SONO/SDM-P2-FaseA.X/P2_FA_pic_8b_general.asm
                   MODE_D   0x0002fa    program     static /home/mvalsells/LS-SDM-P2-SONO/SDM-P2-FaseA.X/P2_FA_pic_8b_general.asm
                   MODE_I   0x00030e    program     static /home/mvalsells/LS-SDM-P2-SONO/SDM-P2-FaseA.X/P2_FA_pic_8b_general.asm
                   MODE_M   0x000348    program     static /home/mvalsells/LS-SDM-P2-SONO/SDM-P2-FaseA.X/P2_FA_pic_8b_general.asm
                   MODE_R   0x000356    program     static /home/mvalsells/LS-SDM-P2-SONO/SDM-P2-FaseA.X/P2_FA_pic_8b_general.asm
                   MODE_S   0x00041e    program     static /home/mvalsells/LS-SDM-P2-SONO/SDM-P2-FaseA.X/P2_FA_pic_8b_general.asm
                   MODE_T   0x00042a    program     static /home/mvalsells/LS-SDM-P2-SONO/SDM-P2-FaseA.X/P2_FA_pic_8b_general.asm
                   MODE_U   0x000432    program     static /home/mvalsells/LS-SDM-P2-SONO/SDM-P2-FaseA.X/P2_FA_pic_8b_general.asm
           MOSTRA_MESURES   0x0003ac    program     static /home/mvalsells/LS-SDM-P2-SONO/SDM-P2-FaseA.X/P2_FA_pic_8b_general.asm
                   NEXT_A   0x00028e    program     static /home/mvalsells/LS-SDM-P2-SONO/SDM-P2-FaseA.X/P2_FA_pic_8b_general.asm
                   NEXT_D   0x00029a    program     static /home/mvalsells/LS-SDM-P2-SONO/SDM-P2-FaseA.X/P2_FA_pic_8b_general.asm
                   NEXT_I   0x0002a6    program     static /home/mvalsells/LS-SDM-P2-SONO/SDM-P2-FaseA.X/P2_FA_pic_8b_general.asm
                   NEXT_M   0x0002b2    program     static /home/mvalsells/LS-SDM-P2-SONO/SDM-P2-FaseA.X/P2_FA_pic_8b_general.asm
                   NEXT_R   0x0002be    program     static /home/mvalsells/LS-SDM-P2-SONO/SDM-P2-FaseA.X/P2_FA_pic_8b_general.asm
                   NEXT_S   0x0002ca    program     static /home/mvalsells/LS-SDM-P2-SONO/SDM-P2-FaseA.X/P2_FA_pic_8b_general.asm
                   NEXT_T   0x0002d6    program     static /home/mvalsells/LS-SDM-P2-SONO/SDM-P2-FaseA.X/P2_FA_pic_8b_general.asm
                   NEXT_U   0x0002e2    program     static /home/mvalsells/LS-SDM-P2-SONO/SDM-P2-FaseA.X/P2_FA_pic_8b_general.asm
                 NO_ENTER   0x00032e    program     static /home/mvalsells/LS-SDM-P2-SONO/SDM-P2-FaseA.X/P2_FA_pic_8b_general.asm
                RAM_WRITE   0x000156    program     static /home/mvalsells/LS-SDM-P2-SONO/SDM-P2-FaseA.X/P2_FA_pic_8b_general.asm
            TX_BN_2_ASCII   0x0001f6    program     static /home/mvalsells/LS-SDM-P2-SONO/SDM-P2-FaseA.X/P2_FA_pic_8b_general.asm
                 TX_ENTER   0x00025a    program     static /home/mvalsells/LS-SDM-P2-SONO/SDM-P2-FaseA.X/P2_FA_pic_8b_general.asm



                              Symbols - Sorted by Address
                     Name    Address   Location    Storage File                     
                ---------  ---------  ---------  --------- ---------                
               INIT_PORTS   0x00001a    program     static /home/mvalsells/LS-SDM-P2-SONO/SDM-P2-FaseA.X/P2_FA_pic_8b_general.asm
                INIT_VARS   0x000038    program     static /home/mvalsells/LS-SDM-P2-SONO/SDM-P2-FaseA.X/P2_FA_pic_8b_general.asm
              INIT_EUSART   0x000076    program     static /home/mvalsells/LS-SDM-P2-SONO/SDM-P2-FaseA.X/P2_FA_pic_8b_general.asm
             INIT_INTCONS   0x00008c    program     static /home/mvalsells/LS-SDM-P2-SONO/SDM-P2-FaseA.X/P2_FA_pic_8b_general.asm
               INIT_TIMER   0x000096    program     static /home/mvalsells/LS-SDM-P2-SONO/SDM-P2-FaseA.X/P2_FA_pic_8b_general.asm
              INIT_EEPROM   0x00009c    program     static /home/mvalsells/LS-SDM-P2-SONO/SDM-P2-FaseA.X/P2_FA_pic_8b_general.asm
               INIT_ADCON   0x0000a2    program     static /home/mvalsells/LS-SDM-P2-SONO/SDM-P2-FaseA.X/P2_FA_pic_8b_general.asm
                     MAIN   0x0000ae    program     static /home/mvalsells/LS-SDM-P2-SONO/SDM-P2-FaseA.X/P2_FA_pic_8b_general.asm
                     LOOP   0x0000ce    program     static /home/mvalsells/LS-SDM-P2-SONO/SDM-P2-FaseA.X/P2_FA_pic_8b_general.asm
                 HIGH_RSI   0x0000d8    program     static /home/mvalsells/LS-SDM-P2-SONO/SDM-P2-FaseA.X/P2_FA_pic_8b_general.asm
             BUCLE_PWM_05   0x0000e4    program     static /home/mvalsells/LS-SDM-P2-SONO/SDM-P2-FaseA.X/P2_FA_pic_8b_general.asm
            BUCLE2_PWM_05   0x0000e8    program     static /home/mvalsells/LS-SDM-P2-SONO/SDM-P2-FaseA.X/P2_FA_pic_8b_general.asm
           BUCLE_PWM_COPS   0x000100    program     static /home/mvalsells/LS-SDM-P2-SONO/SDM-P2-FaseA.X/P2_FA_pic_8b_general.asm
          BUCLE_PWM_GRAUS   0x000106    program     static /home/mvalsells/LS-SDM-P2-SONO/SDM-P2-FaseA.X/P2_FA_pic_8b_general.asm
                  END_PWM   0x000118    program     static /home/mvalsells/LS-SDM-P2-SONO/SDM-P2-FaseA.X/P2_FA_pic_8b_general.asm
            CARREGA_TIMER   0x00011c    program     static /home/mvalsells/LS-SDM-P2-SONO/SDM-P2-FaseA.X/P2_FA_pic_8b_general.asm
              EEPROM_READ   0x000126    program     static /home/mvalsells/LS-SDM-P2-SONO/SDM-P2-FaseA.X/P2_FA_pic_8b_general.asm
             EEPROM_WRITE   0x000136    program     static /home/mvalsells/LS-SDM-P2-SONO/SDM-P2-FaseA.X/P2_FA_pic_8b_general.asm
                RAM_WRITE   0x000156    program     static /home/mvalsells/LS-SDM-P2-SONO/SDM-P2-FaseA.X/P2_FA_pic_8b_general.asm
   ESPERA_EEPROM_ESCRIURE   0x000160    program     static /home/mvalsells/LS-SDM-P2-SONO/SDM-P2-FaseA.X/P2_FA_pic_8b_general.asm
                    MEDIR   0x000168    program     static /home/mvalsells/LS-SDM-P2-SONO/SDM-P2-FaseA.X/P2_FA_pic_8b_general.asm
                INCR_10us   0x00016e    program     static /home/mvalsells/LS-SDM-P2-SONO/SDM-P2-FaseA.X/P2_FA_pic_8b_general.asm
              ESPERA_ECHO   0x00017e    program     static /home/mvalsells/LS-SDM-P2-SONO/SDM-P2-FaseA.X/P2_FA_pic_8b_general.asm
               INICI_ECHO   0x000186    program     static /home/mvalsells/LS-SDM-P2-SONO/SDM-P2-FaseA.X/P2_FA_pic_8b_general.asm
               COMPTAR_58   0x00018a    program     static /home/mvalsells/LS-SDM-P2-SONO/SDM-P2-FaseA.X/P2_FA_pic_8b_general.asm
               BN_2_ASCII   0x0001ae    program     static /home/mvalsells/LS-SDM-P2-SONO/SDM-P2-FaseA.X/P2_FA_pic_8b_general.asm
          BN_2_ASCII_LOOP   0x0001b4    program     static /home/mvalsells/LS-SDM-P2-SONO/SDM-P2-FaseA.X/P2_FA_pic_8b_general.asm
            DESENES_ASCII   0x0001ca    program     static /home/mvalsells/LS-SDM-P2-SONO/SDM-P2-FaseA.X/P2_FA_pic_8b_general.asm
           CENTENES_ASCII   0x0001da    program     static /home/mvalsells/LS-SDM-P2-SONO/SDM-P2-FaseA.X/P2_FA_pic_8b_general.asm
       BN_2_ASCII_LOOP_FI   0x0001de    program     static /home/mvalsells/LS-SDM-P2-SONO/SDM-P2-FaseA.X/P2_FA_pic_8b_general.asm
                 FI_ASCII   0x0001e8    program     static /home/mvalsells/LS-SDM-P2-SONO/SDM-P2-FaseA.X/P2_FA_pic_8b_general.asm
            TX_BN_2_ASCII   0x0001f6    program     static /home/mvalsells/LS-SDM-P2-SONO/SDM-P2-FaseA.X/P2_FA_pic_8b_general.asm
               LLEGIR_JOY   0x000210    program     static /home/mvalsells/LS-SDM-P2-SONO/SDM-P2-FaseA.X/P2_FA_pic_8b_general.asm
         ESPERA_CONVERSIO   0x000212    program     static /home/mvalsells/LS-SDM-P2-SONO/SDM-P2-FaseA.X/P2_FA_pic_8b_general.asm
                ESPERA_TX   0x00023e    program     static /home/mvalsells/LS-SDM-P2-SONO/SDM-P2-FaseA.X/P2_FA_pic_8b_general.asm
                LLEGIR_RX   0x000246    program     static /home/mvalsells/LS-SDM-P2-SONO/SDM-P2-FaseA.X/P2_FA_pic_8b_general.asm
                 TX_ENTER   0x00025a    program     static /home/mvalsells/LS-SDM-P2-SONO/SDM-P2-FaseA.X/P2_FA_pic_8b_general.asm
            LECTOR_EUSART   0x00026c    program     static /home/mvalsells/LS-SDM-P2-SONO/SDM-P2-FaseA.X/P2_FA_pic_8b_general.asm
                   NEXT_A   0x00028e    program     static /home/mvalsells/LS-SDM-P2-SONO/SDM-P2-FaseA.X/P2_FA_pic_8b_general.asm
                   NEXT_D   0x00029a    program     static /home/mvalsells/LS-SDM-P2-SONO/SDM-P2-FaseA.X/P2_FA_pic_8b_general.asm
                   NEXT_I   0x0002a6    program     static /home/mvalsells/LS-SDM-P2-SONO/SDM-P2-FaseA.X/P2_FA_pic_8b_general.asm
                   NEXT_M   0x0002b2    program     static /home/mvalsells/LS-SDM-P2-SONO/SDM-P2-FaseA.X/P2_FA_pic_8b_general.asm
                   NEXT_R   0x0002be    program     static /home/mvalsells/LS-SDM-P2-SONO/SDM-P2-FaseA.X/P2_FA_pic_8b_general.asm
                   NEXT_S   0x0002ca    program     static /home/mvalsells/LS-SDM-P2-SONO/SDM-P2-FaseA.X/P2_FA_pic_8b_general.asm
                   NEXT_T   0x0002d6    program     static /home/mvalsells/LS-SDM-P2-SONO/SDM-P2-FaseA.X/P2_FA_pic_8b_general.asm
                   NEXT_U   0x0002e2    program     static /home/mvalsells/LS-SDM-P2-SONO/SDM-P2-FaseA.X/P2_FA_pic_8b_general.asm
                   MODE_A   0x0002ea    program     static /home/mvalsells/LS-SDM-P2-SONO/SDM-P2-FaseA.X/P2_FA_pic_8b_general.asm
                   MODE_D   0x0002fa    program     static /home/mvalsells/LS-SDM-P2-SONO/SDM-P2-FaseA.X/P2_FA_pic_8b_general.asm
                     FI_D   0x000304    program     static /home/mvalsells/LS-SDM-P2-SONO/SDM-P2-FaseA.X/P2_FA_pic_8b_general.asm
                   MODE_I   0x00030e    program     static /home/mvalsells/LS-SDM-P2-SONO/SDM-P2-FaseA.X/P2_FA_pic_8b_general.asm
                 LLEGIR_I   0x000316    program     static /home/mvalsells/LS-SDM-P2-SONO/SDM-P2-FaseA.X/P2_FA_pic_8b_general.asm
                 NO_ENTER   0x00032e    program     static /home/mvalsells/LS-SDM-P2-SONO/SDM-P2-FaseA.X/P2_FA_pic_8b_general.asm
                 ACABAT_I   0x000338    program     static /home/mvalsells/LS-SDM-P2-SONO/SDM-P2-FaseA.X/P2_FA_pic_8b_general.asm
                   MODE_M   0x000348    program     static /home/mvalsells/LS-SDM-P2-SONO/SDM-P2-FaseA.X/P2_FA_pic_8b_general.asm
                   MODE_R   0x000356    program     static /home/mvalsells/LS-SDM-P2-SONO/SDM-P2-FaseA.X/P2_FA_pic_8b_general.asm
                BUCLE_NOM   0x000386    program     static /home/mvalsells/LS-SDM-P2-SONO/SDM-P2-FaseA.X/P2_FA_pic_8b_general.asm
             CONTINUA_NOM   0x0003a6    program     static /home/mvalsells/LS-SDM-P2-SONO/SDM-P2-FaseA.X/P2_FA_pic_8b_general.asm
           MOSTRA_MESURES   0x0003ac    program     static /home/mvalsells/LS-SDM-P2-SONO/SDM-P2-FaseA.X/P2_FA_pic_8b_general.asm
         BUCLE_LLEGIR_RAM   0x000400    program     static /home/mvalsells/LS-SDM-P2-SONO/SDM-P2-FaseA.X/P2_FA_pic_8b_general.asm
                   MODE_S   0x00041e    program     static /home/mvalsells/LS-SDM-P2-SONO/SDM-P2-FaseA.X/P2_FA_pic_8b_general.asm
                   MODE_T   0x00042a    program     static /home/mvalsells/LS-SDM-P2-SONO/SDM-P2-FaseA.X/P2_FA_pic_8b_general.asm
                   MODE_U   0x000432    program     static /home/mvalsells/LS-SDM-P2-SONO/SDM-P2-FaseA.X/P2_FA_pic_8b_general.asm


