MPLINK 5.09, LINKER
Linker Map File - Created Mon Mar 29 17:13:02 2021

                                 Section Info
                  Section       Type    Address   Location Size(Bytes)
                ---------  ---------  ---------  ---------  ---------
                   .org_0       code   0x000000    program   0x000004
                   .cinit    romdata   0x000004    program   0x000002
                   .org_1       code   0x000008    program   0x000004
                   .org_2       code   0x000018    program   0x00049a
.config_300001_BUILD/DEFAULT/PRODUCTION/P2_FA_P    romdata   0x300001    program   0x000001
.config_300003_BUILD/DEFAULT/PRODUCTION/P2_FA_P    romdata   0x300003    program   0x000001
.config_300005_BUILD/DEFAULT/PRODUCTION/P2_FA_P    romdata   0x300005    program   0x000001
.config_300006_BUILD/DEFAULT/PRODUCTION/P2_FA_P    romdata   0x300006    program   0x000001



                              Program Memory Usage 
                               Start         End      
                           ---------   ---------      
                            0x000000    0x000005      
                            0x000008    0x00000b      
                            0x000018    0x0004b1      
                            0x300001    0x300001      
                            0x300003    0x300003      
                            0x300005    0x300006      
            1192 out of 8472 program addresses used, program memory utilization is 14%



                              Symbols - Sorted by Name
                     Name    Address   Location    Storage File                     
                ---------  ---------  ---------  --------- ---------                
                 ACABAT_I   0x00038c    program     static C:\Users\alber\OneDrive - La Salle\Compus\P2\LS-SDM-P2-SONO\SDM-P2-FaseA.X\P2_FA_pic_8b_general.asm
               BN_2_ASCII   0x0001aa    program     static C:\Users\alber\OneDrive - La Salle\Compus\P2\LS-SDM-P2-SONO\SDM-P2-FaseA.X\P2_FA_pic_8b_general.asm
          BN_2_ASCII_LOOP   0x0001b0    program     static C:\Users\alber\OneDrive - La Salle\Compus\P2\LS-SDM-P2-SONO\SDM-P2-FaseA.X\P2_FA_pic_8b_general.asm
       BN_2_ASCII_LOOP_FI   0x0001da    program     static C:\Users\alber\OneDrive - La Salle\Compus\P2\LS-SDM-P2-SONO\SDM-P2-FaseA.X\P2_FA_pic_8b_general.asm
               BUCLE2_D_1   0x000354    program     static C:\Users\alber\OneDrive - La Salle\Compus\P2\LS-SDM-P2-SONO\SDM-P2-FaseA.X\P2_FA_pic_8b_general.asm
            BUCLE2_PWM_05   0x0000e8    program     static C:\Users\alber\OneDrive - La Salle\Compus\P2\LS-SDM-P2-SONO\SDM-P2-FaseA.X\P2_FA_pic_8b_general.asm
                BUCLE_D_1   0x000352    program     static C:\Users\alber\OneDrive - La Salle\Compus\P2\LS-SDM-P2-SONO\SDM-P2-FaseA.X\P2_FA_pic_8b_general.asm
         BUCLE_LLEGIR_RAM   0x000454    program     static C:\Users\alber\OneDrive - La Salle\Compus\P2\LS-SDM-P2-SONO\SDM-P2-FaseA.X\P2_FA_pic_8b_general.asm
                BUCLE_NOM   0x0003da    program     static C:\Users\alber\OneDrive - La Salle\Compus\P2\LS-SDM-P2-SONO\SDM-P2-FaseA.X\P2_FA_pic_8b_general.asm
             BUCLE_PWM_05   0x0000e4    program     static C:\Users\alber\OneDrive - La Salle\Compus\P2\LS-SDM-P2-SONO\SDM-P2-FaseA.X\P2_FA_pic_8b_general.asm
           BUCLE_PWM_COPS   0x000100    program     static C:\Users\alber\OneDrive - La Salle\Compus\P2\LS-SDM-P2-SONO\SDM-P2-FaseA.X\P2_FA_pic_8b_general.asm
          BUCLE_PWM_GRAUS   0x000104    program     static C:\Users\alber\OneDrive - La Salle\Compus\P2\LS-SDM-P2-SONO\SDM-P2-FaseA.X\P2_FA_pic_8b_general.asm
            CARREGA_TIMER   0x000118    program     static C:\Users\alber\OneDrive - La Salle\Compus\P2\LS-SDM-P2-SONO\SDM-P2-FaseA.X\P2_FA_pic_8b_general.asm
           CENTENES_ASCII   0x0001d6    program     static C:\Users\alber\OneDrive - La Salle\Compus\P2\LS-SDM-P2-SONO\SDM-P2-FaseA.X\P2_FA_pic_8b_general.asm
               COMPTAR_58   0x000186    program     static C:\Users\alber\OneDrive - La Salle\Compus\P2\LS-SDM-P2-SONO\SDM-P2-FaseA.X\P2_FA_pic_8b_general.asm
             CONTINUA_NOM   0x0003fa    program     static C:\Users\alber\OneDrive - La Salle\Compus\P2\LS-SDM-P2-SONO\SDM-P2-FaseA.X\P2_FA_pic_8b_general.asm
           CONTROL_REBOTS   0x000350    program     static C:\Users\alber\OneDrive - La Salle\Compus\P2\LS-SDM-P2-SONO\SDM-P2-FaseA.X\P2_FA_pic_8b_general.asm
            DESENES_ASCII   0x0001c6    program     static C:\Users\alber\OneDrive - La Salle\Compus\P2\LS-SDM-P2-SONO\SDM-P2-FaseA.X\P2_FA_pic_8b_general.asm
              EEPROM_READ   0x000122    program     static C:\Users\alber\OneDrive - La Salle\Compus\P2\LS-SDM-P2-SONO\SDM-P2-FaseA.X\P2_FA_pic_8b_general.asm
             EEPROM_WRITE   0x000132    program     static C:\Users\alber\OneDrive - La Salle\Compus\P2\LS-SDM-P2-SONO\SDM-P2-FaseA.X\P2_FA_pic_8b_general.asm
                  END_PWM   0x000114    program     static C:\Users\alber\OneDrive - La Salle\Compus\P2\LS-SDM-P2-SONO\SDM-P2-FaseA.X\P2_FA_pic_8b_general.asm
              ESPERA_BTN1   0x000318    program     static C:\Users\alber\OneDrive - La Salle\Compus\P2\LS-SDM-P2-SONO\SDM-P2-FaseA.X\P2_FA_pic_8b_general.asm
              ESPERA_BTN2   0x000340    program     static C:\Users\alber\OneDrive - La Salle\Compus\P2\LS-SDM-P2-SONO\SDM-P2-FaseA.X\P2_FA_pic_8b_general.asm
         ESPERA_CONVERSIO   0x00020e    program     static C:\Users\alber\OneDrive - La Salle\Compus\P2\LS-SDM-P2-SONO\SDM-P2-FaseA.X\P2_FA_pic_8b_general.asm
              ESPERA_ECHO   0x00017a    program     static C:\Users\alber\OneDrive - La Salle\Compus\P2\LS-SDM-P2-SONO\SDM-P2-FaseA.X\P2_FA_pic_8b_general.asm
   ESPERA_EEPROM_ESCRIURE   0x00015c    program     static C:\Users\alber\OneDrive - La Salle\Compus\P2\LS-SDM-P2-SONO\SDM-P2-FaseA.X\P2_FA_pic_8b_general.asm
                ESPERA_TX   0x00023a    program     static C:\Users\alber\OneDrive - La Salle\Compus\P2\LS-SDM-P2-SONO\SDM-P2-FaseA.X\P2_FA_pic_8b_general.asm
                 FI_ASCII   0x0001e4    program     static C:\Users\alber\OneDrive - La Salle\Compus\P2\LS-SDM-P2-SONO\SDM-P2-FaseA.X\P2_FA_pic_8b_general.asm
                     FI_D   0x000346    program     static C:\Users\alber\OneDrive - La Salle\Compus\P2\LS-SDM-P2-SONO\SDM-P2-FaseA.X\P2_FA_pic_8b_general.asm
                 HIGH_RSI   0x0000d8    program     static C:\Users\alber\OneDrive - La Salle\Compus\P2\LS-SDM-P2-SONO\SDM-P2-FaseA.X\P2_FA_pic_8b_general.asm
                INCR_10us   0x00016a    program     static C:\Users\alber\OneDrive - La Salle\Compus\P2\LS-SDM-P2-SONO\SDM-P2-FaseA.X\P2_FA_pic_8b_general.asm
               INICI_ECHO   0x000182    program     static C:\Users\alber\OneDrive - La Salle\Compus\P2\LS-SDM-P2-SONO\SDM-P2-FaseA.X\P2_FA_pic_8b_general.asm
               INIT_ADCON   0x0000a2    program     static C:\Users\alber\OneDrive - La Salle\Compus\P2\LS-SDM-P2-SONO\SDM-P2-FaseA.X\P2_FA_pic_8b_general.asm
              INIT_EEPROM   0x00009c    program     static C:\Users\alber\OneDrive - La Salle\Compus\P2\LS-SDM-P2-SONO\SDM-P2-FaseA.X\P2_FA_pic_8b_general.asm
              INIT_EUSART   0x000076    program     static C:\Users\alber\OneDrive - La Salle\Compus\P2\LS-SDM-P2-SONO\SDM-P2-FaseA.X\P2_FA_pic_8b_general.asm
             INIT_INTCONS   0x00008c    program     static C:\Users\alber\OneDrive - La Salle\Compus\P2\LS-SDM-P2-SONO\SDM-P2-FaseA.X\P2_FA_pic_8b_general.asm
               INIT_PORTS   0x00001a    program     static C:\Users\alber\OneDrive - La Salle\Compus\P2\LS-SDM-P2-SONO\SDM-P2-FaseA.X\P2_FA_pic_8b_general.asm
               INIT_TIMER   0x000096    program     static C:\Users\alber\OneDrive - La Salle\Compus\P2\LS-SDM-P2-SONO\SDM-P2-FaseA.X\P2_FA_pic_8b_general.asm
                INIT_VARS   0x000038    program     static C:\Users\alber\OneDrive - La Salle\Compus\P2\LS-SDM-P2-SONO\SDM-P2-FaseA.X\P2_FA_pic_8b_general.asm
            LECTOR_EUSART   0x000268    program     static C:\Users\alber\OneDrive - La Salle\Compus\P2\LS-SDM-P2-SONO\SDM-P2-FaseA.X\P2_FA_pic_8b_general.asm
                 LLEGIR_I   0x00036a    program     static C:\Users\alber\OneDrive - La Salle\Compus\P2\LS-SDM-P2-SONO\SDM-P2-FaseA.X\P2_FA_pic_8b_general.asm
               LLEGIR_JOY   0x00020c    program     static C:\Users\alber\OneDrive - La Salle\Compus\P2\LS-SDM-P2-SONO\SDM-P2-FaseA.X\P2_FA_pic_8b_general.asm
                LLEGIR_RX   0x000242    program     static C:\Users\alber\OneDrive - La Salle\Compus\P2\LS-SDM-P2-SONO\SDM-P2-FaseA.X\P2_FA_pic_8b_general.asm
                     LOOP   0x0000ce    program     static C:\Users\alber\OneDrive - La Salle\Compus\P2\LS-SDM-P2-SONO\SDM-P2-FaseA.X\P2_FA_pic_8b_general.asm
                     MAIN   0x0000ae    program     static C:\Users\alber\OneDrive - La Salle\Compus\P2\LS-SDM-P2-SONO\SDM-P2-FaseA.X\P2_FA_pic_8b_general.asm
                    MEDIR   0x000164    program     static C:\Users\alber\OneDrive - La Salle\Compus\P2\LS-SDM-P2-SONO\SDM-P2-FaseA.X\P2_FA_pic_8b_general.asm
                   MODE_A   0x0002e2    program     static C:\Users\alber\OneDrive - La Salle\Compus\P2\LS-SDM-P2-SONO\SDM-P2-FaseA.X\P2_FA_pic_8b_general.asm
                   MODE_D   0x0002f2    program     static C:\Users\alber\OneDrive - La Salle\Compus\P2\LS-SDM-P2-SONO\SDM-P2-FaseA.X\P2_FA_pic_8b_general.asm
                   MODE_I   0x000362    program     static C:\Users\alber\OneDrive - La Salle\Compus\P2\LS-SDM-P2-SONO\SDM-P2-FaseA.X\P2_FA_pic_8b_general.asm
                   MODE_M   0x00039c    program     static C:\Users\alber\OneDrive - La Salle\Compus\P2\LS-SDM-P2-SONO\SDM-P2-FaseA.X\P2_FA_pic_8b_general.asm
                   MODE_R   0x0003aa    program     static C:\Users\alber\OneDrive - La Salle\Compus\P2\LS-SDM-P2-SONO\SDM-P2-FaseA.X\P2_FA_pic_8b_general.asm
                   MODE_S   0x000472    program     static C:\Users\alber\OneDrive - La Salle\Compus\P2\LS-SDM-P2-SONO\SDM-P2-FaseA.X\P2_FA_pic_8b_general.asm
                   MODE_T   0x00047e    program     static C:\Users\alber\OneDrive - La Salle\Compus\P2\LS-SDM-P2-SONO\SDM-P2-FaseA.X\P2_FA_pic_8b_general.asm
                   MODE_U   0x000486    program     static C:\Users\alber\OneDrive - La Salle\Compus\P2\LS-SDM-P2-SONO\SDM-P2-FaseA.X\P2_FA_pic_8b_general.asm
           MOSTRA_MESURES   0x000400    program     static C:\Users\alber\OneDrive - La Salle\Compus\P2\LS-SDM-P2-SONO\SDM-P2-FaseA.X\P2_FA_pic_8b_general.asm
                   NEXT_A   0x00028a    program     static C:\Users\alber\OneDrive - La Salle\Compus\P2\LS-SDM-P2-SONO\SDM-P2-FaseA.X\P2_FA_pic_8b_general.asm
                 NEXT_BTN   0x00031e    program     static C:\Users\alber\OneDrive - La Salle\Compus\P2\LS-SDM-P2-SONO\SDM-P2-FaseA.X\P2_FA_pic_8b_general.asm
                   NEXT_D   0x000296    program     static C:\Users\alber\OneDrive - La Salle\Compus\P2\LS-SDM-P2-SONO\SDM-P2-FaseA.X\P2_FA_pic_8b_general.asm
                   NEXT_I   0x0002a2    program     static C:\Users\alber\OneDrive - La Salle\Compus\P2\LS-SDM-P2-SONO\SDM-P2-FaseA.X\P2_FA_pic_8b_general.asm
                   NEXT_M   0x0002ae    program     static C:\Users\alber\OneDrive - La Salle\Compus\P2\LS-SDM-P2-SONO\SDM-P2-FaseA.X\P2_FA_pic_8b_general.asm
                   NEXT_R   0x0002ba    program     static C:\Users\alber\OneDrive - La Salle\Compus\P2\LS-SDM-P2-SONO\SDM-P2-FaseA.X\P2_FA_pic_8b_general.asm
                   NEXT_S   0x0002c6    program     static C:\Users\alber\OneDrive - La Salle\Compus\P2\LS-SDM-P2-SONO\SDM-P2-FaseA.X\P2_FA_pic_8b_general.asm
                   NEXT_T   0x0002d2    program     static C:\Users\alber\OneDrive - La Salle\Compus\P2\LS-SDM-P2-SONO\SDM-P2-FaseA.X\P2_FA_pic_8b_general.asm
                   NEXT_U   0x0002de    program     static C:\Users\alber\OneDrive - La Salle\Compus\P2\LS-SDM-P2-SONO\SDM-P2-FaseA.X\P2_FA_pic_8b_general.asm
                 NO_ENTER   0x000382    program     static C:\Users\alber\OneDrive - La Salle\Compus\P2\LS-SDM-P2-SONO\SDM-P2-FaseA.X\P2_FA_pic_8b_general.asm
                RAM_WRITE   0x000152    program     static C:\Users\alber\OneDrive - La Salle\Compus\P2\LS-SDM-P2-SONO\SDM-P2-FaseA.X\P2_FA_pic_8b_general.asm
            TX_BN_2_ASCII   0x0001f2    program     static C:\Users\alber\OneDrive - La Salle\Compus\P2\LS-SDM-P2-SONO\SDM-P2-FaseA.X\P2_FA_pic_8b_general.asm
                 TX_ENTER   0x000256    program     static C:\Users\alber\OneDrive - La Salle\Compus\P2\LS-SDM-P2-SONO\SDM-P2-FaseA.X\P2_FA_pic_8b_general.asm



                              Symbols - Sorted by Address
                     Name    Address   Location    Storage File                     
                ---------  ---------  ---------  --------- ---------                
               INIT_PORTS   0x00001a    program     static C:\Users\alber\OneDrive - La Salle\Compus\P2\LS-SDM-P2-SONO\SDM-P2-FaseA.X\P2_FA_pic_8b_general.asm
                INIT_VARS   0x000038    program     static C:\Users\alber\OneDrive - La Salle\Compus\P2\LS-SDM-P2-SONO\SDM-P2-FaseA.X\P2_FA_pic_8b_general.asm
              INIT_EUSART   0x000076    program     static C:\Users\alber\OneDrive - La Salle\Compus\P2\LS-SDM-P2-SONO\SDM-P2-FaseA.X\P2_FA_pic_8b_general.asm
             INIT_INTCONS   0x00008c    program     static C:\Users\alber\OneDrive - La Salle\Compus\P2\LS-SDM-P2-SONO\SDM-P2-FaseA.X\P2_FA_pic_8b_general.asm
               INIT_TIMER   0x000096    program     static C:\Users\alber\OneDrive - La Salle\Compus\P2\LS-SDM-P2-SONO\SDM-P2-FaseA.X\P2_FA_pic_8b_general.asm
              INIT_EEPROM   0x00009c    program     static C:\Users\alber\OneDrive - La Salle\Compus\P2\LS-SDM-P2-SONO\SDM-P2-FaseA.X\P2_FA_pic_8b_general.asm
               INIT_ADCON   0x0000a2    program     static C:\Users\alber\OneDrive - La Salle\Compus\P2\LS-SDM-P2-SONO\SDM-P2-FaseA.X\P2_FA_pic_8b_general.asm
                     MAIN   0x0000ae    program     static C:\Users\alber\OneDrive - La Salle\Compus\P2\LS-SDM-P2-SONO\SDM-P2-FaseA.X\P2_FA_pic_8b_general.asm
                     LOOP   0x0000ce    program     static C:\Users\alber\OneDrive - La Salle\Compus\P2\LS-SDM-P2-SONO\SDM-P2-FaseA.X\P2_FA_pic_8b_general.asm
                 HIGH_RSI   0x0000d8    program     static C:\Users\alber\OneDrive - La Salle\Compus\P2\LS-SDM-P2-SONO\SDM-P2-FaseA.X\P2_FA_pic_8b_general.asm
             BUCLE_PWM_05   0x0000e4    program     static C:\Users\alber\OneDrive - La Salle\Compus\P2\LS-SDM-P2-SONO\SDM-P2-FaseA.X\P2_FA_pic_8b_general.asm
            BUCLE2_PWM_05   0x0000e8    program     static C:\Users\alber\OneDrive - La Salle\Compus\P2\LS-SDM-P2-SONO\SDM-P2-FaseA.X\P2_FA_pic_8b_general.asm
           BUCLE_PWM_COPS   0x000100    program     static C:\Users\alber\OneDrive - La Salle\Compus\P2\LS-SDM-P2-SONO\SDM-P2-FaseA.X\P2_FA_pic_8b_general.asm
          BUCLE_PWM_GRAUS   0x000104    program     static C:\Users\alber\OneDrive - La Salle\Compus\P2\LS-SDM-P2-SONO\SDM-P2-FaseA.X\P2_FA_pic_8b_general.asm
                  END_PWM   0x000114    program     static C:\Users\alber\OneDrive - La Salle\Compus\P2\LS-SDM-P2-SONO\SDM-P2-FaseA.X\P2_FA_pic_8b_general.asm
            CARREGA_TIMER   0x000118    program     static C:\Users\alber\OneDrive - La Salle\Compus\P2\LS-SDM-P2-SONO\SDM-P2-FaseA.X\P2_FA_pic_8b_general.asm
              EEPROM_READ   0x000122    program     static C:\Users\alber\OneDrive - La Salle\Compus\P2\LS-SDM-P2-SONO\SDM-P2-FaseA.X\P2_FA_pic_8b_general.asm
             EEPROM_WRITE   0x000132    program     static C:\Users\alber\OneDrive - La Salle\Compus\P2\LS-SDM-P2-SONO\SDM-P2-FaseA.X\P2_FA_pic_8b_general.asm
                RAM_WRITE   0x000152    program     static C:\Users\alber\OneDrive - La Salle\Compus\P2\LS-SDM-P2-SONO\SDM-P2-FaseA.X\P2_FA_pic_8b_general.asm
   ESPERA_EEPROM_ESCRIURE   0x00015c    program     static C:\Users\alber\OneDrive - La Salle\Compus\P2\LS-SDM-P2-SONO\SDM-P2-FaseA.X\P2_FA_pic_8b_general.asm
                    MEDIR   0x000164    program     static C:\Users\alber\OneDrive - La Salle\Compus\P2\LS-SDM-P2-SONO\SDM-P2-FaseA.X\P2_FA_pic_8b_general.asm
                INCR_10us   0x00016a    program     static C:\Users\alber\OneDrive - La Salle\Compus\P2\LS-SDM-P2-SONO\SDM-P2-FaseA.X\P2_FA_pic_8b_general.asm
              ESPERA_ECHO   0x00017a    program     static C:\Users\alber\OneDrive - La Salle\Compus\P2\LS-SDM-P2-SONO\SDM-P2-FaseA.X\P2_FA_pic_8b_general.asm
               INICI_ECHO   0x000182    program     static C:\Users\alber\OneDrive - La Salle\Compus\P2\LS-SDM-P2-SONO\SDM-P2-FaseA.X\P2_FA_pic_8b_general.asm
               COMPTAR_58   0x000186    program     static C:\Users\alber\OneDrive - La Salle\Compus\P2\LS-SDM-P2-SONO\SDM-P2-FaseA.X\P2_FA_pic_8b_general.asm
               BN_2_ASCII   0x0001aa    program     static C:\Users\alber\OneDrive - La Salle\Compus\P2\LS-SDM-P2-SONO\SDM-P2-FaseA.X\P2_FA_pic_8b_general.asm
          BN_2_ASCII_LOOP   0x0001b0    program     static C:\Users\alber\OneDrive - La Salle\Compus\P2\LS-SDM-P2-SONO\SDM-P2-FaseA.X\P2_FA_pic_8b_general.asm
            DESENES_ASCII   0x0001c6    program     static C:\Users\alber\OneDrive - La Salle\Compus\P2\LS-SDM-P2-SONO\SDM-P2-FaseA.X\P2_FA_pic_8b_general.asm
           CENTENES_ASCII   0x0001d6    program     static C:\Users\alber\OneDrive - La Salle\Compus\P2\LS-SDM-P2-SONO\SDM-P2-FaseA.X\P2_FA_pic_8b_general.asm
       BN_2_ASCII_LOOP_FI   0x0001da    program     static C:\Users\alber\OneDrive - La Salle\Compus\P2\LS-SDM-P2-SONO\SDM-P2-FaseA.X\P2_FA_pic_8b_general.asm
                 FI_ASCII   0x0001e4    program     static C:\Users\alber\OneDrive - La Salle\Compus\P2\LS-SDM-P2-SONO\SDM-P2-FaseA.X\P2_FA_pic_8b_general.asm
            TX_BN_2_ASCII   0x0001f2    program     static C:\Users\alber\OneDrive - La Salle\Compus\P2\LS-SDM-P2-SONO\SDM-P2-FaseA.X\P2_FA_pic_8b_general.asm
               LLEGIR_JOY   0x00020c    program     static C:\Users\alber\OneDrive - La Salle\Compus\P2\LS-SDM-P2-SONO\SDM-P2-FaseA.X\P2_FA_pic_8b_general.asm
         ESPERA_CONVERSIO   0x00020e    program     static C:\Users\alber\OneDrive - La Salle\Compus\P2\LS-SDM-P2-SONO\SDM-P2-FaseA.X\P2_FA_pic_8b_general.asm
                ESPERA_TX   0x00023a    program     static C:\Users\alber\OneDrive - La Salle\Compus\P2\LS-SDM-P2-SONO\SDM-P2-FaseA.X\P2_FA_pic_8b_general.asm
                LLEGIR_RX   0x000242    program     static C:\Users\alber\OneDrive - La Salle\Compus\P2\LS-SDM-P2-SONO\SDM-P2-FaseA.X\P2_FA_pic_8b_general.asm
                 TX_ENTER   0x000256    program     static C:\Users\alber\OneDrive - La Salle\Compus\P2\LS-SDM-P2-SONO\SDM-P2-FaseA.X\P2_FA_pic_8b_general.asm
            LECTOR_EUSART   0x000268    program     static C:\Users\alber\OneDrive - La Salle\Compus\P2\LS-SDM-P2-SONO\SDM-P2-FaseA.X\P2_FA_pic_8b_general.asm
                   NEXT_A   0x00028a    program     static C:\Users\alber\OneDrive - La Salle\Compus\P2\LS-SDM-P2-SONO\SDM-P2-FaseA.X\P2_FA_pic_8b_general.asm
                   NEXT_D   0x000296    program     static C:\Users\alber\OneDrive - La Salle\Compus\P2\LS-SDM-P2-SONO\SDM-P2-FaseA.X\P2_FA_pic_8b_general.asm
                   NEXT_I   0x0002a2    program     static C:\Users\alber\OneDrive - La Salle\Compus\P2\LS-SDM-P2-SONO\SDM-P2-FaseA.X\P2_FA_pic_8b_general.asm
                   NEXT_M   0x0002ae    program     static C:\Users\alber\OneDrive - La Salle\Compus\P2\LS-SDM-P2-SONO\SDM-P2-FaseA.X\P2_FA_pic_8b_general.asm
                   NEXT_R   0x0002ba    program     static C:\Users\alber\OneDrive - La Salle\Compus\P2\LS-SDM-P2-SONO\SDM-P2-FaseA.X\P2_FA_pic_8b_general.asm
                   NEXT_S   0x0002c6    program     static C:\Users\alber\OneDrive - La Salle\Compus\P2\LS-SDM-P2-SONO\SDM-P2-FaseA.X\P2_FA_pic_8b_general.asm
                   NEXT_T   0x0002d2    program     static C:\Users\alber\OneDrive - La Salle\Compus\P2\LS-SDM-P2-SONO\SDM-P2-FaseA.X\P2_FA_pic_8b_general.asm
                   NEXT_U   0x0002de    program     static C:\Users\alber\OneDrive - La Salle\Compus\P2\LS-SDM-P2-SONO\SDM-P2-FaseA.X\P2_FA_pic_8b_general.asm
                   MODE_A   0x0002e2    program     static C:\Users\alber\OneDrive - La Salle\Compus\P2\LS-SDM-P2-SONO\SDM-P2-FaseA.X\P2_FA_pic_8b_general.asm
                   MODE_D   0x0002f2    program     static C:\Users\alber\OneDrive - La Salle\Compus\P2\LS-SDM-P2-SONO\SDM-P2-FaseA.X\P2_FA_pic_8b_general.asm
              ESPERA_BTN1   0x000318    program     static C:\Users\alber\OneDrive - La Salle\Compus\P2\LS-SDM-P2-SONO\SDM-P2-FaseA.X\P2_FA_pic_8b_general.asm
                 NEXT_BTN   0x00031e    program     static C:\Users\alber\OneDrive - La Salle\Compus\P2\LS-SDM-P2-SONO\SDM-P2-FaseA.X\P2_FA_pic_8b_general.asm
              ESPERA_BTN2   0x000340    program     static C:\Users\alber\OneDrive - La Salle\Compus\P2\LS-SDM-P2-SONO\SDM-P2-FaseA.X\P2_FA_pic_8b_general.asm
                     FI_D   0x000346    program     static C:\Users\alber\OneDrive - La Salle\Compus\P2\LS-SDM-P2-SONO\SDM-P2-FaseA.X\P2_FA_pic_8b_general.asm
           CONTROL_REBOTS   0x000350    program     static C:\Users\alber\OneDrive - La Salle\Compus\P2\LS-SDM-P2-SONO\SDM-P2-FaseA.X\P2_FA_pic_8b_general.asm
                BUCLE_D_1   0x000352    program     static C:\Users\alber\OneDrive - La Salle\Compus\P2\LS-SDM-P2-SONO\SDM-P2-FaseA.X\P2_FA_pic_8b_general.asm
               BUCLE2_D_1   0x000354    program     static C:\Users\alber\OneDrive - La Salle\Compus\P2\LS-SDM-P2-SONO\SDM-P2-FaseA.X\P2_FA_pic_8b_general.asm
                   MODE_I   0x000362    program     static C:\Users\alber\OneDrive - La Salle\Compus\P2\LS-SDM-P2-SONO\SDM-P2-FaseA.X\P2_FA_pic_8b_general.asm
                 LLEGIR_I   0x00036a    program     static C:\Users\alber\OneDrive - La Salle\Compus\P2\LS-SDM-P2-SONO\SDM-P2-FaseA.X\P2_FA_pic_8b_general.asm
                 NO_ENTER   0x000382    program     static C:\Users\alber\OneDrive - La Salle\Compus\P2\LS-SDM-P2-SONO\SDM-P2-FaseA.X\P2_FA_pic_8b_general.asm
                 ACABAT_I   0x00038c    program     static C:\Users\alber\OneDrive - La Salle\Compus\P2\LS-SDM-P2-SONO\SDM-P2-FaseA.X\P2_FA_pic_8b_general.asm
                   MODE_M   0x00039c    program     static C:\Users\alber\OneDrive - La Salle\Compus\P2\LS-SDM-P2-SONO\SDM-P2-FaseA.X\P2_FA_pic_8b_general.asm
                   MODE_R   0x0003aa    program     static C:\Users\alber\OneDrive - La Salle\Compus\P2\LS-SDM-P2-SONO\SDM-P2-FaseA.X\P2_FA_pic_8b_general.asm
                BUCLE_NOM   0x0003da    program     static C:\Users\alber\OneDrive - La Salle\Compus\P2\LS-SDM-P2-SONO\SDM-P2-FaseA.X\P2_FA_pic_8b_general.asm
             CONTINUA_NOM   0x0003fa    program     static C:\Users\alber\OneDrive - La Salle\Compus\P2\LS-SDM-P2-SONO\SDM-P2-FaseA.X\P2_FA_pic_8b_general.asm
           MOSTRA_MESURES   0x000400    program     static C:\Users\alber\OneDrive - La Salle\Compus\P2\LS-SDM-P2-SONO\SDM-P2-FaseA.X\P2_FA_pic_8b_general.asm
         BUCLE_LLEGIR_RAM   0x000454    program     static C:\Users\alber\OneDrive - La Salle\Compus\P2\LS-SDM-P2-SONO\SDM-P2-FaseA.X\P2_FA_pic_8b_general.asm
                   MODE_S   0x000472    program     static C:\Users\alber\OneDrive - La Salle\Compus\P2\LS-SDM-P2-SONO\SDM-P2-FaseA.X\P2_FA_pic_8b_general.asm
                   MODE_T   0x00047e    program     static C:\Users\alber\OneDrive - La Salle\Compus\P2\LS-SDM-P2-SONO\SDM-P2-FaseA.X\P2_FA_pic_8b_general.asm
                   MODE_U   0x000486    program     static C:\Users\alber\OneDrive - La Salle\Compus\P2\LS-SDM-P2-SONO\SDM-P2-FaseA.X\P2_FA_pic_8b_general.asm


