MPLINK 5.09, LINKER
Linker Map File - Created Wed Apr 07 16:42:24 2021

                                 Section Info
                  Section       Type    Address   Location Size(Bytes)
                ---------  ---------  ---------  ---------  ---------
                   .org_0       code   0x000000    program   0x000004
                   .cinit    romdata   0x000004    program   0x000002
                   .org_1       code   0x000008    program   0x000004
                   .org_2       code   0x000018    program   0x000726
.config_300001_BUILD/DEFAULT/PRODUCTION/P2_FA_P    romdata   0x300001    program   0x000001
.config_300003_BUILD/DEFAULT/PRODUCTION/P2_FA_P    romdata   0x300003    program   0x000001
.config_300005_BUILD/DEFAULT/PRODUCTION/P2_FA_P    romdata   0x300005    program   0x000001
.config_300006_BUILD/DEFAULT/PRODUCTION/P2_FA_P    romdata   0x300006    program   0x000001



                              Program Memory Usage 
                               Start         End      
                           ---------   ---------      
                            0x000000    0x000005      
                            0x000008    0x00000b      
                            0x000018    0x00073d      
                            0x300001    0x300001      
                            0x300003    0x300003      
                            0x300005    0x300006      
            1844 out of 8472 program addresses used, program memory utilization is 21%



                              Symbols - Sorted by Name
                     Name    Address   Location    Storage File                     
                ---------  ---------  ---------  --------- ---------                
                 ACABAT_I   0x0003f8    program     static C:\Users\alber\OneDrive - La Salle\Compus\P2\LS-SDM-P2-SONO\SDM-P2-FaseA.X\P2_FA_pic_8b_general.asm.asm
                ACTIVAR_A   0x00032e    program     static C:\Users\alber\OneDrive - La Salle\Compus\P2\LS-SDM-P2-SONO\SDM-P2-FaseA.X\P2_FA_pic_8b_general.asm.asm
             ACTIVAR_AUTO   0x000328    program     static C:\Users\alber\OneDrive - La Salle\Compus\P2\LS-SDM-P2-SONO\SDM-P2-FaseA.X\P2_FA_pic_8b_general.asm.asm
                ACTIVAR_U   0x000676    program     static C:\Users\alber\OneDrive - La Salle\Compus\P2\LS-SDM-P2-SONO\SDM-P2-FaseA.X\P2_FA_pic_8b_general.asm.asm
               BN_2_ASCII   0x0001ce    program     static C:\Users\alber\OneDrive - La Salle\Compus\P2\LS-SDM-P2-SONO\SDM-P2-FaseA.X\P2_FA_pic_8b_general.asm.asm
          BN_2_ASCII_LOOP   0x0001d4    program     static C:\Users\alber\OneDrive - La Salle\Compus\P2\LS-SDM-P2-SONO\SDM-P2-FaseA.X\P2_FA_pic_8b_general.asm.asm
       BN_2_ASCII_LOOP_FI   0x0001fe    program     static C:\Users\alber\OneDrive - La Salle\Compus\P2\LS-SDM-P2-SONO\SDM-P2-FaseA.X\P2_FA_pic_8b_general.asm.asm
               BUCLE2_D_1   0x0003be    program     static C:\Users\alber\OneDrive - La Salle\Compus\P2\LS-SDM-P2-SONO\SDM-P2-FaseA.X\P2_FA_pic_8b_general.asm.asm
            BUCLE2_PWM_05   0x000100    program     static C:\Users\alber\OneDrive - La Salle\Compus\P2\LS-SDM-P2-SONO\SDM-P2-FaseA.X\P2_FA_pic_8b_general.asm.asm
                BUCLE_D_1   0x0003bc    program     static C:\Users\alber\OneDrive - La Salle\Compus\P2\LS-SDM-P2-SONO\SDM-P2-FaseA.X\P2_FA_pic_8b_general.asm.asm
              BUCLE_JOY_H   0x0005aa    program     static C:\Users\alber\OneDrive - La Salle\Compus\P2\LS-SDM-P2-SONO\SDM-P2-FaseA.X\P2_FA_pic_8b_general.asm.asm
              BUCLE_JOY_L   0x0005d4    program     static C:\Users\alber\OneDrive - La Salle\Compus\P2\LS-SDM-P2-SONO\SDM-P2-FaseA.X\P2_FA_pic_8b_general.asm.asm
                  BUCLE_N   0x0006ac    program     static C:\Users\alber\OneDrive - La Salle\Compus\P2\LS-SDM-P2-SONO\SDM-P2-FaseA.X\P2_FA_pic_8b_general.asm.asm
                BUCLE_NOM   0x000480    program     static C:\Users\alber\OneDrive - La Salle\Compus\P2\LS-SDM-P2-SONO\SDM-P2-FaseA.X\P2_FA_pic_8b_general.asm.asm
             BUCLE_PWM_05   0x0000fc    program     static C:\Users\alber\OneDrive - La Salle\Compus\P2\LS-SDM-P2-SONO\SDM-P2-FaseA.X\P2_FA_pic_8b_general.asm.asm
           BUCLE_PWM_COPS   0x000118    program     static C:\Users\alber\OneDrive - La Salle\Compus\P2\LS-SDM-P2-SONO\SDM-P2-FaseA.X\P2_FA_pic_8b_general.asm.asm
          BUCLE_PWM_GRAUS   0x00011c    program     static C:\Users\alber\OneDrive - La Salle\Compus\P2\LS-SDM-P2-SONO\SDM-P2-FaseA.X\P2_FA_pic_8b_general.asm.asm
        BUCLE_RAM_PARCIAL   0x000502    program     static C:\Users\alber\OneDrive - La Salle\Compus\P2\LS-SDM-P2-SONO\SDM-P2-FaseA.X\P2_FA_pic_8b_general.asm.asm
            BUCLE_RAM_TOT   0x000556    program     static C:\Users\alber\OneDrive - La Salle\Compus\P2\LS-SDM-P2-SONO\SDM-P2-FaseA.X\P2_FA_pic_8b_general.asm.asm
                  BUCLE_T   0x00060e    program     static C:\Users\alber\OneDrive - La Salle\Compus\P2\LS-SDM-P2-SONO\SDM-P2-FaseA.X\P2_FA_pic_8b_general.asm.asm
            CARREGA_TIMER   0x000136    program     static C:\Users\alber\OneDrive - La Salle\Compus\P2\LS-SDM-P2-SONO\SDM-P2-FaseA.X\P2_FA_pic_8b_general.asm.asm
           CENTENES_ASCII   0x0001fa    program     static C:\Users\alber\OneDrive - La Salle\Compus\P2\LS-SDM-P2-SONO\SDM-P2-FaseA.X\P2_FA_pic_8b_general.asm.asm
               COMPTAR_58   0x00019a    program     static C:\Users\alber\OneDrive - La Salle\Compus\P2\LS-SDM-P2-SONO\SDM-P2-FaseA.X\P2_FA_pic_8b_general.asm.asm
             CONTINUA_NOM   0x0004a0    program     static C:\Users\alber\OneDrive - La Salle\Compus\P2\LS-SDM-P2-SONO\SDM-P2-FaseA.X\P2_FA_pic_8b_general.asm.asm
           CONTROL_REBOTS   0x0003ba    program     static C:\Users\alber\OneDrive - La Salle\Compus\P2\LS-SDM-P2-SONO\SDM-P2-FaseA.X\P2_FA_pic_8b_general.asm.asm
                   CP_LOW   0x0005b6    program     static C:\Users\alber\OneDrive - La Salle\Compus\P2\LS-SDM-P2-SONO\SDM-P2-FaseA.X\P2_FA_pic_8b_general.asm.asm
                    DELAY   0x0006e6    program     static C:\Users\alber\OneDrive - La Salle\Compus\P2\LS-SDM-P2-SONO\SDM-P2-FaseA.X\P2_FA_pic_8b_general.asm.asm
                 DELAY_B0   0x0006ea    program     static C:\Users\alber\OneDrive - La Salle\Compus\P2\LS-SDM-P2-SONO\SDM-P2-FaseA.X\P2_FA_pic_8b_general.asm.asm
                 DELAY_B1   0x0006ee    program     static C:\Users\alber\OneDrive - La Salle\Compus\P2\LS-SDM-P2-SONO\SDM-P2-FaseA.X\P2_FA_pic_8b_general.asm.asm
                 DELAY_B2   0x0006f2    program     static C:\Users\alber\OneDrive - La Salle\Compus\P2\LS-SDM-P2-SONO\SDM-P2-FaseA.X\P2_FA_pic_8b_general.asm.asm
          DESACTIVAR_AUTO   0x000322    program     static C:\Users\alber\OneDrive - La Salle\Compus\P2\LS-SDM-P2-SONO\SDM-P2-FaseA.X\P2_FA_pic_8b_general.asm.asm
            DESENES_ASCII   0x0001ea    program     static C:\Users\alber\OneDrive - La Salle\Compus\P2\LS-SDM-P2-SONO\SDM-P2-FaseA.X\P2_FA_pic_8b_general.asm.asm
              EEPROM_READ   0x000140    program     static C:\Users\alber\OneDrive - La Salle\Compus\P2\LS-SDM-P2-SONO\SDM-P2-FaseA.X\P2_FA_pic_8b_general.asm.asm
             EEPROM_WRITE   0x000150    program     static C:\Users\alber\OneDrive - La Salle\Compus\P2\LS-SDM-P2-SONO\SDM-P2-FaseA.X\P2_FA_pic_8b_general.asm.asm
                  END_PWM   0x00012c    program     static C:\Users\alber\OneDrive - La Salle\Compus\P2\LS-SDM-P2-SONO\SDM-P2-FaseA.X\P2_FA_pic_8b_general.asm.asm
             END_SAVE_RAM   0x0001cc    program     static C:\Users\alber\OneDrive - La Salle\Compus\P2\LS-SDM-P2-SONO\SDM-P2-FaseA.X\P2_FA_pic_8b_general.asm.asm
              ESPERA_BTN1   0x000366    program     static C:\Users\alber\OneDrive - La Salle\Compus\P2\LS-SDM-P2-SONO\SDM-P2-FaseA.X\P2_FA_pic_8b_general.asm.asm
              ESPERA_BTN2   0x000392    program     static C:\Users\alber\OneDrive - La Salle\Compus\P2\LS-SDM-P2-SONO\SDM-P2-FaseA.X\P2_FA_pic_8b_general.asm.asm
         ESPERA_CONVERSIO   0x000232    program     static C:\Users\alber\OneDrive - La Salle\Compus\P2\LS-SDM-P2-SONO\SDM-P2-FaseA.X\P2_FA_pic_8b_general.asm.asm
              ESPERA_ECHO   0x00018e    program     static C:\Users\alber\OneDrive - La Salle\Compus\P2\LS-SDM-P2-SONO\SDM-P2-FaseA.X\P2_FA_pic_8b_general.asm.asm
   ESPERA_EEPROM_ESCRIURE   0x000170    program     static C:\Users\alber\OneDrive - La Salle\Compus\P2\LS-SDM-P2-SONO\SDM-P2-FaseA.X\P2_FA_pic_8b_general.asm.asm
                ESPERA_TX   0x00025a    program     static C:\Users\alber\OneDrive - La Salle\Compus\P2\LS-SDM-P2-SONO\SDM-P2-FaseA.X\P2_FA_pic_8b_general.asm.asm
                 FI_ASCII   0x000208    program     static C:\Users\alber\OneDrive - La Salle\Compus\P2\LS-SDM-P2-SONO\SDM-P2-FaseA.X\P2_FA_pic_8b_general.asm.asm
                     FI_D   0x000398    program     static C:\Users\alber\OneDrive - La Salle\Compus\P2\LS-SDM-P2-SONO\SDM-P2-FaseA.X\P2_FA_pic_8b_general.asm.asm
         FI_MODE_NO_SERVO   0x000710    program     static C:\Users\alber\OneDrive - La Salle\Compus\P2\LS-SDM-P2-SONO\SDM-P2-FaseA.X\P2_FA_pic_8b_general.asm.asm
                     FI_S   0x0005e0    program     static C:\Users\alber\OneDrive - La Salle\Compus\P2\LS-SDM-P2-SONO\SDM-P2-FaseA.X\P2_FA_pic_8b_general.asm.asm
                     FI_T   0x00063c    program     static C:\Users\alber\OneDrive - La Salle\Compus\P2\LS-SDM-P2-SONO\SDM-P2-FaseA.X\P2_FA_pic_8b_general.asm.asm
                     GUIO   0x000578    program     static C:\Users\alber\OneDrive - La Salle\Compus\P2\LS-SDM-P2-SONO\SDM-P2-FaseA.X\P2_FA_pic_8b_general.asm.asm
                 HIGH_RSI   0x0000f0    program     static C:\Users\alber\OneDrive - La Salle\Compus\P2\LS-SDM-P2-SONO\SDM-P2-FaseA.X\P2_FA_pic_8b_general.asm.asm
                INCR_10us   0x00017e    program     static C:\Users\alber\OneDrive - La Salle\Compus\P2\LS-SDM-P2-SONO\SDM-P2-FaseA.X\P2_FA_pic_8b_general.asm.asm
               INICI_ECHO   0x000196    program     static C:\Users\alber\OneDrive - La Salle\Compus\P2\LS-SDM-P2-SONO\SDM-P2-FaseA.X\P2_FA_pic_8b_general.asm.asm
               INIT_ADCON   0x0000a6    program     static C:\Users\alber\OneDrive - La Salle\Compus\P2\LS-SDM-P2-SONO\SDM-P2-FaseA.X\P2_FA_pic_8b_general.asm.asm
              INIT_EEPROM   0x0000a0    program     static C:\Users\alber\OneDrive - La Salle\Compus\P2\LS-SDM-P2-SONO\SDM-P2-FaseA.X\P2_FA_pic_8b_general.asm.asm
              INIT_EUSART   0x00007a    program     static C:\Users\alber\OneDrive - La Salle\Compus\P2\LS-SDM-P2-SONO\SDM-P2-FaseA.X\P2_FA_pic_8b_general.asm.asm
             INIT_INTCONS   0x000090    program     static C:\Users\alber\OneDrive - La Salle\Compus\P2\LS-SDM-P2-SONO\SDM-P2-FaseA.X\P2_FA_pic_8b_general.asm.asm
               INIT_PORTS   0x00001a    program     static C:\Users\alber\OneDrive - La Salle\Compus\P2\LS-SDM-P2-SONO\SDM-P2-FaseA.X\P2_FA_pic_8b_general.asm.asm
               INIT_TIMER   0x00009a    program     static C:\Users\alber\OneDrive - La Salle\Compus\P2\LS-SDM-P2-SONO\SDM-P2-FaseA.X\P2_FA_pic_8b_general.asm.asm
                INIT_VARS   0x000036    program     static C:\Users\alber\OneDrive - La Salle\Compus\P2\LS-SDM-P2-SONO\SDM-P2-FaseA.X\P2_FA_pic_8b_general.asm.asm
            LECTOR_EUSART   0x000288    program     static C:\Users\alber\OneDrive - La Salle\Compus\P2\LS-SDM-P2-SONO\SDM-P2-FaseA.X\P2_FA_pic_8b_general.asm.asm
                 LLEGIR_I   0x0003d6    program     static C:\Users\alber\OneDrive - La Salle\Compus\P2\LS-SDM-P2-SONO\SDM-P2-FaseA.X\P2_FA_pic_8b_general.asm.asm
               LLEGIR_JOY   0x000230    program     static C:\Users\alber\OneDrive - La Salle\Compus\P2\LS-SDM-P2-SONO\SDM-P2-FaseA.X\P2_FA_pic_8b_general.asm.asm
                LLEGIR_RX   0x000262    program     static C:\Users\alber\OneDrive - La Salle\Compus\P2\LS-SDM-P2-SONO\SDM-P2-FaseA.X\P2_FA_pic_8b_general.asm.asm
                     LOOP   0x0000d2    program     static C:\Users\alber\OneDrive - La Salle\Compus\P2\LS-SDM-P2-SONO\SDM-P2-FaseA.X\P2_FA_pic_8b_general.asm.asm
                     MAIN   0x0000b2    program     static C:\Users\alber\OneDrive - La Salle\Compus\P2\LS-SDM-P2-SONO\SDM-P2-FaseA.X\P2_FA_pic_8b_general.asm.asm
                    MEDIR   0x000178    program     static C:\Users\alber\OneDrive - La Salle\Compus\P2\LS-SDM-P2-SONO\SDM-P2-FaseA.X\P2_FA_pic_8b_general.asm.asm
                   MODE_A   0x000308    program     static C:\Users\alber\OneDrive - La Salle\Compus\P2\LS-SDM-P2-SONO\SDM-P2-FaseA.X\P2_FA_pic_8b_general.asm.asm
                MODE_BOTO   0x000684    program     static C:\Users\alber\OneDrive - La Salle\Compus\P2\LS-SDM-P2-SONO\SDM-P2-FaseA.X\P2_FA_pic_8b_general.asm.asm
                   MODE_D   0x00033a    program     static C:\Users\alber\OneDrive - La Salle\Compus\P2\LS-SDM-P2-SONO\SDM-P2-FaseA.X\P2_FA_pic_8b_general.asm.asm
                   MODE_I   0x0003cc    program     static C:\Users\alber\OneDrive - La Salle\Compus\P2\LS-SDM-P2-SONO\SDM-P2-FaseA.X\P2_FA_pic_8b_general.asm.asm
                   MODE_M   0x000408    program     static C:\Users\alber\OneDrive - La Salle\Compus\P2\LS-SDM-P2-SONO\SDM-P2-FaseA.X\P2_FA_pic_8b_general.asm.asm
                   MODE_N   0x00069e    program     static C:\Users\alber\OneDrive - La Salle\Compus\P2\LS-SDM-P2-SONO\SDM-P2-FaseA.X\P2_FA_pic_8b_general.asm.asm
                   MODE_R   0x00044e    program     static C:\Users\alber\OneDrive - La Salle\Compus\P2\LS-SDM-P2-SONO\SDM-P2-FaseA.X\P2_FA_pic_8b_general.asm.asm
                   MODE_S   0x000588    program     static C:\Users\alber\OneDrive - La Salle\Compus\P2\LS-SDM-P2-SONO\SDM-P2-FaseA.X\P2_FA_pic_8b_general.asm.asm
                   MODE_T   0x000602    program     static C:\Users\alber\OneDrive - La Salle\Compus\P2\LS-SDM-P2-SONO\SDM-P2-FaseA.X\P2_FA_pic_8b_general.asm.asm
                   MODE_U   0x00065e    program     static C:\Users\alber\OneDrive - La Salle\Compus\P2\LS-SDM-P2-SONO\SDM-P2-FaseA.X\P2_FA_pic_8b_general.asm.asm
           MOSTRAR_MESURA   0x00041c    program     static C:\Users\alber\OneDrive - La Salle\Compus\P2\LS-SDM-P2-SONO\SDM-P2-FaseA.X\P2_FA_pic_8b_general.asm.asm
             MOSTRA_GUIO2   0x000438    program     static C:\Users\alber\OneDrive - La Salle\Compus\P2\LS-SDM-P2-SONO\SDM-P2-FaseA.X\P2_FA_pic_8b_general.asm.asm
           MOSTRA_MESURES   0x0004a6    program     static C:\Users\alber\OneDrive - La Salle\Compus\P2\LS-SDM-P2-SONO\SDM-P2-FaseA.X\P2_FA_pic_8b_general.asm.asm
               MOSTRA_TOT   0x000524    program     static C:\Users\alber\OneDrive - La Salle\Compus\P2\LS-SDM-P2-SONO\SDM-P2-FaseA.X\P2_FA_pic_8b_general.asm.asm
                  M_FINAL   0x000444    program     static C:\Users\alber\OneDrive - La Salle\Compus\P2\LS-SDM-P2-SONO\SDM-P2-FaseA.X\P2_FA_pic_8b_general.asm.asm
                   NEXT_A   0x0002a4    program     static C:\Users\alber\OneDrive - La Salle\Compus\P2\LS-SDM-P2-SONO\SDM-P2-FaseA.X\P2_FA_pic_8b_general.asm.asm
                 NEXT_BTN   0x00036c    program     static C:\Users\alber\OneDrive - La Salle\Compus\P2\LS-SDM-P2-SONO\SDM-P2-FaseA.X\P2_FA_pic_8b_general.asm.asm
                   NEXT_D   0x0002b0    program     static C:\Users\alber\OneDrive - La Salle\Compus\P2\LS-SDM-P2-SONO\SDM-P2-FaseA.X\P2_FA_pic_8b_general.asm.asm
                   NEXT_I   0x0002bc    program     static C:\Users\alber\OneDrive - La Salle\Compus\P2\LS-SDM-P2-SONO\SDM-P2-FaseA.X\P2_FA_pic_8b_general.asm.asm
                NEXT_LOOP   0x0000e6    program     static C:\Users\alber\OneDrive - La Salle\Compus\P2\LS-SDM-P2-SONO\SDM-P2-FaseA.X\P2_FA_pic_8b_general.asm.asm
                   NEXT_M   0x0002c8    program     static C:\Users\alber\OneDrive - La Salle\Compus\P2\LS-SDM-P2-SONO\SDM-P2-FaseA.X\P2_FA_pic_8b_general.asm.asm
                   NEXT_N   0x000304    program     static C:\Users\alber\OneDrive - La Salle\Compus\P2\LS-SDM-P2-SONO\SDM-P2-FaseA.X\P2_FA_pic_8b_general.asm.asm
                   NEXT_R   0x0002d4    program     static C:\Users\alber\OneDrive - La Salle\Compus\P2\LS-SDM-P2-SONO\SDM-P2-FaseA.X\P2_FA_pic_8b_general.asm.asm
                   NEXT_S   0x0002e0    program     static C:\Users\alber\OneDrive - La Salle\Compus\P2\LS-SDM-P2-SONO\SDM-P2-FaseA.X\P2_FA_pic_8b_general.asm.asm
                   NEXT_T   0x0002ec    program     static C:\Users\alber\OneDrive - La Salle\Compus\P2\LS-SDM-P2-SONO\SDM-P2-FaseA.X\P2_FA_pic_8b_general.asm.asm
                   NEXT_U   0x0002f8    program     static C:\Users\alber\OneDrive - La Salle\Compus\P2\LS-SDM-P2-SONO\SDM-P2-FaseA.X\P2_FA_pic_8b_general.asm.asm
                     NO_D   0x00071e    program     static C:\Users\alber\OneDrive - La Salle\Compus\P2\LS-SDM-P2-SONO\SDM-P2-FaseA.X\P2_FA_pic_8b_general.asm.asm
                 NO_ENTER   0x0003ee    program     static C:\Users\alber\OneDrive - La Salle\Compus\P2\LS-SDM-P2-SONO\SDM-P2-FaseA.X\P2_FA_pic_8b_general.asm.asm
                     NO_S   0x00072c    program     static C:\Users\alber\OneDrive - La Salle\Compus\P2\LS-SDM-P2-SONO\SDM-P2-FaseA.X\P2_FA_pic_8b_general.asm.asm
                     NO_T   0x00073a    program     static C:\Users\alber\OneDrive - La Salle\Compus\P2\LS-SDM-P2-SONO\SDM-P2-FaseA.X\P2_FA_pic_8b_general.asm.asm
                SAVE_DIST   0x000706    program     static C:\Users\alber\OneDrive - La Salle\Compus\P2\LS-SDM-P2-SONO\SDM-P2-FaseA.X\P2_FA_pic_8b_general.asm.asm
               SORTIR_POS   0x00023a    program     static C:\Users\alber\OneDrive - La Salle\Compus\P2\LS-SDM-P2-SONO\SDM-P2-FaseA.X\P2_FA_pic_8b_general.asm.asm
            TX_BN_2_ASCII   0x000216    program     static C:\Users\alber\OneDrive - La Salle\Compus\P2\LS-SDM-P2-SONO\SDM-P2-FaseA.X\P2_FA_pic_8b_general.asm.asm
                    TX_CM   0x000244    program     static C:\Users\alber\OneDrive - La Salle\Compus\P2\LS-SDM-P2-SONO\SDM-P2-FaseA.X\P2_FA_pic_8b_general.asm.asm
                 TX_ENTER   0x000276    program     static C:\Users\alber\OneDrive - La Salle\Compus\P2\LS-SDM-P2-SONO\SDM-P2-FaseA.X\P2_FA_pic_8b_general.asm.asm
                 T_TROBAT   0x000638    program     static C:\Users\alber\OneDrive - La Salle\Compus\P2\LS-SDM-P2-SONO\SDM-P2-FaseA.X\P2_FA_pic_8b_general.asm.asm



                              Symbols - Sorted by Address
                     Name    Address   Location    Storage File                     
                ---------  ---------  ---------  --------- ---------                
               INIT_PORTS   0x00001a    program     static C:\Users\alber\OneDrive - La Salle\Compus\P2\LS-SDM-P2-SONO\SDM-P2-FaseA.X\P2_FA_pic_8b_general.asm.asm
                INIT_VARS   0x000036    program     static C:\Users\alber\OneDrive - La Salle\Compus\P2\LS-SDM-P2-SONO\SDM-P2-FaseA.X\P2_FA_pic_8b_general.asm.asm
              INIT_EUSART   0x00007a    program     static C:\Users\alber\OneDrive - La Salle\Compus\P2\LS-SDM-P2-SONO\SDM-P2-FaseA.X\P2_FA_pic_8b_general.asm.asm
             INIT_INTCONS   0x000090    program     static C:\Users\alber\OneDrive - La Salle\Compus\P2\LS-SDM-P2-SONO\SDM-P2-FaseA.X\P2_FA_pic_8b_general.asm.asm
               INIT_TIMER   0x00009a    program     static C:\Users\alber\OneDrive - La Salle\Compus\P2\LS-SDM-P2-SONO\SDM-P2-FaseA.X\P2_FA_pic_8b_general.asm.asm
              INIT_EEPROM   0x0000a0    program     static C:\Users\alber\OneDrive - La Salle\Compus\P2\LS-SDM-P2-SONO\SDM-P2-FaseA.X\P2_FA_pic_8b_general.asm.asm
               INIT_ADCON   0x0000a6    program     static C:\Users\alber\OneDrive - La Salle\Compus\P2\LS-SDM-P2-SONO\SDM-P2-FaseA.X\P2_FA_pic_8b_general.asm.asm
                     MAIN   0x0000b2    program     static C:\Users\alber\OneDrive - La Salle\Compus\P2\LS-SDM-P2-SONO\SDM-P2-FaseA.X\P2_FA_pic_8b_general.asm.asm
                     LOOP   0x0000d2    program     static C:\Users\alber\OneDrive - La Salle\Compus\P2\LS-SDM-P2-SONO\SDM-P2-FaseA.X\P2_FA_pic_8b_general.asm.asm
                NEXT_LOOP   0x0000e6    program     static C:\Users\alber\OneDrive - La Salle\Compus\P2\LS-SDM-P2-SONO\SDM-P2-FaseA.X\P2_FA_pic_8b_general.asm.asm
                 HIGH_RSI   0x0000f0    program     static C:\Users\alber\OneDrive - La Salle\Compus\P2\LS-SDM-P2-SONO\SDM-P2-FaseA.X\P2_FA_pic_8b_general.asm.asm
             BUCLE_PWM_05   0x0000fc    program     static C:\Users\alber\OneDrive - La Salle\Compus\P2\LS-SDM-P2-SONO\SDM-P2-FaseA.X\P2_FA_pic_8b_general.asm.asm
            BUCLE2_PWM_05   0x000100    program     static C:\Users\alber\OneDrive - La Salle\Compus\P2\LS-SDM-P2-SONO\SDM-P2-FaseA.X\P2_FA_pic_8b_general.asm.asm
           BUCLE_PWM_COPS   0x000118    program     static C:\Users\alber\OneDrive - La Salle\Compus\P2\LS-SDM-P2-SONO\SDM-P2-FaseA.X\P2_FA_pic_8b_general.asm.asm
          BUCLE_PWM_GRAUS   0x00011c    program     static C:\Users\alber\OneDrive - La Salle\Compus\P2\LS-SDM-P2-SONO\SDM-P2-FaseA.X\P2_FA_pic_8b_general.asm.asm
                  END_PWM   0x00012c    program     static C:\Users\alber\OneDrive - La Salle\Compus\P2\LS-SDM-P2-SONO\SDM-P2-FaseA.X\P2_FA_pic_8b_general.asm.asm
            CARREGA_TIMER   0x000136    program     static C:\Users\alber\OneDrive - La Salle\Compus\P2\LS-SDM-P2-SONO\SDM-P2-FaseA.X\P2_FA_pic_8b_general.asm.asm
              EEPROM_READ   0x000140    program     static C:\Users\alber\OneDrive - La Salle\Compus\P2\LS-SDM-P2-SONO\SDM-P2-FaseA.X\P2_FA_pic_8b_general.asm.asm
             EEPROM_WRITE   0x000150    program     static C:\Users\alber\OneDrive - La Salle\Compus\P2\LS-SDM-P2-SONO\SDM-P2-FaseA.X\P2_FA_pic_8b_general.asm.asm
   ESPERA_EEPROM_ESCRIURE   0x000170    program     static C:\Users\alber\OneDrive - La Salle\Compus\P2\LS-SDM-P2-SONO\SDM-P2-FaseA.X\P2_FA_pic_8b_general.asm.asm
                    MEDIR   0x000178    program     static C:\Users\alber\OneDrive - La Salle\Compus\P2\LS-SDM-P2-SONO\SDM-P2-FaseA.X\P2_FA_pic_8b_general.asm.asm
                INCR_10us   0x00017e    program     static C:\Users\alber\OneDrive - La Salle\Compus\P2\LS-SDM-P2-SONO\SDM-P2-FaseA.X\P2_FA_pic_8b_general.asm.asm
              ESPERA_ECHO   0x00018e    program     static C:\Users\alber\OneDrive - La Salle\Compus\P2\LS-SDM-P2-SONO\SDM-P2-FaseA.X\P2_FA_pic_8b_general.asm.asm
               INICI_ECHO   0x000196    program     static C:\Users\alber\OneDrive - La Salle\Compus\P2\LS-SDM-P2-SONO\SDM-P2-FaseA.X\P2_FA_pic_8b_general.asm.asm
               COMPTAR_58   0x00019a    program     static C:\Users\alber\OneDrive - La Salle\Compus\P2\LS-SDM-P2-SONO\SDM-P2-FaseA.X\P2_FA_pic_8b_general.asm.asm
             END_SAVE_RAM   0x0001cc    program     static C:\Users\alber\OneDrive - La Salle\Compus\P2\LS-SDM-P2-SONO\SDM-P2-FaseA.X\P2_FA_pic_8b_general.asm.asm
               BN_2_ASCII   0x0001ce    program     static C:\Users\alber\OneDrive - La Salle\Compus\P2\LS-SDM-P2-SONO\SDM-P2-FaseA.X\P2_FA_pic_8b_general.asm.asm
          BN_2_ASCII_LOOP   0x0001d4    program     static C:\Users\alber\OneDrive - La Salle\Compus\P2\LS-SDM-P2-SONO\SDM-P2-FaseA.X\P2_FA_pic_8b_general.asm.asm
            DESENES_ASCII   0x0001ea    program     static C:\Users\alber\OneDrive - La Salle\Compus\P2\LS-SDM-P2-SONO\SDM-P2-FaseA.X\P2_FA_pic_8b_general.asm.asm
           CENTENES_ASCII   0x0001fa    program     static C:\Users\alber\OneDrive - La Salle\Compus\P2\LS-SDM-P2-SONO\SDM-P2-FaseA.X\P2_FA_pic_8b_general.asm.asm
       BN_2_ASCII_LOOP_FI   0x0001fe    program     static C:\Users\alber\OneDrive - La Salle\Compus\P2\LS-SDM-P2-SONO\SDM-P2-FaseA.X\P2_FA_pic_8b_general.asm.asm
                 FI_ASCII   0x000208    program     static C:\Users\alber\OneDrive - La Salle\Compus\P2\LS-SDM-P2-SONO\SDM-P2-FaseA.X\P2_FA_pic_8b_general.asm.asm
            TX_BN_2_ASCII   0x000216    program     static C:\Users\alber\OneDrive - La Salle\Compus\P2\LS-SDM-P2-SONO\SDM-P2-FaseA.X\P2_FA_pic_8b_general.asm.asm
               LLEGIR_JOY   0x000230    program     static C:\Users\alber\OneDrive - La Salle\Compus\P2\LS-SDM-P2-SONO\SDM-P2-FaseA.X\P2_FA_pic_8b_general.asm.asm
         ESPERA_CONVERSIO   0x000232    program     static C:\Users\alber\OneDrive - La Salle\Compus\P2\LS-SDM-P2-SONO\SDM-P2-FaseA.X\P2_FA_pic_8b_general.asm.asm
               SORTIR_POS   0x00023a    program     static C:\Users\alber\OneDrive - La Salle\Compus\P2\LS-SDM-P2-SONO\SDM-P2-FaseA.X\P2_FA_pic_8b_general.asm.asm
                    TX_CM   0x000244    program     static C:\Users\alber\OneDrive - La Salle\Compus\P2\LS-SDM-P2-SONO\SDM-P2-FaseA.X\P2_FA_pic_8b_general.asm.asm
                ESPERA_TX   0x00025a    program     static C:\Users\alber\OneDrive - La Salle\Compus\P2\LS-SDM-P2-SONO\SDM-P2-FaseA.X\P2_FA_pic_8b_general.asm.asm
                LLEGIR_RX   0x000262    program     static C:\Users\alber\OneDrive - La Salle\Compus\P2\LS-SDM-P2-SONO\SDM-P2-FaseA.X\P2_FA_pic_8b_general.asm.asm
                 TX_ENTER   0x000276    program     static C:\Users\alber\OneDrive - La Salle\Compus\P2\LS-SDM-P2-SONO\SDM-P2-FaseA.X\P2_FA_pic_8b_general.asm.asm
            LECTOR_EUSART   0x000288    program     static C:\Users\alber\OneDrive - La Salle\Compus\P2\LS-SDM-P2-SONO\SDM-P2-FaseA.X\P2_FA_pic_8b_general.asm.asm
                   NEXT_A   0x0002a4    program     static C:\Users\alber\OneDrive - La Salle\Compus\P2\LS-SDM-P2-SONO\SDM-P2-FaseA.X\P2_FA_pic_8b_general.asm.asm
                   NEXT_D   0x0002b0    program     static C:\Users\alber\OneDrive - La Salle\Compus\P2\LS-SDM-P2-SONO\SDM-P2-FaseA.X\P2_FA_pic_8b_general.asm.asm
                   NEXT_I   0x0002bc    program     static C:\Users\alber\OneDrive - La Salle\Compus\P2\LS-SDM-P2-SONO\SDM-P2-FaseA.X\P2_FA_pic_8b_general.asm.asm
                   NEXT_M   0x0002c8    program     static C:\Users\alber\OneDrive - La Salle\Compus\P2\LS-SDM-P2-SONO\SDM-P2-FaseA.X\P2_FA_pic_8b_general.asm.asm
                   NEXT_R   0x0002d4    program     static C:\Users\alber\OneDrive - La Salle\Compus\P2\LS-SDM-P2-SONO\SDM-P2-FaseA.X\P2_FA_pic_8b_general.asm.asm
                   NEXT_S   0x0002e0    program     static C:\Users\alber\OneDrive - La Salle\Compus\P2\LS-SDM-P2-SONO\SDM-P2-FaseA.X\P2_FA_pic_8b_general.asm.asm
                   NEXT_T   0x0002ec    program     static C:\Users\alber\OneDrive - La Salle\Compus\P2\LS-SDM-P2-SONO\SDM-P2-FaseA.X\P2_FA_pic_8b_general.asm.asm
                   NEXT_U   0x0002f8    program     static C:\Users\alber\OneDrive - La Salle\Compus\P2\LS-SDM-P2-SONO\SDM-P2-FaseA.X\P2_FA_pic_8b_general.asm.asm
                   NEXT_N   0x000304    program     static C:\Users\alber\OneDrive - La Salle\Compus\P2\LS-SDM-P2-SONO\SDM-P2-FaseA.X\P2_FA_pic_8b_general.asm.asm
                   MODE_A   0x000308    program     static C:\Users\alber\OneDrive - La Salle\Compus\P2\LS-SDM-P2-SONO\SDM-P2-FaseA.X\P2_FA_pic_8b_general.asm.asm
          DESACTIVAR_AUTO   0x000322    program     static C:\Users\alber\OneDrive - La Salle\Compus\P2\LS-SDM-P2-SONO\SDM-P2-FaseA.X\P2_FA_pic_8b_general.asm.asm
             ACTIVAR_AUTO   0x000328    program     static C:\Users\alber\OneDrive - La Salle\Compus\P2\LS-SDM-P2-SONO\SDM-P2-FaseA.X\P2_FA_pic_8b_general.asm.asm
                ACTIVAR_A   0x00032e    program     static C:\Users\alber\OneDrive - La Salle\Compus\P2\LS-SDM-P2-SONO\SDM-P2-FaseA.X\P2_FA_pic_8b_general.asm.asm
                   MODE_D   0x00033a    program     static C:\Users\alber\OneDrive - La Salle\Compus\P2\LS-SDM-P2-SONO\SDM-P2-FaseA.X\P2_FA_pic_8b_general.asm.asm
              ESPERA_BTN1   0x000366    program     static C:\Users\alber\OneDrive - La Salle\Compus\P2\LS-SDM-P2-SONO\SDM-P2-FaseA.X\P2_FA_pic_8b_general.asm.asm
                 NEXT_BTN   0x00036c    program     static C:\Users\alber\OneDrive - La Salle\Compus\P2\LS-SDM-P2-SONO\SDM-P2-FaseA.X\P2_FA_pic_8b_general.asm.asm
              ESPERA_BTN2   0x000392    program     static C:\Users\alber\OneDrive - La Salle\Compus\P2\LS-SDM-P2-SONO\SDM-P2-FaseA.X\P2_FA_pic_8b_general.asm.asm
                     FI_D   0x000398    program     static C:\Users\alber\OneDrive - La Salle\Compus\P2\LS-SDM-P2-SONO\SDM-P2-FaseA.X\P2_FA_pic_8b_general.asm.asm
           CONTROL_REBOTS   0x0003ba    program     static C:\Users\alber\OneDrive - La Salle\Compus\P2\LS-SDM-P2-SONO\SDM-P2-FaseA.X\P2_FA_pic_8b_general.asm.asm
                BUCLE_D_1   0x0003bc    program     static C:\Users\alber\OneDrive - La Salle\Compus\P2\LS-SDM-P2-SONO\SDM-P2-FaseA.X\P2_FA_pic_8b_general.asm.asm
               BUCLE2_D_1   0x0003be    program     static C:\Users\alber\OneDrive - La Salle\Compus\P2\LS-SDM-P2-SONO\SDM-P2-FaseA.X\P2_FA_pic_8b_general.asm.asm
                   MODE_I   0x0003cc    program     static C:\Users\alber\OneDrive - La Salle\Compus\P2\LS-SDM-P2-SONO\SDM-P2-FaseA.X\P2_FA_pic_8b_general.asm.asm
                 LLEGIR_I   0x0003d6    program     static C:\Users\alber\OneDrive - La Salle\Compus\P2\LS-SDM-P2-SONO\SDM-P2-FaseA.X\P2_FA_pic_8b_general.asm.asm
                 NO_ENTER   0x0003ee    program     static C:\Users\alber\OneDrive - La Salle\Compus\P2\LS-SDM-P2-SONO\SDM-P2-FaseA.X\P2_FA_pic_8b_general.asm.asm
                 ACABAT_I   0x0003f8    program     static C:\Users\alber\OneDrive - La Salle\Compus\P2\LS-SDM-P2-SONO\SDM-P2-FaseA.X\P2_FA_pic_8b_general.asm.asm
                   MODE_M   0x000408    program     static C:\Users\alber\OneDrive - La Salle\Compus\P2\LS-SDM-P2-SONO\SDM-P2-FaseA.X\P2_FA_pic_8b_general.asm.asm
           MOSTRAR_MESURA   0x00041c    program     static C:\Users\alber\OneDrive - La Salle\Compus\P2\LS-SDM-P2-SONO\SDM-P2-FaseA.X\P2_FA_pic_8b_general.asm.asm
             MOSTRA_GUIO2   0x000438    program     static C:\Users\alber\OneDrive - La Salle\Compus\P2\LS-SDM-P2-SONO\SDM-P2-FaseA.X\P2_FA_pic_8b_general.asm.asm
                  M_FINAL   0x000444    program     static C:\Users\alber\OneDrive - La Salle\Compus\P2\LS-SDM-P2-SONO\SDM-P2-FaseA.X\P2_FA_pic_8b_general.asm.asm
                   MODE_R   0x00044e    program     static C:\Users\alber\OneDrive - La Salle\Compus\P2\LS-SDM-P2-SONO\SDM-P2-FaseA.X\P2_FA_pic_8b_general.asm.asm
                BUCLE_NOM   0x000480    program     static C:\Users\alber\OneDrive - La Salle\Compus\P2\LS-SDM-P2-SONO\SDM-P2-FaseA.X\P2_FA_pic_8b_general.asm.asm
             CONTINUA_NOM   0x0004a0    program     static C:\Users\alber\OneDrive - La Salle\Compus\P2\LS-SDM-P2-SONO\SDM-P2-FaseA.X\P2_FA_pic_8b_general.asm.asm
           MOSTRA_MESURES   0x0004a6    program     static C:\Users\alber\OneDrive - La Salle\Compus\P2\LS-SDM-P2-SONO\SDM-P2-FaseA.X\P2_FA_pic_8b_general.asm.asm
        BUCLE_RAM_PARCIAL   0x000502    program     static C:\Users\alber\OneDrive - La Salle\Compus\P2\LS-SDM-P2-SONO\SDM-P2-FaseA.X\P2_FA_pic_8b_general.asm.asm
               MOSTRA_TOT   0x000524    program     static C:\Users\alber\OneDrive - La Salle\Compus\P2\LS-SDM-P2-SONO\SDM-P2-FaseA.X\P2_FA_pic_8b_general.asm.asm
            BUCLE_RAM_TOT   0x000556    program     static C:\Users\alber\OneDrive - La Salle\Compus\P2\LS-SDM-P2-SONO\SDM-P2-FaseA.X\P2_FA_pic_8b_general.asm.asm
                     GUIO   0x000578    program     static C:\Users\alber\OneDrive - La Salle\Compus\P2\LS-SDM-P2-SONO\SDM-P2-FaseA.X\P2_FA_pic_8b_general.asm.asm
                   MODE_S   0x000588    program     static C:\Users\alber\OneDrive - La Salle\Compus\P2\LS-SDM-P2-SONO\SDM-P2-FaseA.X\P2_FA_pic_8b_general.asm.asm
              BUCLE_JOY_H   0x0005aa    program     static C:\Users\alber\OneDrive - La Salle\Compus\P2\LS-SDM-P2-SONO\SDM-P2-FaseA.X\P2_FA_pic_8b_general.asm.asm
                   CP_LOW   0x0005b6    program     static C:\Users\alber\OneDrive - La Salle\Compus\P2\LS-SDM-P2-SONO\SDM-P2-FaseA.X\P2_FA_pic_8b_general.asm.asm
              BUCLE_JOY_L   0x0005d4    program     static C:\Users\alber\OneDrive - La Salle\Compus\P2\LS-SDM-P2-SONO\SDM-P2-FaseA.X\P2_FA_pic_8b_general.asm.asm
                     FI_S   0x0005e0    program     static C:\Users\alber\OneDrive - La Salle\Compus\P2\LS-SDM-P2-SONO\SDM-P2-FaseA.X\P2_FA_pic_8b_general.asm.asm
                   MODE_T   0x000602    program     static C:\Users\alber\OneDrive - La Salle\Compus\P2\LS-SDM-P2-SONO\SDM-P2-FaseA.X\P2_FA_pic_8b_general.asm.asm
                  BUCLE_T   0x00060e    program     static C:\Users\alber\OneDrive - La Salle\Compus\P2\LS-SDM-P2-SONO\SDM-P2-FaseA.X\P2_FA_pic_8b_general.asm.asm
                 T_TROBAT   0x000638    program     static C:\Users\alber\OneDrive - La Salle\Compus\P2\LS-SDM-P2-SONO\SDM-P2-FaseA.X\P2_FA_pic_8b_general.asm.asm
                     FI_T   0x00063c    program     static C:\Users\alber\OneDrive - La Salle\Compus\P2\LS-SDM-P2-SONO\SDM-P2-FaseA.X\P2_FA_pic_8b_general.asm.asm
                   MODE_U   0x00065e    program     static C:\Users\alber\OneDrive - La Salle\Compus\P2\LS-SDM-P2-SONO\SDM-P2-FaseA.X\P2_FA_pic_8b_general.asm.asm
                ACTIVAR_U   0x000676    program     static C:\Users\alber\OneDrive - La Salle\Compus\P2\LS-SDM-P2-SONO\SDM-P2-FaseA.X\P2_FA_pic_8b_general.asm.asm
                MODE_BOTO   0x000684    program     static C:\Users\alber\OneDrive - La Salle\Compus\P2\LS-SDM-P2-SONO\SDM-P2-FaseA.X\P2_FA_pic_8b_general.asm.asm
                   MODE_N   0x00069e    program     static C:\Users\alber\OneDrive - La Salle\Compus\P2\LS-SDM-P2-SONO\SDM-P2-FaseA.X\P2_FA_pic_8b_general.asm.asm
                  BUCLE_N   0x0006ac    program     static C:\Users\alber\OneDrive - La Salle\Compus\P2\LS-SDM-P2-SONO\SDM-P2-FaseA.X\P2_FA_pic_8b_general.asm.asm
                    DELAY   0x0006e6    program     static C:\Users\alber\OneDrive - La Salle\Compus\P2\LS-SDM-P2-SONO\SDM-P2-FaseA.X\P2_FA_pic_8b_general.asm.asm
                 DELAY_B0   0x0006ea    program     static C:\Users\alber\OneDrive - La Salle\Compus\P2\LS-SDM-P2-SONO\SDM-P2-FaseA.X\P2_FA_pic_8b_general.asm.asm
                 DELAY_B1   0x0006ee    program     static C:\Users\alber\OneDrive - La Salle\Compus\P2\LS-SDM-P2-SONO\SDM-P2-FaseA.X\P2_FA_pic_8b_general.asm.asm
                 DELAY_B2   0x0006f2    program     static C:\Users\alber\OneDrive - La Salle\Compus\P2\LS-SDM-P2-SONO\SDM-P2-FaseA.X\P2_FA_pic_8b_general.asm.asm
                SAVE_DIST   0x000706    program     static C:\Users\alber\OneDrive - La Salle\Compus\P2\LS-SDM-P2-SONO\SDM-P2-FaseA.X\P2_FA_pic_8b_general.asm.asm
         FI_MODE_NO_SERVO   0x000710    program     static C:\Users\alber\OneDrive - La Salle\Compus\P2\LS-SDM-P2-SONO\SDM-P2-FaseA.X\P2_FA_pic_8b_general.asm.asm
                     NO_D   0x00071e    program     static C:\Users\alber\OneDrive - La Salle\Compus\P2\LS-SDM-P2-SONO\SDM-P2-FaseA.X\P2_FA_pic_8b_general.asm.asm
                     NO_S   0x00072c    program     static C:\Users\alber\OneDrive - La Salle\Compus\P2\LS-SDM-P2-SONO\SDM-P2-FaseA.X\P2_FA_pic_8b_general.asm.asm
                     NO_T   0x00073a    program     static C:\Users\alber\OneDrive - La Salle\Compus\P2\LS-SDM-P2-SONO\SDM-P2-FaseA.X\P2_FA_pic_8b_general.asm.asm


