MPLINK 5.09, LINKER
Linker Map File - Created Sat Mar 13 01:31:23 2021

                                 Section Info
                  Section       Type    Address   Location Size(Bytes)
                ---------  ---------  ---------  ---------  ---------
                   .org_0       code   0x000000    program   0x000004
                   .cinit    romdata   0x000004    program   0x000002
                   .org_1       code   0x000008    program   0x000004
                   .org_2       code   0x000018    program   0x0002be
.config_300001_BUILD/DEFAULT/PRODUCTION/P2_FA_P    romdata   0x300001    program   0x000001
.config_300003_BUILD/DEFAULT/PRODUCTION/P2_FA_P    romdata   0x300003    program   0x000001
.config_300005_BUILD/DEFAULT/PRODUCTION/P2_FA_P    romdata   0x300005    program   0x000001
.config_300006_BUILD/DEFAULT/PRODUCTION/P2_FA_P    romdata   0x300006    program   0x000001



                              Program Memory Usage 
                               Start         End      
                           ---------   ---------      
                            0x000000    0x000005      
                            0x000008    0x00000b      
                            0x000018    0x0002d5      
                            0x300001    0x300001      
                            0x300003    0x300003      
                            0x300005    0x300006      
            716 out of 8472 program addresses used, program memory utilization is 8%



                              Symbols - Sorted by Name
                     Name    Address   Location    Storage File                     
                ---------  ---------  ---------  --------- ---------                
                 ACABAT_I   0x000208    program     static C:\Users\marc\Nextcloud2\SalleURL\SDM\LS-SDM-P2-SONO\SDM-P2-FaseA.X\P2_FA_pic_8b_general.asm
                BUCLE_NOM   0x000256    program     static C:\Users\marc\Nextcloud2\SalleURL\SDM\LS-SDM-P2-SONO\SDM-P2-FaseA.X\P2_FA_pic_8b_general.asm
            CARREGA_TIMER   0x0000e4    program     static C:\Users\marc\Nextcloud2\SalleURL\SDM\LS-SDM-P2-SONO\SDM-P2-FaseA.X\P2_FA_pic_8b_general.asm
             CONTINUA_NOM   0x000276    program     static C:\Users\marc\Nextcloud2\SalleURL\SDM\LS-SDM-P2-SONO\SDM-P2-FaseA.X\P2_FA_pic_8b_general.asm
              EEPROM_READ   0x0000ee    program     static C:\Users\marc\Nextcloud2\SalleURL\SDM\LS-SDM-P2-SONO\SDM-P2-FaseA.X\P2_FA_pic_8b_general.asm
             EEPROM_WRITE   0x0000fe    program     static C:\Users\marc\Nextcloud2\SalleURL\SDM\LS-SDM-P2-SONO\SDM-P2-FaseA.X\P2_FA_pic_8b_general.asm
   ESPERA_EEPROM_ESCRIURE   0x00011e    program     static C:\Users\marc\Nextcloud2\SalleURL\SDM\LS-SDM-P2-SONO\SDM-P2-FaseA.X\P2_FA_pic_8b_general.asm
                ESPERA_TX   0x000126    program     static C:\Users\marc\Nextcloud2\SalleURL\SDM\LS-SDM-P2-SONO\SDM-P2-FaseA.X\P2_FA_pic_8b_general.asm
                 HIGH_RSI   0x0000da    program     static C:\Users\marc\Nextcloud2\SalleURL\SDM\LS-SDM-P2-SONO\SDM-P2-FaseA.X\P2_FA_pic_8b_general.asm
              INIT_EEPROM   0x000090    program     static C:\Users\marc\Nextcloud2\SalleURL\SDM\LS-SDM-P2-SONO\SDM-P2-FaseA.X\P2_FA_pic_8b_general.asm
              INIT_EUSART   0x00006a    program     static C:\Users\marc\Nextcloud2\SalleURL\SDM\LS-SDM-P2-SONO\SDM-P2-FaseA.X\P2_FA_pic_8b_general.asm
             INIT_INTCONS   0x000080    program     static C:\Users\marc\Nextcloud2\SalleURL\SDM\LS-SDM-P2-SONO\SDM-P2-FaseA.X\P2_FA_pic_8b_general.asm
               INIT_PORTS   0x00001a    program     static C:\Users\marc\Nextcloud2\SalleURL\SDM\LS-SDM-P2-SONO\SDM-P2-FaseA.X\P2_FA_pic_8b_general.asm
               INIT_TIMER   0x00008a    program     static C:\Users\marc\Nextcloud2\SalleURL\SDM\LS-SDM-P2-SONO\SDM-P2-FaseA.X\P2_FA_pic_8b_general.asm
                INIT_VARS   0x00003c    program     static C:\Users\marc\Nextcloud2\SalleURL\SDM\LS-SDM-P2-SONO\SDM-P2-FaseA.X\P2_FA_pic_8b_general.asm
            LECTOR_EUSART   0x000154    program     static C:\Users\marc\Nextcloud2\SalleURL\SDM\LS-SDM-P2-SONO\SDM-P2-FaseA.X\P2_FA_pic_8b_general.asm
                 LLEGIR_I   0x0001e6    program     static C:\Users\marc\Nextcloud2\SalleURL\SDM\LS-SDM-P2-SONO\SDM-P2-FaseA.X\P2_FA_pic_8b_general.asm
                LLEGIR_RX   0x00012e    program     static C:\Users\marc\Nextcloud2\SalleURL\SDM\LS-SDM-P2-SONO\SDM-P2-FaseA.X\P2_FA_pic_8b_general.asm
                     LOOP   0x0000d0    program     static C:\Users\marc\Nextcloud2\SalleURL\SDM\LS-SDM-P2-SONO\SDM-P2-FaseA.X\P2_FA_pic_8b_general.asm
                     MAIN   0x0000b4    program     static C:\Users\marc\Nextcloud2\SalleURL\SDM\LS-SDM-P2-SONO\SDM-P2-FaseA.X\P2_FA_pic_8b_general.asm
                   MODE_A   0x0001ce    program     static C:\Users\marc\Nextcloud2\SalleURL\SDM\LS-SDM-P2-SONO\SDM-P2-FaseA.X\P2_FA_pic_8b_general.asm
                   MODE_D   0x0001d6    program     static C:\Users\marc\Nextcloud2\SalleURL\SDM\LS-SDM-P2-SONO\SDM-P2-FaseA.X\P2_FA_pic_8b_general.asm
                   MODE_I   0x0001de    program     static C:\Users\marc\Nextcloud2\SalleURL\SDM\LS-SDM-P2-SONO\SDM-P2-FaseA.X\P2_FA_pic_8b_general.asm
                   MODE_M   0x000218    program     static C:\Users\marc\Nextcloud2\SalleURL\SDM\LS-SDM-P2-SONO\SDM-P2-FaseA.X\P2_FA_pic_8b_general.asm
                   MODE_R   0x000226    program     static C:\Users\marc\Nextcloud2\SalleURL\SDM\LS-SDM-P2-SONO\SDM-P2-FaseA.X\P2_FA_pic_8b_general.asm
                   MODE_S   0x0002c0    program     static C:\Users\marc\Nextcloud2\SalleURL\SDM\LS-SDM-P2-SONO\SDM-P2-FaseA.X\P2_FA_pic_8b_general.asm
                   MODE_T   0x0002c8    program     static C:\Users\marc\Nextcloud2\SalleURL\SDM\LS-SDM-P2-SONO\SDM-P2-FaseA.X\P2_FA_pic_8b_general.asm
                   MODE_U   0x0002d0    program     static C:\Users\marc\Nextcloud2\SalleURL\SDM\LS-SDM-P2-SONO\SDM-P2-FaseA.X\P2_FA_pic_8b_general.asm
           MOSTRA_MESURES   0x00027c    program     static C:\Users\marc\Nextcloud2\SalleURL\SDM\LS-SDM-P2-SONO\SDM-P2-FaseA.X\P2_FA_pic_8b_general.asm
                   NEXT_A   0x000176    program     static C:\Users\marc\Nextcloud2\SalleURL\SDM\LS-SDM-P2-SONO\SDM-P2-FaseA.X\P2_FA_pic_8b_general.asm
                   NEXT_D   0x000182    program     static C:\Users\marc\Nextcloud2\SalleURL\SDM\LS-SDM-P2-SONO\SDM-P2-FaseA.X\P2_FA_pic_8b_general.asm
                   NEXT_I   0x00018e    program     static C:\Users\marc\Nextcloud2\SalleURL\SDM\LS-SDM-P2-SONO\SDM-P2-FaseA.X\P2_FA_pic_8b_general.asm
                   NEXT_M   0x00019a    program     static C:\Users\marc\Nextcloud2\SalleURL\SDM\LS-SDM-P2-SONO\SDM-P2-FaseA.X\P2_FA_pic_8b_general.asm
                   NEXT_R   0x0001a6    program     static C:\Users\marc\Nextcloud2\SalleURL\SDM\LS-SDM-P2-SONO\SDM-P2-FaseA.X\P2_FA_pic_8b_general.asm
                   NEXT_S   0x0001b2    program     static C:\Users\marc\Nextcloud2\SalleURL\SDM\LS-SDM-P2-SONO\SDM-P2-FaseA.X\P2_FA_pic_8b_general.asm
                   NEXT_T   0x0001be    program     static C:\Users\marc\Nextcloud2\SalleURL\SDM\LS-SDM-P2-SONO\SDM-P2-FaseA.X\P2_FA_pic_8b_general.asm
                   NEXT_U   0x0001ca    program     static C:\Users\marc\Nextcloud2\SalleURL\SDM\LS-SDM-P2-SONO\SDM-P2-FaseA.X\P2_FA_pic_8b_general.asm
                 NO_ENTER   0x0001fe    program     static C:\Users\marc\Nextcloud2\SalleURL\SDM\LS-SDM-P2-SONO\SDM-P2-FaseA.X\P2_FA_pic_8b_general.asm
                 TX_ENTER   0x000142    program     static C:\Users\marc\Nextcloud2\SalleURL\SDM\LS-SDM-P2-SONO\SDM-P2-FaseA.X\P2_FA_pic_8b_general.asm



                              Symbols - Sorted by Address
                     Name    Address   Location    Storage File                     
                ---------  ---------  ---------  --------- ---------                
               INIT_PORTS   0x00001a    program     static C:\Users\marc\Nextcloud2\SalleURL\SDM\LS-SDM-P2-SONO\SDM-P2-FaseA.X\P2_FA_pic_8b_general.asm
                INIT_VARS   0x00003c    program     static C:\Users\marc\Nextcloud2\SalleURL\SDM\LS-SDM-P2-SONO\SDM-P2-FaseA.X\P2_FA_pic_8b_general.asm
              INIT_EUSART   0x00006a    program     static C:\Users\marc\Nextcloud2\SalleURL\SDM\LS-SDM-P2-SONO\SDM-P2-FaseA.X\P2_FA_pic_8b_general.asm
             INIT_INTCONS   0x000080    program     static C:\Users\marc\Nextcloud2\SalleURL\SDM\LS-SDM-P2-SONO\SDM-P2-FaseA.X\P2_FA_pic_8b_general.asm
               INIT_TIMER   0x00008a    program     static C:\Users\marc\Nextcloud2\SalleURL\SDM\LS-SDM-P2-SONO\SDM-P2-FaseA.X\P2_FA_pic_8b_general.asm
              INIT_EEPROM   0x000090    program     static C:\Users\marc\Nextcloud2\SalleURL\SDM\LS-SDM-P2-SONO\SDM-P2-FaseA.X\P2_FA_pic_8b_general.asm
                     MAIN   0x0000b4    program     static C:\Users\marc\Nextcloud2\SalleURL\SDM\LS-SDM-P2-SONO\SDM-P2-FaseA.X\P2_FA_pic_8b_general.asm
                     LOOP   0x0000d0    program     static C:\Users\marc\Nextcloud2\SalleURL\SDM\LS-SDM-P2-SONO\SDM-P2-FaseA.X\P2_FA_pic_8b_general.asm
                 HIGH_RSI   0x0000da    program     static C:\Users\marc\Nextcloud2\SalleURL\SDM\LS-SDM-P2-SONO\SDM-P2-FaseA.X\P2_FA_pic_8b_general.asm
            CARREGA_TIMER   0x0000e4    program     static C:\Users\marc\Nextcloud2\SalleURL\SDM\LS-SDM-P2-SONO\SDM-P2-FaseA.X\P2_FA_pic_8b_general.asm
              EEPROM_READ   0x0000ee    program     static C:\Users\marc\Nextcloud2\SalleURL\SDM\LS-SDM-P2-SONO\SDM-P2-FaseA.X\P2_FA_pic_8b_general.asm
             EEPROM_WRITE   0x0000fe    program     static C:\Users\marc\Nextcloud2\SalleURL\SDM\LS-SDM-P2-SONO\SDM-P2-FaseA.X\P2_FA_pic_8b_general.asm
   ESPERA_EEPROM_ESCRIURE   0x00011e    program     static C:\Users\marc\Nextcloud2\SalleURL\SDM\LS-SDM-P2-SONO\SDM-P2-FaseA.X\P2_FA_pic_8b_general.asm
                ESPERA_TX   0x000126    program     static C:\Users\marc\Nextcloud2\SalleURL\SDM\LS-SDM-P2-SONO\SDM-P2-FaseA.X\P2_FA_pic_8b_general.asm
                LLEGIR_RX   0x00012e    program     static C:\Users\marc\Nextcloud2\SalleURL\SDM\LS-SDM-P2-SONO\SDM-P2-FaseA.X\P2_FA_pic_8b_general.asm
                 TX_ENTER   0x000142    program     static C:\Users\marc\Nextcloud2\SalleURL\SDM\LS-SDM-P2-SONO\SDM-P2-FaseA.X\P2_FA_pic_8b_general.asm
            LECTOR_EUSART   0x000154    program     static C:\Users\marc\Nextcloud2\SalleURL\SDM\LS-SDM-P2-SONO\SDM-P2-FaseA.X\P2_FA_pic_8b_general.asm
                   NEXT_A   0x000176    program     static C:\Users\marc\Nextcloud2\SalleURL\SDM\LS-SDM-P2-SONO\SDM-P2-FaseA.X\P2_FA_pic_8b_general.asm
                   NEXT_D   0x000182    program     static C:\Users\marc\Nextcloud2\SalleURL\SDM\LS-SDM-P2-SONO\SDM-P2-FaseA.X\P2_FA_pic_8b_general.asm
                   NEXT_I   0x00018e    program     static C:\Users\marc\Nextcloud2\SalleURL\SDM\LS-SDM-P2-SONO\SDM-P2-FaseA.X\P2_FA_pic_8b_general.asm
                   NEXT_M   0x00019a    program     static C:\Users\marc\Nextcloud2\SalleURL\SDM\LS-SDM-P2-SONO\SDM-P2-FaseA.X\P2_FA_pic_8b_general.asm
                   NEXT_R   0x0001a6    program     static C:\Users\marc\Nextcloud2\SalleURL\SDM\LS-SDM-P2-SONO\SDM-P2-FaseA.X\P2_FA_pic_8b_general.asm
                   NEXT_S   0x0001b2    program     static C:\Users\marc\Nextcloud2\SalleURL\SDM\LS-SDM-P2-SONO\SDM-P2-FaseA.X\P2_FA_pic_8b_general.asm
                   NEXT_T   0x0001be    program     static C:\Users\marc\Nextcloud2\SalleURL\SDM\LS-SDM-P2-SONO\SDM-P2-FaseA.X\P2_FA_pic_8b_general.asm
                   NEXT_U   0x0001ca    program     static C:\Users\marc\Nextcloud2\SalleURL\SDM\LS-SDM-P2-SONO\SDM-P2-FaseA.X\P2_FA_pic_8b_general.asm
                   MODE_A   0x0001ce    program     static C:\Users\marc\Nextcloud2\SalleURL\SDM\LS-SDM-P2-SONO\SDM-P2-FaseA.X\P2_FA_pic_8b_general.asm
                   MODE_D   0x0001d6    program     static C:\Users\marc\Nextcloud2\SalleURL\SDM\LS-SDM-P2-SONO\SDM-P2-FaseA.X\P2_FA_pic_8b_general.asm
                   MODE_I   0x0001de    program     static C:\Users\marc\Nextcloud2\SalleURL\SDM\LS-SDM-P2-SONO\SDM-P2-FaseA.X\P2_FA_pic_8b_general.asm
                 LLEGIR_I   0x0001e6    program     static C:\Users\marc\Nextcloud2\SalleURL\SDM\LS-SDM-P2-SONO\SDM-P2-FaseA.X\P2_FA_pic_8b_general.asm
                 NO_ENTER   0x0001fe    program     static C:\Users\marc\Nextcloud2\SalleURL\SDM\LS-SDM-P2-SONO\SDM-P2-FaseA.X\P2_FA_pic_8b_general.asm
                 ACABAT_I   0x000208    program     static C:\Users\marc\Nextcloud2\SalleURL\SDM\LS-SDM-P2-SONO\SDM-P2-FaseA.X\P2_FA_pic_8b_general.asm
                   MODE_M   0x000218    program     static C:\Users\marc\Nextcloud2\SalleURL\SDM\LS-SDM-P2-SONO\SDM-P2-FaseA.X\P2_FA_pic_8b_general.asm
                   MODE_R   0x000226    program     static C:\Users\marc\Nextcloud2\SalleURL\SDM\LS-SDM-P2-SONO\SDM-P2-FaseA.X\P2_FA_pic_8b_general.asm
                BUCLE_NOM   0x000256    program     static C:\Users\marc\Nextcloud2\SalleURL\SDM\LS-SDM-P2-SONO\SDM-P2-FaseA.X\P2_FA_pic_8b_general.asm
             CONTINUA_NOM   0x000276    program     static C:\Users\marc\Nextcloud2\SalleURL\SDM\LS-SDM-P2-SONO\SDM-P2-FaseA.X\P2_FA_pic_8b_general.asm
           MOSTRA_MESURES   0x00027c    program     static C:\Users\marc\Nextcloud2\SalleURL\SDM\LS-SDM-P2-SONO\SDM-P2-FaseA.X\P2_FA_pic_8b_general.asm
                   MODE_S   0x0002c0    program     static C:\Users\marc\Nextcloud2\SalleURL\SDM\LS-SDM-P2-SONO\SDM-P2-FaseA.X\P2_FA_pic_8b_general.asm
                   MODE_T   0x0002c8    program     static C:\Users\marc\Nextcloud2\SalleURL\SDM\LS-SDM-P2-SONO\SDM-P2-FaseA.X\P2_FA_pic_8b_general.asm
                   MODE_U   0x0002d0    program     static C:\Users\marc\Nextcloud2\SalleURL\SDM\LS-SDM-P2-SONO\SDM-P2-FaseA.X\P2_FA_pic_8b_general.asm


