MPLINK 5.09, LINKER
Linker Map File - Created Tue Mar 16 18:42:08 2021

                                 Section Info
                  Section       Type    Address   Location Size(Bytes)
                ---------  ---------  ---------  ---------  ---------
                   .org_0       code   0x000000    program   0x000004
                   .cinit    romdata   0x000004    program   0x000002
                   .org_1       code   0x000008    program   0x000004
                   .org_2       code   0x000018    program   0x0002f0
.config_300001_BUILD/DEFAULT/PRODUCTION/P2_FA_P    romdata   0x300001    program   0x000001
.config_300003_BUILD/DEFAULT/PRODUCTION/P2_FA_P    romdata   0x300003    program   0x000001
.config_300005_BUILD/DEFAULT/PRODUCTION/P2_FA_P    romdata   0x300005    program   0x000001
.config_300006_BUILD/DEFAULT/PRODUCTION/P2_FA_P    romdata   0x300006    program   0x000001



                              Program Memory Usage 
                               Start         End      
                           ---------   ---------      
                            0x000000    0x000005      
                            0x000008    0x00000b      
                            0x000018    0x000307      
                            0x300001    0x300001      
                            0x300003    0x300003      
                            0x300005    0x300006      
            766 out of 8472 program addresses used, program memory utilization is 9%



                              Symbols - Sorted by Name
                     Name    Address   Location    Storage File                     
                ---------  ---------  ---------  --------- ---------                
                 ACABAT_I   0x000238    program     static C:\Users\marc\Nextcloud2\SalleURL\SDM\LS-SDM-P2-SONO\SDM-P2-FaseA.X\P2_FA_pic_8b_general.asm
                BUCLE_NOM   0x000286    program     static C:\Users\marc\Nextcloud2\SalleURL\SDM\LS-SDM-P2-SONO\SDM-P2-FaseA.X\P2_FA_pic_8b_general.asm
            CARREGA_TIMER   0x0000ea    program     static C:\Users\marc\Nextcloud2\SalleURL\SDM\LS-SDM-P2-SONO\SDM-P2-FaseA.X\P2_FA_pic_8b_general.asm
             CONTINUA_NOM   0x0002a6    program     static C:\Users\marc\Nextcloud2\SalleURL\SDM\LS-SDM-P2-SONO\SDM-P2-FaseA.X\P2_FA_pic_8b_general.asm
              EEPROM_READ   0x0000f4    program     static C:\Users\marc\Nextcloud2\SalleURL\SDM\LS-SDM-P2-SONO\SDM-P2-FaseA.X\P2_FA_pic_8b_general.asm
             EEPROM_WRITE   0x000104    program     static C:\Users\marc\Nextcloud2\SalleURL\SDM\LS-SDM-P2-SONO\SDM-P2-FaseA.X\P2_FA_pic_8b_general.asm
   ESPERA_EEPROM_ESCRIURE   0x000124    program     static C:\Users\marc\Nextcloud2\SalleURL\SDM\LS-SDM-P2-SONO\SDM-P2-FaseA.X\P2_FA_pic_8b_general.asm
                ESPERA_TX   0x000144    program     static C:\Users\marc\Nextcloud2\SalleURL\SDM\LS-SDM-P2-SONO\SDM-P2-FaseA.X\P2_FA_pic_8b_general.asm
                 HIGH_RSI   0x0000e0    program     static C:\Users\marc\Nextcloud2\SalleURL\SDM\LS-SDM-P2-SONO\SDM-P2-FaseA.X\P2_FA_pic_8b_general.asm
                INCR_10us   0x000132    program     static C:\Users\marc\Nextcloud2\SalleURL\SDM\LS-SDM-P2-SONO\SDM-P2-FaseA.X\P2_FA_pic_8b_general.asm
              INIT_EEPROM   0x000096    program     static C:\Users\marc\Nextcloud2\SalleURL\SDM\LS-SDM-P2-SONO\SDM-P2-FaseA.X\P2_FA_pic_8b_general.asm
              INIT_EUSART   0x000070    program     static C:\Users\marc\Nextcloud2\SalleURL\SDM\LS-SDM-P2-SONO\SDM-P2-FaseA.X\P2_FA_pic_8b_general.asm
             INIT_INTCONS   0x000086    program     static C:\Users\marc\Nextcloud2\SalleURL\SDM\LS-SDM-P2-SONO\SDM-P2-FaseA.X\P2_FA_pic_8b_general.asm
               INIT_PORTS   0x00001a    program     static C:\Users\marc\Nextcloud2\SalleURL\SDM\LS-SDM-P2-SONO\SDM-P2-FaseA.X\P2_FA_pic_8b_general.asm
               INIT_TIMER   0x000090    program     static C:\Users\marc\Nextcloud2\SalleURL\SDM\LS-SDM-P2-SONO\SDM-P2-FaseA.X\P2_FA_pic_8b_general.asm
                INIT_VARS   0x000042    program     static C:\Users\marc\Nextcloud2\SalleURL\SDM\LS-SDM-P2-SONO\SDM-P2-FaseA.X\P2_FA_pic_8b_general.asm
            LECTOR_EUSART   0x000172    program     static C:\Users\marc\Nextcloud2\SalleURL\SDM\LS-SDM-P2-SONO\SDM-P2-FaseA.X\P2_FA_pic_8b_general.asm
                 LLEGIR_I   0x000216    program     static C:\Users\marc\Nextcloud2\SalleURL\SDM\LS-SDM-P2-SONO\SDM-P2-FaseA.X\P2_FA_pic_8b_general.asm
                LLEGIR_RX   0x00014c    program     static C:\Users\marc\Nextcloud2\SalleURL\SDM\LS-SDM-P2-SONO\SDM-P2-FaseA.X\P2_FA_pic_8b_general.asm
                     LOOP   0x0000d6    program     static C:\Users\marc\Nextcloud2\SalleURL\SDM\LS-SDM-P2-SONO\SDM-P2-FaseA.X\P2_FA_pic_8b_general.asm
                     MAIN   0x0000ba    program     static C:\Users\marc\Nextcloud2\SalleURL\SDM\LS-SDM-P2-SONO\SDM-P2-FaseA.X\P2_FA_pic_8b_general.asm
                    MEDIR   0x00012c    program     static C:\Users\marc\Nextcloud2\SalleURL\SDM\LS-SDM-P2-SONO\SDM-P2-FaseA.X\P2_FA_pic_8b_general.asm
                   MODE_A   0x0001f0    program     static C:\Users\marc\Nextcloud2\SalleURL\SDM\LS-SDM-P2-SONO\SDM-P2-FaseA.X\P2_FA_pic_8b_general.asm
                   MODE_D   0x0001f8    program     static C:\Users\marc\Nextcloud2\SalleURL\SDM\LS-SDM-P2-SONO\SDM-P2-FaseA.X\P2_FA_pic_8b_general.asm
                   MODE_I   0x00020e    program     static C:\Users\marc\Nextcloud2\SalleURL\SDM\LS-SDM-P2-SONO\SDM-P2-FaseA.X\P2_FA_pic_8b_general.asm
                   MODE_M   0x000248    program     static C:\Users\marc\Nextcloud2\SalleURL\SDM\LS-SDM-P2-SONO\SDM-P2-FaseA.X\P2_FA_pic_8b_general.asm
                   MODE_R   0x000256    program     static C:\Users\marc\Nextcloud2\SalleURL\SDM\LS-SDM-P2-SONO\SDM-P2-FaseA.X\P2_FA_pic_8b_general.asm
                   MODE_S   0x0002f0    program     static C:\Users\marc\Nextcloud2\SalleURL\SDM\LS-SDM-P2-SONO\SDM-P2-FaseA.X\P2_FA_pic_8b_general.asm
                   MODE_T   0x0002f8    program     static C:\Users\marc\Nextcloud2\SalleURL\SDM\LS-SDM-P2-SONO\SDM-P2-FaseA.X\P2_FA_pic_8b_general.asm
                   MODE_U   0x000300    program     static C:\Users\marc\Nextcloud2\SalleURL\SDM\LS-SDM-P2-SONO\SDM-P2-FaseA.X\P2_FA_pic_8b_general.asm
           MOSTRA_MESURES   0x0002ac    program     static C:\Users\marc\Nextcloud2\SalleURL\SDM\LS-SDM-P2-SONO\SDM-P2-FaseA.X\P2_FA_pic_8b_general.asm
                 MirarRB1   0x000206    program     static C:\Users\marc\Nextcloud2\SalleURL\SDM\LS-SDM-P2-SONO\SDM-P2-FaseA.X\P2_FA_pic_8b_general.asm
                   NEXT_A   0x000194    program     static C:\Users\marc\Nextcloud2\SalleURL\SDM\LS-SDM-P2-SONO\SDM-P2-FaseA.X\P2_FA_pic_8b_general.asm
                   NEXT_D   0x0001a0    program     static C:\Users\marc\Nextcloud2\SalleURL\SDM\LS-SDM-P2-SONO\SDM-P2-FaseA.X\P2_FA_pic_8b_general.asm
                   NEXT_I   0x0001ac    program     static C:\Users\marc\Nextcloud2\SalleURL\SDM\LS-SDM-P2-SONO\SDM-P2-FaseA.X\P2_FA_pic_8b_general.asm
                   NEXT_M   0x0001b8    program     static C:\Users\marc\Nextcloud2\SalleURL\SDM\LS-SDM-P2-SONO\SDM-P2-FaseA.X\P2_FA_pic_8b_general.asm
                   NEXT_R   0x0001c4    program     static C:\Users\marc\Nextcloud2\SalleURL\SDM\LS-SDM-P2-SONO\SDM-P2-FaseA.X\P2_FA_pic_8b_general.asm
                   NEXT_S   0x0001d0    program     static C:\Users\marc\Nextcloud2\SalleURL\SDM\LS-SDM-P2-SONO\SDM-P2-FaseA.X\P2_FA_pic_8b_general.asm
                   NEXT_T   0x0001dc    program     static C:\Users\marc\Nextcloud2\SalleURL\SDM\LS-SDM-P2-SONO\SDM-P2-FaseA.X\P2_FA_pic_8b_general.asm
                   NEXT_U   0x0001e8    program     static C:\Users\marc\Nextcloud2\SalleURL\SDM\LS-SDM-P2-SONO\SDM-P2-FaseA.X\P2_FA_pic_8b_general.asm
                 NO_ENTER   0x00022e    program     static C:\Users\marc\Nextcloud2\SalleURL\SDM\LS-SDM-P2-SONO\SDM-P2-FaseA.X\P2_FA_pic_8b_general.asm
                 TX_ENTER   0x000160    program     static C:\Users\marc\Nextcloud2\SalleURL\SDM\LS-SDM-P2-SONO\SDM-P2-FaseA.X\P2_FA_pic_8b_general.asm



                              Symbols - Sorted by Address
                     Name    Address   Location    Storage File                     
                ---------  ---------  ---------  --------- ---------                
               INIT_PORTS   0x00001a    program     static C:\Users\marc\Nextcloud2\SalleURL\SDM\LS-SDM-P2-SONO\SDM-P2-FaseA.X\P2_FA_pic_8b_general.asm
                INIT_VARS   0x000042    program     static C:\Users\marc\Nextcloud2\SalleURL\SDM\LS-SDM-P2-SONO\SDM-P2-FaseA.X\P2_FA_pic_8b_general.asm
              INIT_EUSART   0x000070    program     static C:\Users\marc\Nextcloud2\SalleURL\SDM\LS-SDM-P2-SONO\SDM-P2-FaseA.X\P2_FA_pic_8b_general.asm
             INIT_INTCONS   0x000086    program     static C:\Users\marc\Nextcloud2\SalleURL\SDM\LS-SDM-P2-SONO\SDM-P2-FaseA.X\P2_FA_pic_8b_general.asm
               INIT_TIMER   0x000090    program     static C:\Users\marc\Nextcloud2\SalleURL\SDM\LS-SDM-P2-SONO\SDM-P2-FaseA.X\P2_FA_pic_8b_general.asm
              INIT_EEPROM   0x000096    program     static C:\Users\marc\Nextcloud2\SalleURL\SDM\LS-SDM-P2-SONO\SDM-P2-FaseA.X\P2_FA_pic_8b_general.asm
                     MAIN   0x0000ba    program     static C:\Users\marc\Nextcloud2\SalleURL\SDM\LS-SDM-P2-SONO\SDM-P2-FaseA.X\P2_FA_pic_8b_general.asm
                     LOOP   0x0000d6    program     static C:\Users\marc\Nextcloud2\SalleURL\SDM\LS-SDM-P2-SONO\SDM-P2-FaseA.X\P2_FA_pic_8b_general.asm
                 HIGH_RSI   0x0000e0    program     static C:\Users\marc\Nextcloud2\SalleURL\SDM\LS-SDM-P2-SONO\SDM-P2-FaseA.X\P2_FA_pic_8b_general.asm
            CARREGA_TIMER   0x0000ea    program     static C:\Users\marc\Nextcloud2\SalleURL\SDM\LS-SDM-P2-SONO\SDM-P2-FaseA.X\P2_FA_pic_8b_general.asm
              EEPROM_READ   0x0000f4    program     static C:\Users\marc\Nextcloud2\SalleURL\SDM\LS-SDM-P2-SONO\SDM-P2-FaseA.X\P2_FA_pic_8b_general.asm
             EEPROM_WRITE   0x000104    program     static C:\Users\marc\Nextcloud2\SalleURL\SDM\LS-SDM-P2-SONO\SDM-P2-FaseA.X\P2_FA_pic_8b_general.asm
   ESPERA_EEPROM_ESCRIURE   0x000124    program     static C:\Users\marc\Nextcloud2\SalleURL\SDM\LS-SDM-P2-SONO\SDM-P2-FaseA.X\P2_FA_pic_8b_general.asm
                    MEDIR   0x00012c    program     static C:\Users\marc\Nextcloud2\SalleURL\SDM\LS-SDM-P2-SONO\SDM-P2-FaseA.X\P2_FA_pic_8b_general.asm
                INCR_10us   0x000132    program     static C:\Users\marc\Nextcloud2\SalleURL\SDM\LS-SDM-P2-SONO\SDM-P2-FaseA.X\P2_FA_pic_8b_general.asm
                ESPERA_TX   0x000144    program     static C:\Users\marc\Nextcloud2\SalleURL\SDM\LS-SDM-P2-SONO\SDM-P2-FaseA.X\P2_FA_pic_8b_general.asm
                LLEGIR_RX   0x00014c    program     static C:\Users\marc\Nextcloud2\SalleURL\SDM\LS-SDM-P2-SONO\SDM-P2-FaseA.X\P2_FA_pic_8b_general.asm
                 TX_ENTER   0x000160    program     static C:\Users\marc\Nextcloud2\SalleURL\SDM\LS-SDM-P2-SONO\SDM-P2-FaseA.X\P2_FA_pic_8b_general.asm
            LECTOR_EUSART   0x000172    program     static C:\Users\marc\Nextcloud2\SalleURL\SDM\LS-SDM-P2-SONO\SDM-P2-FaseA.X\P2_FA_pic_8b_general.asm
                   NEXT_A   0x000194    program     static C:\Users\marc\Nextcloud2\SalleURL\SDM\LS-SDM-P2-SONO\SDM-P2-FaseA.X\P2_FA_pic_8b_general.asm
                   NEXT_D   0x0001a0    program     static C:\Users\marc\Nextcloud2\SalleURL\SDM\LS-SDM-P2-SONO\SDM-P2-FaseA.X\P2_FA_pic_8b_general.asm
                   NEXT_I   0x0001ac    program     static C:\Users\marc\Nextcloud2\SalleURL\SDM\LS-SDM-P2-SONO\SDM-P2-FaseA.X\P2_FA_pic_8b_general.asm
                   NEXT_M   0x0001b8    program     static C:\Users\marc\Nextcloud2\SalleURL\SDM\LS-SDM-P2-SONO\SDM-P2-FaseA.X\P2_FA_pic_8b_general.asm
                   NEXT_R   0x0001c4    program     static C:\Users\marc\Nextcloud2\SalleURL\SDM\LS-SDM-P2-SONO\SDM-P2-FaseA.X\P2_FA_pic_8b_general.asm
                   NEXT_S   0x0001d0    program     static C:\Users\marc\Nextcloud2\SalleURL\SDM\LS-SDM-P2-SONO\SDM-P2-FaseA.X\P2_FA_pic_8b_general.asm
                   NEXT_T   0x0001dc    program     static C:\Users\marc\Nextcloud2\SalleURL\SDM\LS-SDM-P2-SONO\SDM-P2-FaseA.X\P2_FA_pic_8b_general.asm
                   NEXT_U   0x0001e8    program     static C:\Users\marc\Nextcloud2\SalleURL\SDM\LS-SDM-P2-SONO\SDM-P2-FaseA.X\P2_FA_pic_8b_general.asm
                   MODE_A   0x0001f0    program     static C:\Users\marc\Nextcloud2\SalleURL\SDM\LS-SDM-P2-SONO\SDM-P2-FaseA.X\P2_FA_pic_8b_general.asm
                   MODE_D   0x0001f8    program     static C:\Users\marc\Nextcloud2\SalleURL\SDM\LS-SDM-P2-SONO\SDM-P2-FaseA.X\P2_FA_pic_8b_general.asm
                 MirarRB1   0x000206    program     static C:\Users\marc\Nextcloud2\SalleURL\SDM\LS-SDM-P2-SONO\SDM-P2-FaseA.X\P2_FA_pic_8b_general.asm
                   MODE_I   0x00020e    program     static C:\Users\marc\Nextcloud2\SalleURL\SDM\LS-SDM-P2-SONO\SDM-P2-FaseA.X\P2_FA_pic_8b_general.asm
                 LLEGIR_I   0x000216    program     static C:\Users\marc\Nextcloud2\SalleURL\SDM\LS-SDM-P2-SONO\SDM-P2-FaseA.X\P2_FA_pic_8b_general.asm
                 NO_ENTER   0x00022e    program     static C:\Users\marc\Nextcloud2\SalleURL\SDM\LS-SDM-P2-SONO\SDM-P2-FaseA.X\P2_FA_pic_8b_general.asm
                 ACABAT_I   0x000238    program     static C:\Users\marc\Nextcloud2\SalleURL\SDM\LS-SDM-P2-SONO\SDM-P2-FaseA.X\P2_FA_pic_8b_general.asm
                   MODE_M   0x000248    program     static C:\Users\marc\Nextcloud2\SalleURL\SDM\LS-SDM-P2-SONO\SDM-P2-FaseA.X\P2_FA_pic_8b_general.asm
                   MODE_R   0x000256    program     static C:\Users\marc\Nextcloud2\SalleURL\SDM\LS-SDM-P2-SONO\SDM-P2-FaseA.X\P2_FA_pic_8b_general.asm
                BUCLE_NOM   0x000286    program     static C:\Users\marc\Nextcloud2\SalleURL\SDM\LS-SDM-P2-SONO\SDM-P2-FaseA.X\P2_FA_pic_8b_general.asm
             CONTINUA_NOM   0x0002a6    program     static C:\Users\marc\Nextcloud2\SalleURL\SDM\LS-SDM-P2-SONO\SDM-P2-FaseA.X\P2_FA_pic_8b_general.asm
           MOSTRA_MESURES   0x0002ac    program     static C:\Users\marc\Nextcloud2\SalleURL\SDM\LS-SDM-P2-SONO\SDM-P2-FaseA.X\P2_FA_pic_8b_general.asm
                   MODE_S   0x0002f0    program     static C:\Users\marc\Nextcloud2\SalleURL\SDM\LS-SDM-P2-SONO\SDM-P2-FaseA.X\P2_FA_pic_8b_general.asm
                   MODE_T   0x0002f8    program     static C:\Users\marc\Nextcloud2\SalleURL\SDM\LS-SDM-P2-SONO\SDM-P2-FaseA.X\P2_FA_pic_8b_general.asm
                   MODE_U   0x000300    program     static C:\Users\marc\Nextcloud2\SalleURL\SDM\LS-SDM-P2-SONO\SDM-P2-FaseA.X\P2_FA_pic_8b_general.asm


